<html>
<body>
<pre>
<h1>µVision Build Log</h1>
<h2>Tool Versions:</h2>
IDE-Version: ¦ÌVision V5.39.0.0
Copyright (C) 2023 ARM Ltd and ARM Germany GmbH. All rights reserved.
License Information: 1 Karl, 11, LIC=32B1Q-N7TGY-VE9HA-15YZH-4SU4I-HGY55
 
Tool Versions:
Toolchain:       MDK-ARM Plus  Version: 5.39.0.0
Toolchain Path:  C:\Keil_v5\ARM\ARMCC\Bin
C Compiler:      Armcc.exe V5.06 update 5 (build 528)
Assembler:       Armasm.exe V5.06 update 5 (build 528)
Linker/Locator:  ArmLink.exe V5.06 update 5 (build 528)
Library Manager: ArmAr.exe V5.06 update 5 (build 528)
Hex Converter:   FromElf.exe V5.06 update 5 (build 528)
CPU DLL:         SARMCM3.DLL V5.39.0.0
Dialog DLL:      DCM.DLL V1.17.5.0
Target DLL:      CMSIS_AGDI.dll V1.33.16.0
Dialog DLL:      TCM.DLL V1.56.4.0
 
<h2>Project:</h2>
E:\Desktop\APM32\APM32E_Master_Node\APM32E_Master_Node.uvprojx
Project File Date:  08/08/2025

<h2>Output:</h2>
*** Using Compiler 'V5.06 update 5 (build 528)', folder: 'C:\Keil_v5\ARM\ARMCC\Bin'
Build target 'Target 1'
compiling ui_state_machine.c...
APP\ui_state_machine.c(15): warning:  #188-D: enumerated type mixed with another type
  static ui_context_t g_ui_context = {0};
APP\ui_state_machine.c(305): warning:  #1182-D: a declaration cannot have a label
              int new_index = ctx->selected_station;
APP\ui_state_machine.c(386): warning:  #1182-D: a declaration cannot have a label
              int new_index = ctx->selected_mode;
APP\ui_state_machine.c(429): warning:  #1182-D: a declaration cannot have a label
              int new_index = ctx->selected_item;
APP\ui_state_machine.c: 4 warnings, 0 errors
linking...
Program Size: Code=84424 RO-data=112388 RW-data=524 ZI-data=109660  
".\Objects\APM32E_Master_Node.axf" - 0 Error(s), 4 Warning(s).

<h2>Software Packages used:</h2>

Package Vendor: Geehy
                https://www.geehy.com/uploads/tool/Geehy.APM32E1xx_DFP.1.0.3.pack
                Geehy::APM32E1xx_DFP@1.0.3
                Geehy Semiconductor APM32E1 Series Device Support, Drivers and Examples

<h2>Collection of Component include folders:</h2>
  D:/keil_pack/Geehy/APM32E1xx_DFP/1.0.3/Device/Include

<h2>Collection of Component Files used:</h2>
Build Time Elapsed:  00:00:07
</pre>
</body>
</html>
