Component: ARM Compiler 5.06 update 5 (build 528) Tool: armlink [4d35e2]

==============================================================================

Section Cross References

    main.o(i.ADC_Init_Once) refers to apm32e10x_rcm.o(i.RCM_EnableAPB2PeriphClock) for RCM_EnableAPB2PeriphClock
    main.o(i.ADC_Init_Once) refers to apm32e10x_gpio.o(i.GPIO_ConfigStructInit) for GPIO_ConfigStructInit
    main.o(i.ADC_Init_Once) refers to apm32e10x_gpio.o(i.GPIO_Config) for GPIO_Config
    main.o(i.ADC_Init_Once) refers to apm32e10x_adc.o(i.ADC_ConfigStructInit) for ADC_ConfigStructInit
    main.o(i.ADC_Init_Once) refers to apm32e10x_adc.o(i.ADC_Config) for ADC_Config
    main.o(i.ADC_Init_Once) refers to apm32e10x_adc.o(i.ADC_Enable) for ADC_Enable
    main.o(i.ADC_Init_Once) refers to main.o(.data) for adc_initialized
    main.o(i.ADC_ReadChannel) refers to main.o(i.ADC_Init_Once) for ADC_Init_Once
    main.o(i.ADC_ReadChannel) refers to apm32e10x_adc.o(i.ADC_ConfigRegularChannel) for ADC_ConfigRegularChannel
    main.o(i.ADC_ReadChannel) refers to apm32e10x_adc.o(i.ADC_EnableSoftwareStartConv) for ADC_EnableSoftwareStartConv
    main.o(i.ADC_ReadChannel) refers to apm32e10x_adc.o(i.ADC_ReadStatusFlag) for ADC_ReadStatusFlag
    main.o(i.ADC_ReadChannel) refers to apm32e10x_adc.o(i.ADC_ReadConversionValue) for ADC_ReadConversionValue
    main.o(i.UserTaskCreate) refers to tasks.o(i.xTaskCreate) for xTaskCreate
    main.o(i.UserTaskCreate) refers to main.o(.data) for xHandleTaskLedToggle
    main.o(i.UserTaskCreate) refers to charging_station_ui.o(i.charging_station_ui_task) for charging_station_ui_task
    main.o(i.UserTaskCreate) refers to main.o(i.vTaskUsartTest) for vTaskUsartTest
    main.o(i.main) refers to system_apm32e10x.o(i.SystemInit) for SystemInit
    main.o(i.main) refers to my_init.o(i.GPIO_INIT) for GPIO_INIT
    main.o(i.main) refers to board.o(i.APM_MINI_LEDInit) for APM_MINI_LEDInit
    main.o(i.main) refers to my_init.o(i.USART_Init) for USART_Init
    main.o(i.main) refers to my_init.o(i.USART2_DMA_RX_Init) for USART2_DMA_RX_Init
    main.o(i.main) refers to charge_control.o(i.IIC_GPIO_Config) for IIC_GPIO_Config
    main.o(i.main) refers to main.o(i.UserTaskCreate) for UserTaskCreate
    main.o(i.main) refers to tasks.o(i.vTaskStartScheduler) for vTaskStartScheduler
    main.o(i.main) refers to board.o(i.APM_MINI_LEDToggle) for APM_MINI_LEDToggle
    main.o(i.vTaskUsartTest) refers to main.o(i.ADC_Init_Once) for ADC_Init_Once
    main.o(i.vTaskUsartTest) refers to main.o(i.ADC_ReadChannel) for ADC_ReadChannel
    main.o(i.vTaskUsartTest) refers to fflt_clz.o(x$fpl$ffltu) for __aeabi_ui2f
    main.o(i.vTaskUsartTest) refers to fdiv.o(x$fpl$fdiv) for __aeabi_fdiv
    main.o(i.vTaskUsartTest) refers to f2d.o(x$fpl$f2d) for __aeabi_f2d
    main.o(i.vTaskUsartTest) refers to dmul.o(x$fpl$dmul) for __aeabi_dmul
    main.o(i.vTaskUsartTest) refers to ddiv.o(x$fpl$ddiv) for __aeabi_ddiv
    main.o(i.vTaskUsartTest) refers to d2f.o(x$fpl$d2f) for __aeabi_d2f
    main.o(i.vTaskUsartTest) refers to fmul.o(x$fpl$fmul) for __aeabi_fmul
    main.o(i.vTaskUsartTest) refers to rs485.o(i.RS485_Master_Receive_Process) for RS485_Master_Receive_Process
    main.o(i.vTaskUsartTest) refers to tasks.o(i.vTaskDelay) for vTaskDelay
    main.o(i.vTaskUsartTest) refers to main.o(.data) for adc_pa1
    main.o(i.vTaskUsartTest) refers to charging_station_ui.o(.bss) for stations
    system_apm32e10x.o(i.SystemClockConfig) refers to system_apm32e10x.o(i.SystemClock120M) for SystemClock120M
    system_apm32e10x.o(i.SystemCoreClockUpdate) refers to system_apm32e10x.o(.data) for SystemCoreClock
    system_apm32e10x.o(i.SystemInit) refers to system_apm32e10x.o(i.SystemClockConfig) for SystemClockConfig
    my_init.o(i.GPIO_INIT) refers to apm32e10x_rcm.o(i.RCM_EnableAPB2PeriphClock) for RCM_EnableAPB2PeriphClock
    my_init.o(i.GPIO_INIT) refers to apm32e10x_gpio.o(i.GPIO_Config) for GPIO_Config
    my_init.o(i.GPIO_INIT) refers to apm32e10x_gpio.o(i.GPIO_ResetBit) for GPIO_ResetBit
    my_init.o(i.USART2_DMA_RX_Init) refers to apm32e10x_rcm.o(i.RCM_EnableAPB1PeriphClock) for RCM_EnableAPB1PeriphClock
    my_init.o(i.USART2_DMA_RX_Init) refers to apm32e10x_rcm.o(i.RCM_EnableAHBPeriphClock) for RCM_EnableAHBPeriphClock
    my_init.o(i.USART2_DMA_RX_Init) refers to apm32e10x_dma.o(i.DMA_ConfigStructInit) for DMA_ConfigStructInit
    my_init.o(i.USART2_DMA_RX_Init) refers to apm32e10x_dma.o(i.DMA_Config) for DMA_Config
    my_init.o(i.USART2_DMA_RX_Init) refers to apm32e10x_dma.o(i.DMA_Enable) for DMA_Enable
    my_init.o(i.USART2_DMA_RX_Init) refers to apm32e10x_usart.o(i.USART_EnableDMA) for USART_EnableDMA
    my_init.o(i.USART2_DMA_RX_Init) refers to apm32e10x_usart.o(i.USART_EnableInterrupt) for USART_EnableInterrupt
    my_init.o(i.USART2_DMA_RX_Init) refers to my_init.o(i.__NVIC_SetPriority) for __NVIC_SetPriority
    my_init.o(i.USART2_DMA_RX_Init) refers to my_init.o(i.__NVIC_EnableIRQ) for __NVIC_EnableIRQ
[...]
    pxCurrentTimerList                       0x20000090   Data           4  timers.o(.data)
    pxOverflowTimerList                      0x20000094   Data           4  timers.o(.data)
    xTimerQueue                              0x20000098   Data           4  timers.o(.data)
    xTimerTaskHandle                         0x2000009c   Data           4  timers.o(.data)
    xLastTime                                0x200000a0   Data           4  timers.o(.data)
    .data                                    0x200000a4   Section       32  heap_4.o(.data)
    xStart                                   0x200000a4   Data           8  heap_4.o(.data)
    pxEnd                                    0x200000ac   Data           4  heap_4.o(.data)
    xFreeBytesRemaining                      0x200000b0   Data           4  heap_4.o(.data)
    xMinimumEverFreeBytesRemaining           0x200000b4   Data           4  heap_4.o(.data)
    xNumberOfSuccessfulAllocations           0x200000b8   Data           4  heap_4.o(.data)
    xNumberOfSuccessfulFrees                 0x200000bc   Data           4  heap_4.o(.data)
    xBlockAllocatedBit                       0x200000c0   Data           4  heap_4.o(.data)
    .data                                    0x200000c4   Section        4  port.o(.data)
    uxCriticalNesting                        0x200000c4   Data           4  port.o(.data)
    .data                                    0x200000c8   Section     4686  lcd.o(.data)
    .data                                    0x20001318   Section       28  rs485.o(.data)
    .data                                    0x20001334   Section       67  charging_station_ui.o(.data)
    system_total_power                       0x20001334   Data           2  charging_station_ui.o(.data)
    system_used_power                        0x20001336   Data           2  charging_station_ui.o(.data)
    selected_station                         0x20001339   Data           1  charging_station_ui.o(.data)
    charging_on                              0x2000133b   Data           1  charging_station_ui.o(.data)
    last_selected_station                    0x2000133c   Data           1  charging_station_ui.o(.data)
    last_menu_selected                       0x2000133d   Data           1  charging_station_ui.o(.data)
    menu_selected                            0x2000133e   Data           1  charging_station_ui.o(.data)
    menu_items                               0x20001340   Data          24  charging_station_ui.o(.data)
    menu_items_count                         0x20001358   Data           1  charging_station_ui.o(.data)
    charge_mode_selected                     0x20001359   Data           1  charging_station_ui.o(.data)
    charge_progress                          0x2000135a   Data           1  charging_station_ui.o(.data)
    last_charge_mode_selected                0x2000135b   Data           1  charging_station_ui.o(.data)
    last_voltage                             0x2000135c   Data           4  charging_station_ui.o(.data)
    last_current                             0x20001360   Data           4  charging_station_ui.o(.data)
    last_power                               0x20001364   Data           4  charging_station_ui.o(.data)
    last_discharge_voltage                   0x20001368   Data           4  charging_station_ui.o(.data)
    last_discharge_current                   0x2000136c   Data           4  charging_station_ui.o(.data)
    last_discharge_power                     0x20001370   Data           4  charging_station_ui.o(.data)
    .bss                                     0x20001378   Section      128  my_init.o(.bss)
    .bss                                     0x200013f8   Section       64  queue.o(.bss)
    .bss                                     0x20001438   Section      200  tasks.o(.bss)
    pxReadyTasksLists                        0x20001438   Data         100  tasks.o(.bss)
    xDelayedTaskList1                        0x2000149c   Data          20  tasks.o(.bss)
    xDelayedTaskList2                        0x200014b0   Data          20  tasks.o(.bss)
    xPendingReadyList                        0x200014c4   Data          20  tasks.o(.bss)
    xTasksWaitingTermination                 0x200014d8   Data          20  tasks.o(.bss)
    xSuspendedTaskList                       0x200014ec   Data          20  tasks.o(.bss)
    .bss                                     0x20001500   Section       40  timers.o(.bss)
    xActiveTimerList1                        0x20001500   Data          20  timers.o(.bss)
    xActiveTimerList2                        0x20001514   Data          20  timers.o(.bss)
    .bss                                     0x20001528   Section    76800  heap_4.o(.bss)
    ucHeap                                   0x20001528   Data       76800  heap_4.o(.bss)
    .bss                                     0x20014128   Section       14  lcd.o(.bss)
    .bss                                     0x20014138   Section      128  charging_station_ui.o(.bss)
    .bss                                     0x200141b8   Section       96  libspace.o(.bss)
    HEAP                                     0x20014218   Section      512  startup_apm32e10x_hd.o(HEAP)
    Heap_Mem                                 0x20014218   Data         512  startup_apm32e10x_hd.o(HEAP)
    STACK                                    0x20014418   Section     1024  startup_apm32e10x_hd.o(STACK)
    Stack_Mem                                0x20014418   Data        1024  startup_apm32e10x_hd.o(STACK)
    __initial_sp                             0x20014818   Data           0  startup_apm32e10x_hd.o(STACK)

    Global Symbols

    Symbol Name                              Value     Ov Type        Size  Object(Section)

    BuildAttributes$$THM_ISAv4$P$D$K$B$S$PE$A:L22UL41UL21$X:L11$S22US41US21$IEEE1$IW$USESV6$~STKCKD$USESV7$~SHL$OTIME$ROPI$IEEEJ$EBA8$UX$STANDARDLIB$REQ8$PRES8$EABIv2 0x00000000   Number         0  anon$$obj.o ABSOLUTE
    __ARM_use_no_argv                        0x00000000   Number         0  main.o ABSOLUTE
    _printf_flags                            0x00000000   Number         0  printf_stubs.o ABSOLUTE
    _printf_return_value                     0x00000000   Number         0  printf_stubs.o ABSOLUTE
    _printf_sizespec                         0x00000000   Number         0  printf_stubs.o ABSOLUTE
    _printf_widthprec                        0x00000000   Number         0  printf_stubs.o ABSOLUTE
    __ARM_exceptions_init                     - Undefined Weak Reference
    __alloca_initialize                       - Undefined Weak Reference
    __arm_preinit_                            - Undefined Weak Reference
    __cpp_initialize__aeabi_                  - Undefined Weak Reference
    __cxa_finalize                            - Undefined Weak Reference
    __sigvec_lookup                           - Undefined Weak Reference
    __user_heap_extent                        - Undefined Weak Reference
    _atexit_init                              - Undefined Weak Reference
    _call_atexit_fns                          - Undefined Weak Reference
    _clock_init                               - Undefined Weak Reference
    _fp_trap_init                             - Undefined Weak Reference
    _fp_trap_shutdown                         - Undefined Weak Reference
    _get_lc_collate                           - Undefined Weak Reference
    _get_lc_ctype                             - Undefined Weak Reference
    _get_lc_monetary                          - Undefined Weak Reference
    _get_lc_time                              - Undefined Weak Reference
    _getenv_init                              - Undefined Weak Reference
    _handle_redirection                       - Undefined Weak Reference
    _mutex_acquire                            - Undefined Weak Reference
    _mutex_free                               - Undefined Weak Reference
    _mutex_release                            - Undefined Weak Reference
    _printf_truncate_signed                   - Undefined Weak Reference
    _printf_truncate_unsigned                 - Undefined Weak Reference
    _rand_init                                - Undefined Weak Reference
    _signal_finish                            - Undefined Weak Reference
    _signal_init                              - Undefined Weak Reference
    __Vectors_Size                           0x00000144   Number         0  startup_apm32e10x_hd.o ABSOLUTE
    __Vectors                                0x08000000   Data           4  startup_apm32e10x_hd.o(RESET)
    __Vectors_End                            0x08000144   Data           0  startup_apm32e10x_hd.o(RESET)
    __main                                   0x08000145   Thumb Code     8  __main.o(!!!main)
    __scatterload                            0x0800014d   Thumb Code     0  __scatter.o(!!!scatter)
    __scatterload_rt2                        0x0800014d   Thumb Code    44  __scatter.o(!!!scatter)
    __scatterload_rt2_thumb_only             0x0800014d   Thumb Code     0  __scatter.o(!!!scatter)
    __scatterload_null                       0x0800015b   Thumb Code     0  __scatter.o(!!!scatter)
    __decompress                             0x08000181   Thumb Code    90  __dczerorl2.o(!!dczerorl2)
    __decompress1                            0x08000181   Thumb Code     0  __dczerorl2.o(!!dczerorl2)
    __scatterload_zeroinit                   0x080001dd   Thumb Code    28  __scatter_zi.o(!!handler_zi)
    _printf_f                                0x080001f9   Thumb Code     0  _printf_f.o(.ARM.Collect$$_printf_percent$$00000003)
    _printf_percent                          0x080001f9   Thumb Code     0  _printf_percent.o(.ARM.Collect$$_printf_percent$$00000000)
    _printf_d                                0x080001ff   Thumb Code     0  _printf_d.o(.ARM.Collect$$_printf_percent$$00000009)
    _printf_percent_end                      0x08000205   Thumb Code     0  _printf_percent_end.o(.ARM.Collect$$_printf_percent$$00000017)
    __rt_lib_init                            0x08000209   Thumb Code     0  libinit.o(.ARM.Collect$$libinit$$00000000)
    __rt_lib_init_fp_1                       0x0800020b   Thumb Code     0  libinit2.o(.ARM.Collect$$libinit$$00000002)
    __rt_lib_init_heap_1                     0x0800020b   Thumb Code     0  libinit2.o(.ARM.Collect$$libinit$$0000000A)
    __rt_lib_init_lc_common                  0x0800020b   Thumb Code     0  libinit2.o(.ARM.Collect$$libinit$$0000000F)
    __rt_lib_init_preinit_1                  0x0800020b   Thumb Code     0  libinit2.o(.ARM.Collect$$libinit$$00000004)
    __rt_lib_init_rand_1                     0x0800020b   Thumb Code     0  libinit2.o(.ARM.Collect$$libinit$$0000000E)
    __rt_lib_init_user_alloc_1               0x0800020b   Thumb Code     0  libinit2.o(.ARM.Collect$$libinit$$0000000C)
    __rt_lib_init_lc_collate_1               0x08000211   Thumb Code     0  libinit2.o(.ARM.Collect$$libinit$$00000011)
    __rt_lib_init_lc_ctype_1                 0x08000211   Thumb Code     0  libinit2.o(.ARM.Collect$$libinit$$00000013)
    __rt_lib_init_lc_monetary_1              0x08000211   Thumb Code     0  libinit2.o(.ARM.Collect$$libinit$$00000015)
    __rt_lib_init_lc_numeric_2               0x08000211   Thumb Code     0  libinit2.o(.ARM.Collect$$libinit$$00000016)
    __rt_lib_init_alloca_1                   0x0800021b   Thumb Code     0  libinit2.o(.ARM.Collect$$libinit$$0000002E)
    __rt_lib_init_argv_1                     0x0800021b   Thumb Code     0  libinit2.o(.ARM.Collect$$libinit$$0000002C)
    __rt_lib_init_atexit_1                   0x0800021b   Thumb Code     0  libinit2.o(.ARM.Collect$$libinit$$0000001B)
    __rt_lib_init_clock_1                    0x0800021b   Thumb Code     0  libinit2.o(.ARM.Collect$$libinit$$00000021)
    __rt_lib_init_cpp_1                      0x0800021b   Thumb Code     0  libinit2.o(.ARM.Collect$$libinit$$00000032)
    __rt_lib_init_exceptions_1               0x0800021b   Thumb Code     0  libinit2.o(.ARM.Collect$$libinit$$00000030)
    __rt_lib_init_fp_trap_1                  0x0800021b   Thumb Code     0  libinit2.o(.ARM.Collect$$libinit$$0000001F)
    __rt_lib_init_getenv_1                   0x0800021b   Thumb Code     0  libinit2.o(.ARM.Collect$$libinit$$00000023)
    __rt_lib_init_lc_numeric_1               0x0800021b   Thumb Code     0  libinit2.o(.ARM.Collect$$libinit$$00000017)
    __rt_lib_init_lc_time_1                  0x0800021b   Thumb Code     0  libinit2.o(.ARM.Collect$$libinit$$00000019)
    __rt_lib_init_return                     0x0800021b   Thumb Code     0  libinit2.o(.ARM.Collect$$libinit$$00000033)
    __rt_lib_init_signal_1                   0x0800021b   Thumb Code     0  libinit2.o(.ARM.Collect$$libinit$$0000001D)
    __rt_lib_init_stdio_1                    0x0800021b   Thumb Code     0  libinit2.o(.ARM.Collect$$libinit$$00000025)
    __rt_lib_shutdown                        0x0800021d   Thumb Code     0  libshutdown.o(.ARM.Collect$$libshutdown$$00000000)
    __rt_lib_shutdown_cpp_1                  0x0800021f   Thumb Code     0  libshutdown2.o(.ARM.Collect$$libshutdown$$00000002)
    __rt_lib_shutdown_fp_trap_1              0x0800021f   Thumb Code     0  libshutdown2.o(.ARM.Collect$$libshutdown$$00000007)
    __rt_lib_shutdown_heap_1                 0x0800021f   Thumb Code     0  libshutdown2.o(.ARM.Collect$$libshutdown$$0000000F)
    __rt_lib_shutdown_return                 0x0800021f   Thumb Code     0  libshutdown2.o(.ARM.Collect$$libshutdown$$00000010)
    __rt_lib_shutdown_signal_1               0x0800021f   Thumb Code     0  libshutdown2.o(.ARM.Collect$$libshutdown$$0000000A)
    __rt_lib_shutdown_stdio_1                0x0800021f   Thumb Code     0  libshutdown2.o(.ARM.Collect$$libshutdown$$00000004)
    __rt_lib_shutdown_user_alloc_1           0x0800021f   Thumb Code     0  libshutdown2.o(.ARM.Collect$$libshutdown$$0000000C)
    __rt_entry                               0x08000221   Thumb Code     0  __rtentry.o(.ARM.Collect$$rtentry$$00000000)
    __rt_entry_presh_1                       0x08000221   Thumb Code     0  __rtentry2.o(.ARM.Collect$$rtentry$$00000002)
    __rt_entry_sh                            0x08000221   Thumb Code     0  __rtentry4.o(.ARM.Collect$$rtentry$$00000004)
    __rt_entry_li                            0x08000227   Thumb Code     0  __rtentry2.o(.ARM.Collect$$rtentry$$0000000A)
    __rt_entry_postsh_1                      0x08000227   Thumb Code     0  __rtentry2.o(.ARM.Collect$$rtentry$$00000009)
    __rt_entry_main                          0x0800022b   Thumb Code     0  __rtentry2.o(.ARM.Collect$$rtentry$$0000000D)
    __rt_entry_postli_1                      0x0800022b   Thumb Code     0  __rtentry2.o(.ARM.Collect$$rtentry$$0000000C)
    __rt_exit                                0x08000233   Thumb Code     0  rtexit.o(.ARM.Collect$$rtexit$$00000000)
    __rt_exit_ls                             0x08000235   Thumb Code     0  rtexit2.o(.ARM.Collect$$rtexit$$00000003)
    __rt_exit_prels_1                        0x08000235   Thumb Code     0  rtexit2.o(.ARM.Collect$$rtexit$$00000002)
    __rt_exit_exit                           0x08000239   Thumb Code     0  rtexit2.o(.ARM.Collect$$rtexit$$00000004)
    SVC_Handler                              0x08000241   Thumb Code    32  port.o(.emb_text)
    __asm___6_port_c_39a90d8d__prvStartFirstTask 0x08000265   Thumb Code    28  port.o(.emb_text)
    PendSV_Handler                           0x08000285   Thumb Code    72  port.o(.emb_text)
    vPortGetIPSR                             0x080002d1   Thumb Code     6  port.o(.emb_text)
    Reset_Handler                            0x080002d9   Thumb Code     8  startup_apm32e10x_hd.o(.text)
    ADC1_2_IRQHandler                        0x080002f3   Thumb Code     0  startup_apm32e10x_hd.o(.text)
    ADC3_IRQHandler                          0x080002f3   Thumb Code     0  startup_apm32e10x_hd.o(.text)
    CAN1_RX1_IRQHandler                      0x080002f3   Thumb Code     0  startup_apm32e10x_hd.o(.text)
    CAN1_SCE_IRQHandler                      0x080002f3   Thumb Code     0  startup_apm32e10x_hd.o(.text)
    CAN2_RX1_IRQHandler                      0x080002f3   Thumb Code     0  startup_apm32e10x_hd.o(.text)
    CAN2_SCE_IRQHandler                      0x080002f3   Thumb Code     0  startup_apm32e10x_hd.o(.text)
    DMA1_Channel1_IRQHandler                 0x080002f3   Thumb Code     0  startup_apm32e10x_hd.o(.text)
    DMA1_Channel2_IRQHandler                 0x080002f3   Thumb Code     0  startup_apm32e10x_hd.o(.text)
    DMA1_Channel3_IRQHandler                 0x080002f3   Thumb Code     0  startup_apm32e10x_hd.o(.text)
    DMA1_Channel4_IRQHandler                 0x080002f3   Thumb Code     0  startup_apm32e10x_hd.o(.text)
    DMA1_Channel5_IRQHandler                 0x080002f3   Thumb Code     0  startup_apm32e10x_hd.o(.text)
    DMA1_Channel6_IRQHandler                 0x080002f3   Thumb Code     0  startup_apm32e10x_hd.o(.text)
    DMA1_Channel7_IRQHandler                 0x080002f3   Thumb Code     0  startup_apm32e10x_hd.o(.text)
    DMA2_Channel1_IRQHandler                 0x080002f3   Thumb Code     0  startup_apm32e10x_hd.o(.text)
    DMA2_Channel2_IRQHandler                 0x080002f3   Thumb Code     0  startup_apm32e10x_hd.o(.text)
    DMA2_Channel3_IRQHandler                 0x080002f3   Thumb Code     0  startup_apm32e10x_hd.o(.text)
    DMA2_Channel4_5_IRQHandler               0x080002f3   Thumb Code     0  startup_apm32e10x_hd.o(.text)
    EINT0_IRQHandler                         0x080002f3   Thumb Code     0  startup_apm32e10x_hd.o(.text)
    EINT15_10_IRQHandler                     0x080002f3   Thumb Code     0  startup_apm32e10x_hd.o(.text)
    EINT1_IRQHandler                         0x080002f3   Thumb Code     0  startup_apm32e10x_hd.o(.text)
    EINT2_IRQHandler                         0x080002f3   Thumb Code     0  startup_apm32e10x_hd.o(.text)
    EINT3_IRQHandler                         0x080002f3   Thumb Code     0  startup_apm32e10x_hd.o(.text)
    EINT4_IRQHandler                         0x080002f3   Thumb Code     0  startup_apm32e10x_hd.o(.text)
    EINT9_5_IRQHandler                       0x080002f3   Thumb Code     0  startup_apm32e10x_hd.o(.text)
    EMMC_IRQHandler                          0x080002f3   Thumb Code     0  startup_apm32e10x_hd.o(.text)
    FLASH_IRQHandler                         0x080002f3   Thumb Code     0  startup_apm32e10x_hd.o(.text)
    I2C1_ER_IRQHandler                       0x080002f3   Thumb Code     0  startup_apm32e10x_hd.o(.text)
    I2C1_EV_IRQHandler                       0x080002f3   Thumb Code     0  startup_apm32e10x_hd.o(.text)
    I2C2_ER_IRQHandler                       0x080002f3   Thumb Code     0  startup_apm32e10x_hd.o(.text)
    I2C2_EV_IRQHandler                       0x080002f3   Thumb Code     0  startup_apm32e10x_hd.o(.text)
    PVD_IRQHandler                           0x080002f3   Thumb Code     0  startup_apm32e10x_hd.o(.text)
    RCM_IRQHandler                           0x080002f3   Thumb Code     0  startup_apm32e10x_hd.o(.text)
    RTCAlarm_IRQHandler                      0x080002f3   Thumb Code     0  startup_apm32e10x_hd.o(.text)
    RTC_IRQHandler                           0x080002f3   Thumb Code     0  startup_apm32e10x_hd.o(.text)
    SDIO_IRQHandler                          0x080002f3   Thumb Code     0  startup_apm32e10x_hd.o(.text)
    SPI1_IRQHandler                          0x080002f3   Thumb Code     0  startup_apm32e10x_hd.o(.text)
    SPI2_IRQHandler                          0x080002f3   Thumb Code     0  startup_apm32e10x_hd.o(.text)
    SPI3_IRQHandler                          0x080002f3   Thumb Code     0  startup_apm32e10x_hd.o(.text)
    TAMPER_IRQHandler                        0x080002f3   Thumb Code     0  startup_apm32e10x_hd.o(.text)
    TMR1_BRK_IRQHandler                      0x080002f3   Thumb Code     0  startup_apm32e10x_hd.o(.text)
    TMR1_CC_IRQHandler                       0x080002f3   Thumb Code     0  startup_apm32e10x_hd.o(.text)
    TMR1_TRG_COM_IRQHandler                  0x080002f3   Thumb Code     0  startup_apm32e10x_hd.o(.text)
    TMR1_UP_IRQHandler                       0x080002f3   Thumb Code     0  startup_apm32e10x_hd.o(.text)
    TMR2_IRQHandler                          0x080002f3   Thumb Code     0  startup_apm32e10x_hd.o(.text)
    TMR3_IRQHandler                          0x080002f3   Thumb Code     0  startup_apm32e10x_hd.o(.text)
    TMR4_IRQHandler                          0x080002f3   Thumb Code     0  startup_apm32e10x_hd.o(.text)
    TMR5_IRQHandler                          0x080002f3   Thumb Code     0  startup_apm32e10x_hd.o(.text)
    TMR6_IRQHandler                          0x080002f3   Thumb Code     0  startup_apm32e10x_hd.o(.text)
    TMR7_IRQHandler                          0x080002f3   Thumb Code     0  startup_apm32e10x_hd.o(.text)
    TMR8_BRK_IRQHandler                      0x080002f3   Thumb Code     0  startup_apm32e10x_hd.o(.text)
    TMR8_CC_IRQHandler                       0x080002f3   Thumb Code     0  startup_apm32e10x_hd.o(.text)
    TMR8_TRG_COM_IRQHandler                  0x080002f3   Thumb Code     0  startup_apm32e10x_hd.o(.text)
    TMR8_UP_IRQHandler                       0x080002f3   Thumb Code     0  startup_apm32e10x_hd.o(.text)
    UART4_IRQHandler                         0x080002f3   Thumb Code     0  startup_apm32e10x_hd.o(.text)
    UART5_IRQHandler                         0x080002f3   Thumb Code     0  startup_apm32e10x_hd.o(.text)
    USART1_IRQHandler                        0x080002f3   Thumb Code     0  startup_apm32e10x_hd.o(.text)
    USART3_IRQHandler                        0x080002f3   Thumb Code     0  startup_apm32e10x_hd.o(.text)
    USBD1_HP_CAN1_TX_IRQHandler              0x080002f3   Thumb Code     0  startup_apm32e10x_hd.o(.text)
    USBD1_LP_CAN1_RX0_IRQHandler             0x080002f3   Thumb Code     0  startup_apm32e10x_hd.o(.text)
    USBD2_HP_CAN2_TX_IRQHandler              0x080002f3   Thumb Code     0  startup_apm32e10x_hd.o(.text)
    USBD2_LP_CAN2_RX0_IRQHandler             0x080002f3   Thumb Code     0  startup_apm32e10x_hd.o(.text)
    USBDWakeUp_IRQHandler                    0x080002f3   Thumb Code     0  startup_apm32e10x_hd.o(.text)
    WWDT_IRQHandler                          0x080002f3   Thumb Code     0  startup_apm32e10x_hd.o(.text)
    __user_initial_stackheap                 0x080002f5   Thumb Code     0  startup_apm32e10x_hd.o(.text)
    __2sprintf                               0x08000319   Thumb Code    34  noretval__2sprintf.o(.text)
    _printf_pre_padding                      0x08000341   Thumb Code    44  _printf_pad.o(.text)
    _printf_post_padding                     0x0800036d   Thumb Code    34  _printf_pad.o(.text)
    _printf_int_dec                          0x08000391   Thumb Code   104  _printf_dec.o(.text)
    __printf                                 0x08000409   Thumb Code   388  __printf_flags_ss_wp.o(.text)
    __aeabi_memcpy                           0x08000591   Thumb Code     0  rt_memcpy_v6.o(.text)
    __rt_memcpy                              0x08000591   Thumb Code   138  rt_memcpy_v6.o(.text)
    _memcpy_lastbytes                        0x080005f7   Thumb Code     0  rt_memcpy_v6.o(.text)
    __aeabi_memcpy4                          0x0800061b   Thumb Code     0  rt_memcpy_w.o(.text)
    __aeabi_memcpy8                          0x0800061b   Thumb Code     0  rt_memcpy_w.o(.text)
    __rt_memcpy_w                            0x0800061b   Thumb Code   100  rt_memcpy_w.o(.text)
    _memcpy_lastbytes_aligned                0x08000663   Thumb Code     0  rt_memcpy_w.o(.text)
    __aeabi_memset                           0x0800067f   Thumb Code    16  aeabi_memset.o(.text)
    __aeabi_memclr4                          0x0800068f   Thumb Code     0  rt_memclr_w.o(.text)
    __aeabi_memclr8                          0x0800068f   Thumb Code     0  rt_memclr_w.o(.text)
    __rt_memclr_w                            0x0800068f   Thumb Code    78  rt_memclr_w.o(.text)
    _memset_w                                0x08000693   Thumb Code     0  rt_memclr_w.o(.text)
    __use_two_region_memory                  0x080006dd   Thumb Code     2  heapauxi.o(.text)
    __rt_heap_escrow                         0x080006df   Thumb Code     2  heapauxi.o(.text)
    __rt_heap_expand                         0x080006e1   Thumb Code     2  heapauxi.o(.text)
    _printf_int_common                       0x080006e3   Thumb Code   178  _printf_intcommon.o(.text)
    __lib_sel_fp_printf                      0x08000795   Thumb Code     2  _printf_fp_dec.o(.text)
    _printf_fp_dec_real                      0x08000947   Thumb Code   620  _printf_fp_dec.o(.text)
    _printf_char_common                      0x08000bbf   Thumb Code    32  _printf_char_common.o(.text)
    _sputc                                   0x08000be5   Thumb Code    10  _sputc.o(.text)
    __aeabi_memclr                           0x08000bef   Thumb Code     0  rt_memclr.o(.text)
    __rt_memclr                              0x08000bef   Thumb Code    68  rt_memclr.o(.text)
    _memset                                  0x08000bf3   Thumb Code     0  rt_memclr.o(.text)
    __rt_locale                              0x08000c35   Thumb Code     8  rt_locale_intlibspace.o(.text)
    _ll_udiv10                               0x08000c3d   Thumb Code   138  lludiv10.o(.text)
    _printf_fp_infnan                        0x08000cc9   Thumb Code   112  _printf_fp_infnan.o(.text)
    _btod_etento                             0x08000d49   Thumb Code   224  bigflt0.o(.text)
    __user_libspace                          0x08000e2d   Thumb Code     8  libspace.o(.text)
    __user_perproc_libspace                  0x08000e2d   Thumb Code     0  libspace.o(.text)
    __user_perthread_libspace                0x08000e2d   Thumb Code     0  libspace.o(.text)
    __user_setup_stackheap                   0x08000e35   Thumb Code    74  sys_stackheap_outer.o(.text)
    exit                                     0x08000e7f   Thumb Code    18  exit.o(.text)
    strcmp                                   0x08000e91   Thumb Code   128  strcmpv7m.o(.text)
    __I$use$semihosting                      0x08000f11   Thumb Code     0  use_no_semi.o(.text)
    __use_no_semihosting_swi                 0x08000f11   Thumb Code     2  use_no_semi.o(.text)
    __semihosting_library_function           0x08000f13   Thumb Code     0  indicate_semi.o(.text)
    _sys_exit                                0x08000f15   Thumb Code     8  sys_exit.o(.text)
    _btod_d2e                                0x08000f21   Thumb Code    62  btod.o(CL$$btod_d2e)
    _d2e_denorm_low                          0x08000f5f   Thumb Code    70  btod.o(CL$$btod_d2e_denorm_low)
    _d2e_norm_op1                            0x08000fa5   Thumb Code    96  btod.o(CL$$btod_d2e_norm_op1)
    __btod_div_common                        0x08001005   Thumb Code   696  btod.o(CL$$btod_div_common)
    _e2e                                     0x0800133d   Thumb Code   220  btod.o(CL$$btod_e2e)
    _btod_ediv                               0x08001419   Thumb Code    42  btod.o(CL$$btod_ediv)
    _btod_emul                               0x08001443   Thumb Code    42  btod.o(CL$$btod_emul)
    __btod_mult_common                       0x0800146d   Thumb Code   580  btod.o(CL$$btod_mult_common)
    ADC_Config                               0x080016b1   Thumb Code    62  apm32e10x_adc.o(i.ADC_Config)
    ADC_ConfigRegularChannel                 0x080016f9   Thumb Code   184  apm32e10x_adc.o(i.ADC_ConfigRegularChannel)
    ADC_ConfigStructInit                     0x080017b1   Thumb Code    18  apm32e10x_adc.o(i.ADC_ConfigStructInit)
    ADC_Enable                               0x080017c3   Thumb Code    12  apm32e10x_adc.o(i.ADC_Enable)
    ADC_EnableSoftwareStartConv              0x080017cf   Thumb Code    10  apm32e10x_adc.o(i.ADC_EnableSoftwareStartConv)
    ADC_Init_Once                            0x080017d9   Thumb Code   130  main.o(i.ADC_Init_Once)
    ADC_ReadChannel                          0x0800186d   Thumb Code    68  main.o(i.ADC_ReadChannel)
    ADC_ReadConversionValue                  0x080018b5   Thumb Code     8  apm32e10x_adc.o(i.ADC_ReadConversionValue)
    ADC_ReadStatusFlag                       0x080018bd   Thumb Code    16  apm32e10x_adc.o(i.ADC_ReadStatusFlag)
    APM_MINI_COMInit                         0x080018cd   Thumb Code   136  board.o(i.APM_MINI_COMInit)
    APM_MINI_LEDInit                         0x08001975   Thumb Code    64  board.o(i.APM_MINI_LEDInit)
    APM_MINI_LEDToggle                       0x080019c1   Thumb Code    26  board.o(i.APM_MINI_LEDToggle)
    BusFault_Handler                         0x080019e5   Thumb Code     4  apm32e10x_int.o(i.BusFault_Handler)
    DMA_Config                               0x080019e9   Thumb Code    94  apm32e10x_dma.o(i.DMA_Config)
    DMA_ConfigStructInit                     0x08001a47   Thumb Code    26  apm32e10x_dma.o(i.DMA_ConfigStructInit)
    DMA_Disable                              0x08001a61   Thumb Code    10  apm32e10x_dma.o(i.DMA_Disable)
    DMA_Enable                               0x08001a6b   Thumb Code    12  apm32e10x_dma.o(i.DMA_Enable)
    DebugMon_Handler                         0x08001a77   Thumb Code     2  apm32e10x_int.o(i.DebugMon_Handler)
    Delay                                    0x08001a79   Thumb Code    18  my_init.o(i.Delay)
    GPIO_Config                              0x08001a8b   Thumb Code   154  apm32e10x_gpio.o(i.GPIO_Config)
    GPIO_ConfigStructInit                    0x08001b25   Thumb Code    16  apm32e10x_gpio.o(i.GPIO_ConfigStructInit)
    GPIO_INIT                                0x08001b35   Thumb Code    48  my_init.o(i.GPIO_INIT)
    GPIO_ReadInputBit                        0x08001b69   Thumb Code    18  apm32e10x_gpio.o(i.GPIO_ReadInputBit)
    GPIO_ResetBit                            0x08001b7b   Thumb Code     4  apm32e10x_gpio.o(i.GPIO_ResetBit)
    GPIO_SetBit                              0x08001b7f   Thumb Code     4  apm32e10x_gpio.o(i.GPIO_SetBit)
    GPIO_WriteBitValue                       0x08001b83   Thumb Code    10  apm32e10x_gpio.o(i.GPIO_WriteBitValue)
    GUI_DrawFont16                           0x08001b8d   Thumb Code   234  lcd.o(i.GUI_DrawFont16)
    GUI_DrawFont24                           0x08001c89   Thumb Code   250  lcd.o(i.GUI_DrawFont24)
    GUI_DrawFont32                           0x08001d95   Thumb Code   234  lcd.o(i.GUI_DrawFont32)
    HardFault_Handler                        0x08001e91   Thumb Code     4  apm32e10x_int.o(i.HardFault_Handler)
    IIC_GPIO_Config                          0x08001e95   Thumb Code    50  charge_control.o(i.IIC_GPIO_Config)
    IIC_Start                                0x08001ecd   Thumb Code    52  charge_control.o(i.IIC_Start)
    IIC_Stop                                 0x08001f05   Thumb Code    40  charge_control.o(i.IIC_Stop)
    IIC_Wait_Ack                             0x08001f31   Thumb Code    52  charge_control.o(i.IIC_Wait_Ack)
    IIC_Write_Byte                           0x08001f69   Thumb Code    88  charge_control.o(i.IIC_Write_Byte)
    LCD_Clear                                0x08001fc5   Thumb Code    44  lcd.o(i.LCD_Clear)
    LCD_Display_Dir                          0x08001ff5   Thumb Code   228  lcd.o(i.LCD_Display_Dir)
    LCD_DrawLine                             0x080020dd   Thumb Code   176  lcd.o(i.LCD_DrawLine)
    LCD_DrawPoint                            0x0800218d   Thumb Code    28  lcd.o(i.LCD_DrawPoint)
    LCD_DrawRectangle                        0x080021ad   Thumb Code    64  lcd.o(i.LCD_DrawRectangle)
    LCD_Fast_DrawPoint                       0x080021ed   Thumb Code    28  lcd.o(i.LCD_Fast_DrawPoint)
    LCD_Fill                                 0x0800220d   Thumb Code   178  lcd.o(i.LCD_Fill)
    LCD_Init                                 0x080022c5   Thumb Code   668  lcd.o(i.LCD_Init)
    LCD_SetCursor                            0x0800256d   Thumb Code    48  lcd.o(i.LCD_SetCursor)
    LCD_Set_Window                           0x080025a1   Thumb Code   104  lcd.o(i.LCD_Set_Window)
    LCD_ShowChar                             0x0800260d   Thumb Code   272  lcd.o(i.LCD_ShowChar)
    LCD_WR_DATA                              0x08002735   Thumb Code    70  lcd.o(i.LCD_WR_DATA)
    LCD_WR_REG                               0x08002789   Thumb Code    70  lcd.o(i.LCD_WR_REG)
    LCD_WriteRAM                             0x080027dd   Thumb Code   106  lcd.o(i.LCD_WriteRAM)
    LCD_WriteRAM_Prepare                     0x08002855   Thumb Code    12  lcd.o(i.LCD_WriteRAM_Prepare)
    LCD_WriteReg                             0x08002865   Thumb Code    20  lcd.o(i.LCD_WriteReg)
    MCP4725_WriteData_Digital                0x08002879   Thumb Code    56  charge_control.o(i.MCP4725_WriteData_Digital)
    MemManage_Handler                        0x080028b1   Thumb Code     4  apm32e10x_int.o(i.MemManage_Handler)
    NMI_Handler                              0x080028b5   Thumb Code     2  apm32e10x_int.o(i.NMI_Handler)
    RCM_EnableAHBPeriphClock                 0x080028b9   Thumb Code    12  apm32e10x_rcm.o(i.RCM_EnableAHBPeriphClock)
    RCM_EnableAPB1PeriphClock                0x080028c9   Thumb Code    12  apm32e10x_rcm.o(i.RCM_EnableAPB1PeriphClock)
    RCM_EnableAPB2PeriphClock                0x080028d9   Thumb Code    12  apm32e10x_rcm.o(i.RCM_EnableAPB2PeriphClock)
    RCM_ReadHCLKFreq                         0x080028e9   Thumb Code    38  apm32e10x_rcm.o(i.RCM_ReadHCLKFreq)
    RCM_ReadPCLKFreq                         0x08002925   Thumb Code    62  apm32e10x_rcm.o(i.RCM_ReadPCLKFreq)
    RCM_ReadSYSCLKFreq                       0x08002971   Thumb Code    86  apm32e10x_rcm.o(i.RCM_ReadSYSCLKFreq)
    RS485_CalcChecksum                       0x080029d5   Thumb Code    28  rs485.o(i.RS485_CalcChecksum)
    RS485_Master_Receive_Process             0x080029f1   Thumb Code   262  rs485.o(i.RS485_Master_Receive_Process)
    RS485_Master_Send_Turn                   0x08002b19   Thumb Code   132  rs485.o(i.RS485_Master_Send_Turn)
    SPI_Config                               0x08002ba9   Thumb Code    50  apm32e10x_spi.o(i.SPI_Config)
    SPI_ConfigStructInit                     0x08002bdb   Thumb Code    24  apm32e10x_spi.o(i.SPI_ConfigStructInit)
    SPI_Enable                               0x08002bf3   Thumb Code    12  apm32e10x_spi.o(i.SPI_Enable)
    SPI_I2S_ReadStatusFlag                   0x08002bff   Thumb Code    16  apm32e10x_spi.o(i.SPI_I2S_ReadStatusFlag)
    SPI_I2S_TxData                           0x08002c0f   Thumb Code     4  apm32e10x_spi.o(i.SPI_I2S_TxData)
    Show_Str                                 0x08002c15   Thumb Code   238  lcd.o(i.Show_Str)
    SysTick_Handler                          0x08002d09   Thumb Code    46  port.o(i.SysTick_Handler)
    SystemInit                               0x08002e21   Thumb Code    80  system_apm32e10x.o(i.SystemInit)
    USART2_DMA_RX_Init                       0x08002e81   Thumb Code   142  my_init.o(i.USART2_DMA_RX_Init)
    USART2_IRQHandler                        0x08002f21   Thumb Code    74  my_init.o(i.USART2_IRQHandler)
    USART_ClearStatusFlag                    0x08002f81   Thumb Code     8  apm32e10x_usart.o(i.USART_ClearStatusFlag)
    USART_Config                             0x08002f89   Thumb Code   138  apm32e10x_usart.o(i.USART_Config)
    USART_Enable                             0x08003019   Thumb Code    14  apm32e10x_usart.o(i.USART_Enable)
    USART_EnableDMA                          0x08003027   Thumb Code     8  apm32e10x_usart.o(i.USART_EnableDMA)
    USART_EnableInterrupt                    0x0800302f   Thumb Code    40  apm32e10x_usart.o(i.USART_EnableInterrupt)
    USART_Init                               0x08003059   Thumb Code    82  my_init.o(i.USART_Init)
    USART_ReadStatusFlag                     0x080030b5   Thumb Code    16  apm32e10x_usart.o(i.USART_ReadStatusFlag)
    USART_TxData                             0x080030c5   Thumb Code    10  apm32e10x_usart.o(i.USART_TxData)
    UsageFault_Handler                       0x080030cf   Thumb Code     4  apm32e10x_int.o(i.UsageFault_Handler)
    __ARM_fpclassify                         0x08003141   Thumb Code    40  fpclassify.o(i.__ARM_fpclassify)
    _is_digit                                0x080031b5   Thumb Code    14  __printf_wp.o(i._is_digit)
    charging_station_ui_init                 0x080031c5   Thumb Code    30  charging_station_ui.o(i.charging_station_ui_init)
    charging_station_ui_task                 0x080031e9   Thumb Code   986  charging_station_ui.o(i.charging_station_ui_task)
    delay_ms                                 0x080035f5   Thumb Code    24  lcd.o(i.delay_ms)
    main                                     0x08003d1f   Thumb Code    56  main.o(i.main)
    pvPortMalloc                             0x08004661   Thumb Code   228  heap_4.o(i.pvPortMalloc)
    pxPortInitialiseStack                    0x0800475d   Thumb Code    30  port.o(i.pxPortInitialiseStack)
    read_key                                 0x08004781   Thumb Code   104  charging_station_ui.o(i.read_key)
    uxListRemove                             0x08004cd9   Thumb Code    40  list.o(i.uxListRemove)
    vListInitialise                          0x08004d01   Thumb Code    26  list.o(i.vListInitialise)
    vListInitialiseItem                      0x08004d1b   Thumb Code     6  list.o(i.vListInitialiseItem)
    vListInsert                              0x08004d21   Thumb Code    52  list.o(i.vListInsert)
    vListInsertEnd                           0x08004d55   Thumb Code    24  list.o(i.vListInsertEnd)
    vPortEnterCritical                       0x08004d6d   Thumb Code    30  port.o(i.vPortEnterCritical)
    vPortExitCritical                        0x08004d91   Thumb Code    28  port.o(i.vPortExitCritical)
    vPortFree                                0x08004db1   Thumb Code    74  heap_4.o(i.vPortFree)
    vPortSetupTimerInterrupt                 0x08004e09   Thumb Code    36  port.o(i.vPortSetupTimerInterrupt)
    vQueueAddToRegistry                      0x08004e31   Thumb Code    38  queue.o(i.vQueueAddToRegistry)
    vQueueWaitForMessageRestricted           0x08004e5d   Thumb Code    74  queue.o(i.vQueueWaitForMessageRestricted)
    vTaskDelay                               0x08004ea9   Thumb Code    46  tasks.o(i.vTaskDelay)
    vTaskInternalSetTimeOutState             0x08004edd   Thumb Code    14  tasks.o(i.vTaskInternalSetTimeOutState)
    vTaskMissedYield                         0x08004ef5   Thumb Code     8  tasks.o(i.vTaskMissedYield)
    vTaskPlaceOnEventList                    0x08004f01   Thumb Code    28  tasks.o(i.vTaskPlaceOnEventList)
    vTaskPlaceOnEventListRestricted          0x08004f21   Thumb Code    36  tasks.o(i.vTaskPlaceOnEventListRestricted)
    vTaskStartScheduler                      0x08004f49   Thumb Code    86  tasks.o(i.vTaskStartScheduler)
    vTaskSuspendAll                          0x08004fc1   Thumb Code    12  tasks.o(i.vTaskSuspendAll)
    vTaskSwitchContext                       0x08004fd1   Thumb Code    76  tasks.o(i.vTaskSwitchContext)
    vTaskUsartTest                           0x08005031   Thumb Code   166  main.o(i.vTaskUsartTest)
    xPortStartScheduler                      0x08005101   Thumb Code    42  port.o(i.xPortStartScheduler)
    xQueueGenericCreate                      0x08005135   Thumb Code    52  queue.o(i.xQueueGenericCreate)
    xQueueGenericReset                       0x08005169   Thumb Code   122  queue.o(i.xQueueGenericReset)
    xQueueGenericSend                        0x080051e9   Thumb Code   276  queue.o(i.xQueueGenericSend)
    xQueueGenericSendFromISR                 0x08005301   Thumb Code   138  queue.o(i.xQueueGenericSendFromISR)
    xQueueReceive                            0x0800538d   Thumb Code   256  queue.o(i.xQueueReceive)
    xTaskCheckForTimeOut                     0x08005491   Thumb Code    88  tasks.o(i.xTaskCheckForTimeOut)
    xTaskCreate                              0x080054f1   Thumb Code    96  tasks.o(i.xTaskCreate)
    xTaskGetSchedulerState                   0x08005551   Thumb Code    24  tasks.o(i.xTaskGetSchedulerState)
    xTaskGetTickCount                        0x08005571   Thumb Code     6  tasks.o(i.xTaskGetTickCount)
    xTaskIncrementTick                       0x0800557d   Thumb Code   238  tasks.o(i.xTaskIncrementTick)
    xTaskPriorityDisinherit                  0x08005699   Thumb Code   108  tasks.o(i.xTaskPriorityDisinherit)
    xTaskRemoveFromEventList                 0x0800570d   Thumb Code   104  tasks.o(i.xTaskRemoveFromEventList)
    xTaskResumeAll                           0x0800578d   Thumb Code   196  tasks.o(i.xTaskResumeAll)
    xTimerCreateTimerTask                    0x08005875   Thumb Code    42  timers.o(i.xTimerCreateTimerTask)
    xTimerGenericCommand                     0x080058b5   Thumb Code   102  timers.o(i.xTimerGenericCommand)
    _get_lc_numeric                          0x08005921   Thumb Code    44  lc_numeric_c.o(locale$$code)
    __aeabi_d2f                              0x0800594d   Thumb Code     0  d2f.o(x$fpl$d2f)
    _d2f                                     0x0800594d   Thumb Code    98  d2f.o(x$fpl$d2f)
    __aeabi_ddiv                             0x080059b1   Thumb Code     0  ddiv.o(x$fpl$ddiv)
    _ddiv                                    0x080059b1   Thumb Code   552  ddiv.o(x$fpl$ddiv)
    __aeabi_dmul                             0x08005c61   Thumb Code     0  dmul.o(x$fpl$dmul)
    _dmul                                    0x08005c61   Thumb Code   332  dmul.o(x$fpl$dmul)
    __fpl_dnaninf                            0x08005db5   Thumb Code   156  dnaninf.o(x$fpl$dnaninf)
    __fpl_dretinf                            0x08005e51   Thumb Code    12  dretinf.o(x$fpl$dretinf)
    __aeabi_f2d                              0x08005e5d   Thumb Code     0  f2d.o(x$fpl$f2d)
    _f2d                                     0x08005e5d   Thumb Code    86  f2d.o(x$fpl$f2d)
    __fpl_fcmp_Inf                           0x08005eb3   Thumb Code    24  fcmpi.o(x$fpl$fcmpinf)
    __aeabi_fdiv                             0x08005ecd   Thumb Code     0  fdiv.o(x$fpl$fdiv)
    _fdiv                                    0x08005ecd   Thumb Code   384  fdiv.o(x$fpl$fdiv)
    __aeabi_cfcmpeq                          0x08006051   Thumb Code     0  feqf.o(x$fpl$feqf)
    _fcmpeq                                  0x08006051   Thumb Code   104  feqf.o(x$fpl$feqf)
    __aeabi_f2iz                             0x080060b9   Thumb Code     0  ffix.o(x$fpl$ffix)
    _ffix                                    0x080060b9   Thumb Code    54  ffix.o(x$fpl$ffix)
    __aeabi_f2uiz                            0x080060f1   Thumb Code     0  ffixu.o(x$fpl$ffixu)
    _ffixu                                   0x080060f1   Thumb Code    62  ffixu.o(x$fpl$ffixu)
    __aeabi_ui2f                             0x08006131   Thumb Code     0  fflt_clz.o(x$fpl$ffltu)
    _ffltu                                   0x08006131   Thumb Code    38  fflt_clz.o(x$fpl$ffltu)
    __aeabi_cfcmple                          0x08006159   Thumb Code     0  fleqf.o(x$fpl$fleqf)
    _fcmple                                  0x08006159   Thumb Code   104  fleqf.o(x$fpl$fleqf)
    __fpl_fcmple_InfNaN                      0x080061ab   Thumb Code     0  fleqf.o(x$fpl$fleqf)
    __aeabi_fmul                             0x080061c1   Thumb Code     0  fmul.o(x$fpl$fmul)
    _fmul                                    0x080061c1   Thumb Code   258  fmul.o(x$fpl$fmul)
    __fpl_fnaninf                            0x080062c3   Thumb Code   140  fnaninf.o(x$fpl$fnaninf)
    __fpl_fretinf                            0x0800634f   Thumb Code    10  fretinf.o(x$fpl$fretinf)
    __aeabi_cfrcmple                         0x08006359   Thumb Code     0  frleqf.o(x$fpl$frleqf)
    _frcmple                                 0x08006359   Thumb Code    98  frleqf.o(x$fpl$frleqf)
    _printf_fp_dec                           0x080063bb   Thumb Code     4  printf1.o(x$fpl$printf1)
    __I$use$fp                               0x080063be   Number         0  usenofp.o(x$fpl$usenofp)
    GPIO_PIN                                 0x080063c0   Data           4  board.o(.constdata)
    GPIO_CLK                                 0x080063c4   Data           8  board.o(.constdata)
    BUTTON_PIN                               0x080063cc   Data           4  board.o(.constdata)
    BUTTON_CLK                               0x080063d0   Data           8  board.o(.constdata)
    BUTTON_EINT_LINE                         0x080063d8   Data           4  board.o(.constdata)
    BUTTON_PORT_SOURCE                       0x080063dc   Data           2  board.o(.constdata)
    BUTTON_PIN_SOURCE                        0x080063de   Data           2  board.o(.constdata)
    BUTTON_IRQn                              0x080063e0   Data           2  board.o(.constdata)
    COM_USART_CLK                            0x080063e4   Data           8  board.o(.constdata)
    COM_TX_PORT_CLK                          0x080063ec   Data           8  board.o(.constdata)
    COM_RX_PORT_CLK                          0x080063f4   Data           8  board.o(.constdata)
    COM_TX_PIN                               0x080063fc   Data           4  board.o(.constdata)
    COM_RX_PIN                               0x08006400   Data           4  board.o(.constdata)
    asc2_1206                                0x08006404   Data        1140  lcd.o(.constdata)
    asc2_1608                                0x08006878   Data        1520  lcd.o(.constdata)
    asc2_2412                                0x08006e68   Data        3420  lcd.o(.constdata)
    Region$$Table$$Base                      0x08007ce8   Number         0  anon$$obj.o(Region$$Table)
    Region$$Table$$Limit                     0x08007d08   Number         0  anon$$obj.o(Region$$Table)
    currentCount                             0x2000000c   Data           2  main.o(.data)
    adc_pa1                                  0x2000000e   Data           2  main.o(.data)
    adc_pb0                                  0x20000010   Data           2  main.o(.data)
    out_cal                                  0x20000014   Data           4  main.o(.data)
    out_current                              0x20000018   Data           4  main.o(.data)
    SystemCoreClock                          0x20000020   Data           4  system_apm32e10x.o(.data)
    usart2_rx_len                            0x20000024   Data           2  my_init.o(.data)
    usart2_rx_done                           0x20000026   Data           1  my_init.o(.data)
    GPIO_PORT                                0x20000028   Data           8  board.o(.data)
    BUTTON_PORT                              0x20000030   Data           8  board.o(.data)
    COM_USART                                0x20000038   Data           8  board.o(.data)
    COM_TX_PORT                              0x20000040   Data           8  board.o(.data)
    COM_RX_PORT                              0x20000048   Data           8  board.o(.data)
    pxCurrentTCB                             0x20000050   Data           4  tasks.o(.data)
    uxTopUsedPriority                        0x20000088   Data           4  tasks.o(.data)
    tfont16                                  0x200000c8   Data        3196  lcd.o(.data)
    tfont24                                  0x20000d44   Data         444  lcd.o(.data)
    tfont32                                  0x20000f00   Data        1040  lcd.o(.data)
    POINT_COLOR                              0x20001310   Data           2  lcd.o(.data)
    BACK_COLOR                               0x20001312   Data           2  lcd.o(.data)
    id_order                                 0x20001314   Data           2  lcd.o(.data)
    tx_buf                                   0x20001318   Data           7  rs485.o(.data)
    rx_buf                                   0x2000131f   Data           7  rs485.o(.data)
    pHdr                                     0x20001328   Data           4  rs485.o(.data)
    receive_current                          0x2000132c   Data           4  rs485.o(.data)
    receive_val                              0x20001330   Data           4  rs485.o(.data)
    ui_state                                 0x20001338   Data           1  charging_station_ui.o(.data)
    need_redraw                              0x2000133a   Data           1  charging_station_ui.o(.data)
    key_val                                  0x20001374   Data           1  charging_station_ui.o(.data)
    key_old                                  0x20001375   Data           1  charging_station_ui.o(.data)
    key_down                                 0x20001376   Data           1  charging_station_ui.o(.data)
    usart2_rx_buffer                         0x20001378   Data         128  my_init.o(.bss)
    xQueueRegistry                           0x200013f8   Data          64  queue.o(.bss)
    lcddev                                   0x20014128   Data          14  lcd.o(.bss)
    stations                                 0x20014138   Data         128  charging_station_ui.o(.bss)
    __libspace_start                         0x200141b8   Data          96  libspace.o(.bss)
    __temporary_stack_top$libspace           0x20014218   Data           0  libspace.o(.bss)



==============================================================================

Memory Map of the image

  Image Entry point : 0x08000145

  Load Region LR_IROM1 (Base: 0x08000000, Size: 0x0000909c, Max: 0x00080000, ABSOLUTE, COMPRESSED[0x00008b28])

    Execution Region ER_IROM1 (Exec base: 0x08000000, Load base: 0x08000000, Size: 0x00007d24, Max: 0x00080000, ABSOLUTE)

    Exec Addr    Load Addr    Size         Type   Attr      Idx    E Section Name        Object

    0x08000000   0x08000000   0x00000144   Data   RO         5561    RESET               startup_apm32e10x_hd.o
    0x08000144   0x08000144   0x00000008   Code   RO         7551  * !!!main             c_w.l(__main.o)
    0x0800014c   0x0800014c   0x00000034   Code   RO         7994    !!!scatter          c_w.l(__scatter.o)
    0x08000180   0x08000180   0x0000005a   Code   RO         7992    !!dczerorl2         c_w.l(__dczerorl2.o)
    0x080001da   0x080001da   0x00000002   PAD
    0x080001dc   0x080001dc   0x0000001c   Code   RO         7996    !!handler_zi        c_w.l(__scatter_zi.o)
    0x080001f8   0x080001f8   0x00000000   Code   RO         7538    .ARM.Collect$$_printf_percent$$00000000  c_w.l(_printf_percent.o)
    0x080001f8   0x080001f8   0x00000006   Code   RO         7537    .ARM.Collect$$_printf_percent$$00000003  c_w.l(_printf_f.o)
    0x080001fe   0x080001fe   0x00000006   Code   RO         7536    .ARM.Collect$$_printf_percent$$00000009  c_w.l(_printf_d.o)
    0x08000204   0x08000204   0x00000004   Code   RO         7600    .ARM.Collect$$_printf_percent$$00000017  c_w.l(_printf_percent_end.o)
    0x08000208   0x08000208   0x00000002   Code   RO         7788    .ARM.Collect$$libinit$$00000000  c_w.l(libinit.o)
    0x0800020a   0x0800020a   0x00000000   Code   RO         7790    .ARM.Collect$$libinit$$00000002  c_w.l(libinit2.o)
    0x0800020a   0x0800020a   0x00000000   Code   RO         7792    .ARM.Collect$$libinit$$00000004  c_w.l(libinit2.o)
    0x0800020a   0x0800020a   0x00000000   Code   RO         7795    .ARM.Collect$$libinit$$0000000A  c_w.l(libinit2.o)
    0x0800020a   0x0800020a   0x00000000   Code   RO         7797    .ARM.Collect$$libinit$$0000000C  c_w.l(libinit2.o)
    0x0800020a   0x0800020a   0x00000000   Code   RO         7799    .ARM.Collect$$libinit$$0000000E  c_w.l(libinit2.o)
    0x0800020a   0x0800020a   0x00000006   Code   RO         7800    .ARM.Collect$$libinit$$0000000F  c_w.l(libinit2.o)
    0x08000210   0x08000210   0x00000000   Code   RO         7802    .ARM.Collect$$libinit$$00000011  c_w.l(libinit2.o)
    0x08000210   0x08000210   0x00000000   Code   RO         7804    .ARM.Collect$$libinit$$00000013  c_w.l(libinit2.o)
    0x08000210   0x08000210   0x00000000   Code   RO         7806    .ARM.Collect$$libinit$$00000015  c_w.l(libinit2.o)
    0x08000210   0x08000210   0x0000000a   Code   RO         7807    .ARM.Collect$$libinit$$00000016  c_w.l(libinit2.o)
    0x0800021a   0x0800021a   0x00000000   Code   RO         7808    .ARM.Collect$$libinit$$00000017  c_w.l(libinit2.o)
    0x0800021a   0x0800021a   0x00000000   Code   RO         7810    .ARM.Collect$$libinit$$00000019  c_w.l(libinit2.o)
    0x0800021a   0x0800021a   0x00000000   Code   RO         7812    .ARM.Collect$$libinit$$0000001B  c_w.l(libinit2.o)
    0x0800021a   0x0800021a   0x00000000   Code   RO         7814    .ARM.Collect$$libinit$$0000001D  c_w.l(libinit2.o)
    0x0800021a   0x0800021a   0x00000000   Code   RO         7816    .ARM.Collect$$libinit$$0000001F  c_w.l(libinit2.o)
    0x0800021a   0x0800021a   0x00000000   Code   RO         7818    .ARM.Collect$$libinit$$00000021  c_w.l(libinit2.o)
    0x0800021a   0x0800021a   0x00000000   Code   RO         7820    .ARM.Collect$$libinit$$00000023  c_w.l(libinit2.o)
    0x0800021a   0x0800021a   0x00000000   Code   RO         7822    .ARM.Collect$$libinit$$00000025  c_w.l(libinit2.o)
    0x0800021a   0x0800021a   0x00000000   Code   RO         7826    .ARM.Collect$$libinit$$0000002C  c_w.l(libinit2.o)
    0x0800021a   0x0800021a   0x00000000   Code   RO         7828    .ARM.Collect$$libinit$$0000002E  c_w.l(libinit2.o)
    0x0800021a   0x0800021a   0x00000000   Code   RO         7830    .ARM.Collect$$libinit$$00000030  c_w.l(libinit2.o)
    0x0800021a   0x0800021a   0x00000000   Code   RO         7832    .ARM.Collect$$libinit$$00000032  c_w.l(libinit2.o)
    0x0800021a   0x0800021a   0x00000002   Code   RO         7833    .ARM.Collect$$libinit$$00000033  c_w.l(libinit2.o)
    0x0800021c   0x0800021c   0x00000002   Code   RO         7971    .ARM.Collect$$libshutdown$$00000000  c_w.l(libshutdown.o)
    0x0800021e   0x0800021e   0x00000000   Code   RO         7835    .ARM.Collect$$libshutdown$$00000002  c_w.l(libshutdown2.o)
    0x0800021e   0x0800021e   0x00000000   Code   RO         7837    .ARM.Collect$$libshutdown$$00000004  c_w.l(libshutdown2.o)
    0x0800021e   0x0800021e   0x00000000   Code   RO         7840    .ARM.Collect$$libshutdown$$00000007  c_w.l(libshutdown2.o)
    0x0800021e   0x0800021e   0x00000000   Code   RO         7843    .ARM.Collect$$libshutdown$$0000000A  c_w.l(libshutdown2.o)
    0x0800021e   0x0800021e   0x00000000   Code   RO         7845    .ARM.Collect$$libshutdown$$0000000C  c_w.l(libshutdown2.o)
    0x0800021e   0x0800021e   0x00000000   Code   RO         7848    .ARM.Collect$$libshutdown$$0000000F  c_w.l(libshutdown2.o)
    0x0800021e   0x0800021e   0x00000002   Code   RO         7849    .ARM.Collect$$libshutdown$$00000010  c_w.l(libshutdown2.o)
    0x08000220   0x08000220   0x00000000   Code   RO         7589    .ARM.Collect$$rtentry$$00000000  c_w.l(__rtentry.o)
    0x08000220   0x08000220   0x00000000   Code   RO         7623    .ARM.Collect$$rtentry$$00000002  c_w.l(__rtentry2.o)
    0x08000220   0x08000220   0x00000006   Code   RO         7635    .ARM.Collect$$rtentry$$00000004  c_w.l(__rtentry4.o)
    0x08000226   0x08000226   0x00000000   Code   RO         7625    .ARM.Collect$$rtentry$$00000009  c_w.l(__rtentry2.o)
    0x08000226   0x08000226   0x00000004   Code   RO         7626    .ARM.Collect$$rtentry$$0000000A  c_w.l(__rtentry2.o)
    0x0800022a   0x0800022a   0x00000000   Code   RO         7628    .ARM.Collect$$rtentry$$0000000C  c_w.l(__rtentry2.o)
    0x0800022a   0x0800022a   0x00000008   Code   RO         7629    .ARM.Collect$$rtentry$$0000000D  c_w.l(__rtentry2.o)
    0x08000232   0x08000232   0x00000002   Code   RO         7855    .ARM.Collect$$rtexit$$00000000  c_w.l(rtexit.o)
    0x08000234   0x08000234   0x00000000   Code   RO         7909    .ARM.Collect$$rtexit$$00000002  c_w.l(rtexit2.o)
    0x08000234   0x08000234   0x00000004   Code   RO         7910    .ARM.Collect$$rtexit$$00000003  c_w.l(rtexit2.o)
    0x08000238   0x08000238   0x00000006   Code   RO         7911    .ARM.Collect$$rtexit$$00000004  c_w.l(rtexit2.o)
    0x0800023e   0x0800023e   0x00000002   PAD
    0x08000240   0x08000240   0x00000096   Code   RO         6673    .emb_text           port.o
    0x080002d6   0x080002d6   0x00000002   PAD
    0x080002d8   0x080002d8   0x00000040   Code   RO         5562    .text               startup_apm32e10x_hd.o
    0x08000318   0x08000318   0x00000028   Code   RO         7486    .text               c_w.l(noretval__2sprintf.o)
    0x08000340   0x08000340   0x0000004e   Code   RO         7490    .text               c_w.l(_printf_pad.o)
    0x0800038e   0x0800038e   0x00000002   PAD
    0x08000390   0x08000390   0x00000078   Code   RO         7492    .text               c_w.l(_printf_dec.o)
    0x08000408   0x08000408   0x00000188   Code   RO         7532    .text               c_w.l(__printf_flags_ss_wp.o)
    0x08000590   0x08000590   0x0000008a   Code   RO         7541    .text               c_w.l(rt_memcpy_v6.o)
    0x0800061a   0x0800061a   0x00000064   Code   RO         7543    .text               c_w.l(rt_memcpy_w.o)
    0x0800067e   0x0800067e   0x00000010   Code   RO         7545    .text               c_w.l(aeabi_memset.o)
    0x0800068e   0x0800068e   0x0000004e   Code   RO         7547    .text               c_w.l(rt_memclr_w.o)
    0x080006dc   0x080006dc   0x00000006   Code   RO         7549    .text               c_w.l(heapauxi.o)
    0x080006e2   0x080006e2   0x000000b2   Code   RO         7590    .text               c_w.l(_printf_intcommon.o)
    0x08000794   0x08000794   0x0000041e   Code   RO         7592    .text               c_w.l(_printf_fp_dec.o)
    0x08000bb2   0x08000bb2   0x00000002   PAD
    0x08000bb4   0x08000bb4   0x00000030   Code   RO         7594    .text               c_w.l(_printf_char_common.o)
    0x08000be4   0x08000be4   0x0000000a   Code   RO         7596    .text               c_w.l(_sputc.o)
    0x08000bee   0x08000bee   0x00000044   Code   RO         7607    .text               c_w.l(rt_memclr.o)
    0x08000c32   0x08000c32   0x00000002   PAD
    0x08000c34   0x08000c34   0x00000008   Code   RO         7640    .text               c_w.l(rt_locale_intlibspace.o)
    0x08000c3c   0x08000c3c   0x0000008a   Code   RO         7642    .text               c_w.l(lludiv10.o)
    0x08000cc6   0x08000cc6   0x00000002   PAD
    0x08000cc8   0x08000cc8   0x00000080   Code   RO         7644    .text               c_w.l(_printf_fp_infnan.o)
    0x08000d48   0x08000d48   0x000000e4   Code   RO         7648    .text               c_w.l(bigflt0.o)
    0x08000e2c   0x08000e2c   0x00000008   Code   RO         7699    .text               c_w.l(libspace.o)
    0x08000e34   0x08000e34   0x0000004a   Code   RO         7704    .text               c_w.l(sys_stackheap_outer.o)
    0x08000e7e   0x08000e7e   0x00000012   Code   RO         7775    .text               c_w.l(exit.o)
    0x08000e90   0x08000e90   0x00000080   Code   RO         7781    .text               c_w.l(strcmpv7m.o)
    0x08000f10   0x08000f10   0x00000002   Code   RO         7852    .text               c_w.l(use_no_semi.o)
    0x08000f12   0x08000f12   0x00000000   Code   RO         7854    .text               c_w.l(indicate_semi.o)
    0x08000f12   0x08000f12   0x00000002   PAD
    0x08000f14   0x08000f14   0x0000000c   Code   RO         7906    .text               c_w.l(sys_exit.o)
    0x08000f20   0x08000f20   0x0000003e   Code   RO         7651    CL$$btod_d2e        c_w.l(btod.o)
    0x08000f5e   0x08000f5e   0x00000046   Code   RO         7653    CL$$btod_d2e_denorm_low  c_w.l(btod.o)
    0x08000fa4   0x08000fa4   0x00000060   Code   RO         7652    CL$$btod_d2e_norm_op1  c_w.l(btod.o)
    0x08001004   0x08001004   0x00000338   Code   RO         7661    CL$$btod_div_common  c_w.l(btod.o)
    0x0800133c   0x0800133c   0x000000dc   Code   RO         7658    CL$$btod_e2e        c_w.l(btod.o)
    0x08001418   0x08001418   0x0000002a   Code   RO         7655    CL$$btod_ediv       c_w.l(btod.o)
    0x08001442   0x08001442   0x0000002a   Code   RO         7654    CL$$btod_emul       c_w.l(btod.o)
    0x0800146c   0x0800146c   0x00000244   Code   RO         7660    CL$$btod_mult_common  c_w.l(btod.o)
    0x080016b0   0x080016b0   0x00000048   Code   RO          354    i.ADC_Config        apm32e10x_adc.o
    0x080016f8   0x080016f8   0x000000b8   Code   RO          362    i.ADC_ConfigRegularChannel  apm32e10x_adc.o
    0x080017b0   0x080017b0   0x00000012   Code   RO          363    i.ADC_ConfigStructInit  apm32e10x_adc.o
    0x080017c2   0x080017c2   0x0000000c   Code   RO          376    i.ADC_Enable        apm32e10x_adc.o
    0x080017ce   0x080017ce   0x0000000a   Code   RO          385    i.ADC_EnableSoftwareStartConv  apm32e10x_adc.o
    0x080017d8   0x080017d8   0x00000094   Code   RO          114    i.ADC_Init_Once     main.o
    0x0800186c   0x0800186c   0x00000048   Code   RO          115    i.ADC_ReadChannel   main.o
    0x080018b4   0x080018b4   0x00000008   Code   RO          389    i.ADC_ReadConversionValue  apm32e10x_adc.o
    0x080018bc   0x080018bc   0x00000010   Code   RO          396    i.ADC_ReadStatusFlag  apm32e10x_adc.o
    0x080018cc   0x080018cc   0x000000a8   Code   RO         5189    i.APM_MINI_COMInit  board.o
    0x08001974   0x08001974   0x0000004c   Code   RO         5190    i.APM_MINI_LEDInit  board.o
    0x080019c0   0x080019c0   0x00000024   Code   RO         5193    i.APM_MINI_LEDToggle  board.o
    0x080019e4   0x080019e4   0x00000004   Code   RO            4    i.BusFault_Handler  apm32e10x_int.o
    0x080019e8   0x080019e8   0x0000005e   Code   RO         1155    i.DMA_Config        apm32e10x_dma.o
    0x08001a46   0x08001a46   0x0000001a   Code   RO         1157    i.DMA_ConfigStructInit  apm32e10x_dma.o
    0x08001a60   0x08001a60   0x0000000a   Code   RO         1158    i.DMA_Disable       apm32e10x_dma.o
    0x08001a6a   0x08001a6a   0x0000000c   Code   RO         1160    i.DMA_Enable        apm32e10x_dma.o
    0x08001a76   0x08001a76   0x00000002   Code   RO            5    i.DebugMon_Handler  apm32e10x_int.o
    0x08001a78   0x08001a78   0x00000012   Code   RO          283    i.Delay             my_init.o
    0x08001a8a   0x08001a8a   0x0000009a   Code   RO         1684    i.GPIO_Config       apm32e10x_gpio.o
    0x08001b24   0x08001b24   0x00000010   Code   RO         1689    i.GPIO_ConfigStructInit  apm32e10x_gpio.o
    0x08001b34   0x08001b34   0x00000034   Code   RO          284    i.GPIO_INIT         my_init.o
    0x08001b68   0x08001b68   0x00000012   Code   RO         1692    i.GPIO_ReadInputBit  apm32e10x_gpio.o
    0x08001b7a   0x08001b7a   0x00000004   Code   RO         1697    i.GPIO_ResetBit     apm32e10x_gpio.o
    0x08001b7e   0x08001b7e   0x00000004   Code   RO         1698    i.GPIO_SetBit       apm32e10x_gpio.o
    0x08001b82   0x08001b82   0x0000000a   Code   RO         1699    i.GPIO_WriteBitValue  apm32e10x_gpio.o
    0x08001b8c   0x08001b8c   0x000000fc   Code   RO         6747    i.GUI_DrawFont16    lcd.o
    0x08001c88   0x08001c88   0x0000010c   Code   RO         6748    i.GUI_DrawFont24    lcd.o
    0x08001d94   0x08001d94   0x000000fc   Code   RO         6749    i.GUI_DrawFont32    lcd.o
    0x08001e90   0x08001e90   0x00000004   Code   RO            6    i.HardFault_Handler  apm32e10x_int.o
    0x08001e94   0x08001e94   0x00000038   Code   RO         7172    i.IIC_GPIO_Config   charge_control.o
    0x08001ecc   0x08001ecc   0x00000038   Code   RO         7174    i.IIC_Start         charge_control.o
    0x08001f04   0x08001f04   0x0000002c   Code   RO         7175    i.IIC_Stop          charge_control.o
    0x08001f30   0x08001f30   0x00000038   Code   RO         7176    i.IIC_Wait_Ack      charge_control.o
    0x08001f68   0x08001f68   0x0000005c   Code   RO         7177    i.IIC_Write_Byte    charge_control.o
    0x08001fc4   0x08001fc4   0x00000030   Code   RO         6752    i.LCD_Clear         lcd.o
    0x08001ff4   0x08001ff4   0x000000e8   Code   RO         6756    i.LCD_Display_Dir   lcd.o
    0x080020dc   0x080020dc   0x000000b0   Code   RO         6757    i.LCD_DrawLine      lcd.o
    0x0800218c   0x0800218c   0x00000020   Code   RO         6758    i.LCD_DrawPoint     lcd.o
    0x080021ac   0x080021ac   0x00000040   Code   RO         6759    i.LCD_DrawRectangle  lcd.o
    0x080021ec   0x080021ec   0x00000020   Code   RO         6761    i.LCD_Fast_DrawPoint  lcd.o
    0x0800220c   0x0800220c   0x000000b8   Code   RO         6762    i.LCD_Fill          lcd.o
    0x080022c4   0x080022c4   0x000002a8   Code   RO         6763    i.LCD_Init          lcd.o
    0x0800256c   0x0800256c   0x00000034   Code   RO         6766    i.LCD_SetCursor     lcd.o
    0x080025a0   0x080025a0   0x0000006c   Code   RO         6767    i.LCD_Set_Window    lcd.o
    0x0800260c   0x0800260c   0x00000128   Code   RO         6768    i.LCD_ShowChar      lcd.o
    0x08002734   0x08002734   0x00000054   Code   RO         6772    i.LCD_WR_DATA       lcd.o
    0x08002788   0x08002788   0x00000054   Code   RO         6773    i.LCD_WR_REG        lcd.o
    0x080027dc   0x080027dc   0x00000078   Code   RO         6774    i.LCD_WriteRAM      lcd.o
    0x08002854   0x08002854   0x00000010   Code   RO         6775    i.LCD_WriteRAM_Prepare  lcd.o
    0x08002864   0x08002864   0x00000014   Code   RO         6776    i.LCD_WriteReg      lcd.o
    0x08002878   0x08002878   0x00000038   Code   RO         7179    i.MCP4725_WriteData_Digital  charge_control.o
    0x080028b0   0x080028b0   0x00000004   Code   RO            7    i.MemManage_Handler  apm32e10x_int.o
    0x080028b4   0x080028b4   0x00000002   Code   RO            8    i.NMI_Handler       apm32e10x_int.o
    0x080028b6   0x080028b6   0x00000002   PAD
    0x080028b8   0x080028b8   0x00000010   Code   RO         2362    i.RCM_EnableAHBPeriphClock  apm32e10x_rcm.o
    0x080028c8   0x080028c8   0x00000010   Code   RO         2363    i.RCM_EnableAPB1PeriphClock  apm32e10x_rcm.o
    0x080028d8   0x080028d8   0x00000010   Code   RO         2365    i.RCM_EnableAPB2PeriphClock  apm32e10x_rcm.o
    0x080028e8   0x080028e8   0x0000003c   Code   RO         2375    i.RCM_ReadHCLKFreq  apm32e10x_rcm.o
    0x08002924   0x08002924   0x0000004c   Code   RO         2377    i.RCM_ReadPCLKFreq  apm32e10x_rcm.o
    0x08002970   0x08002970   0x00000064   Code   RO         2378    i.RCM_ReadSYSCLKFreq  apm32e10x_rcm.o
    0x080029d4   0x080029d4   0x0000001c   Code   RO         7116    i.RS485_CalcChecksum  rs485.o
    0x080029f0   0x080029f0   0x00000128   Code   RO         7117    i.RS485_Master_Receive_Process  rs485.o
    0x08002b18   0x08002b18   0x00000090   Code   RO         7118    i.RS485_Master_Send_Turn  rs485.o
    0x08002ba8   0x08002ba8   0x00000032   Code   RO         3484    i.SPI_Config        apm32e10x_spi.o
    0x08002bda   0x08002bda   0x00000018   Code   RO         3487    i.SPI_ConfigStructInit  apm32e10x_spi.o
    0x08002bf2   0x08002bf2   0x0000000c   Code   RO         3491    i.SPI_Enable        apm32e10x_spi.o
    0x08002bfe   0x08002bfe   0x00000010   Code   RO         3501    i.SPI_I2S_ReadStatusFlag  apm32e10x_spi.o
    0x08002c0e   0x08002c0e   0x00000004   Code   RO         3504    i.SPI_I2S_TxData    apm32e10x_spi.o
    0x08002c12   0x08002c12   0x00000002   PAD
    0x08002c14   0x08002c14   0x000000f4   Code   RO         6778    i.Show_Str          lcd.o
    0x08002d08   0x08002d08   0x00000034   Code   RO         6674    i.SysTick_Handler   port.o
    0x08002d3c   0x08002d3c   0x000000dc   Code   RO          230    i.SystemClock120M   system_apm32e10x.o
    0x08002e18   0x08002e18   0x00000008   Code   RO          231    i.SystemClockConfig  system_apm32e10x.o
    0x08002e20   0x08002e20   0x00000060   Code   RO          233    i.SystemInit        system_apm32e10x.o
    0x08002e80   0x08002e80   0x000000a0   Code   RO          285    i.USART2_DMA_RX_Init  my_init.o
    0x08002f20   0x08002f20   0x00000060   Code   RO          286    i.USART2_IRQHandler  my_init.o
    0x08002f80   0x08002f80   0x00000008   Code   RO         4327    i.USART_ClearStatusFlag  apm32e10x_usart.o
    0x08002f88   0x08002f88   0x00000090   Code   RO         4328    i.USART_Config      apm32e10x_usart.o
    0x08003018   0x08003018   0x0000000e   Code   RO         4348    i.USART_Enable      apm32e10x_usart.o
    0x08003026   0x08003026   0x00000008   Code   RO         4349    i.USART_EnableDMA   apm32e10x_usart.o
    0x0800302e   0x0800302e   0x00000028   Code   RO         4351    i.USART_EnableInterrupt  apm32e10x_usart.o
    0x08003056   0x08003056   0x00000002   PAD
    0x08003058   0x08003058   0x0000005c   Code   RO          287    i.USART_Init        my_init.o
    0x080030b4   0x080030b4   0x00000010   Code   RO         4360    i.USART_ReadStatusFlag  apm32e10x_usart.o
    0x080030c4   0x080030c4   0x0000000a   Code   RO         4364    i.USART_TxData      apm32e10x_usart.o
    0x080030ce   0x080030ce   0x00000004   Code   RO            9    i.UsageFault_Handler  apm32e10x_int.o
    0x080030d2   0x080030d2   0x00000002   PAD
    0x080030d4   0x080030d4   0x0000006c   Code   RO          116    i.UserTaskCreate    main.o
    0x08003140   0x08003140   0x00000028   Code   RO         7692    i.__ARM_fpclassify  m_ws.l(fpclassify.o)
    0x08003168   0x08003168   0x00000022   Code   RO          288    i.__NVIC_EnableIRQ  my_init.o
    0x0800318a   0x0800318a   0x00000002   PAD
    0x0800318c   0x0800318c   0x00000028   Code   RO          289    i.__NVIC_SetPriority  my_init.o
    0x080031b4   0x080031b4   0x0000000e   Code   RO         7525    i._is_digit         c_w.l(__printf_wp.o)
    0x080031c2   0x080031c2   0x00000002   PAD
    0x080031c4   0x080031c4   0x00000024   Code   RO         7258    i.charging_station_ui_init  charging_station_ui.o
    0x080031e8   0x080031e8   0x0000040c   Code   RO         7259    i.charging_station_ui_task  charging_station_ui.o
    0x080035f4   0x080035f4   0x00000018   Code   RO         6779    i.delay_ms          lcd.o
    0x0800360c   0x0800360c   0x000001c8   Code   RO         7260    i.draw_charging_screen  charging_station_ui.o
    0x080037d4   0x080037d4   0x000000bc   Code   RO         7261    i.draw_detail_screen  charging_station_ui.o
    0x08003890   0x08003890   0x000000c4   Code   RO         7262    i.draw_main_screen  charging_station_ui.o
    0x08003954   0x08003954   0x000000b8   Code   RO         7263    i.draw_menu_screen  charging_station_ui.o
    0x08003a0c   0x08003a0c   0x00000054   Code   RO         7264    i.draw_monitor_screen  charging_station_ui.o
    0x08003a60   0x08003a60   0x00000054   Code   RO         7265    i.draw_power_screen  charging_station_ui.o
    0x08003ab4   0x08003ab4   0x00000054   Code   RO         7266    i.draw_progress_bar  charging_station_ui.o
    0x08003b08   0x08003b08   0x00000054   Code   RO         7267    i.draw_settings_screen  charging_station_ui.o
    0x08003b5c   0x08003b5c   0x000001b4   Code   RO         7268    i.draw_station_card  charging_station_ui.o
    0x08003d10   0x08003d10   0x0000000e   Code   RO         7182    i.i2c_Delay         charge_control.o
    0x08003d1e   0x08003d1e   0x00000038   Code   RO          117    i.main              main.o
    0x08003d56   0x08003d56   0x00000002   PAD
    0x08003d58   0x08003d58   0x00000098   Code   RO         6100    i.prvAddCurrentTaskToDelayedList  tasks.o
    0x08003df0   0x08003df0   0x000000b8   Code   RO         6101    i.prvAddNewTaskToReadyList  tasks.o
    0x08003ea8   0x08003ea8   0x00000064   Code   RO         6473    i.prvCheckForValidListAndQueue  timers.o
    0x08003f0c   0x08003f0c   0x00000048   Code   RO         6102    i.prvCheckTasksWaitingTermination  tasks.o
    0x08003f54   0x08003f54   0x0000002a   Code   RO         5723    i.prvCopyDataFromQueue  queue.o
    0x08003f7e   0x08003f7e   0x0000007e   Code   RO         5724    i.prvCopyDataToQueue  queue.o
    0x08003ffc   0x08003ffc   0x00000012   Code   RO         6103    i.prvDeleteTCB      tasks.o
    0x0800400e   0x0800400e   0x00000002   PAD
    0x08004010   0x08004010   0x00000028   Code   RO         6474    i.prvGetNextExpireTime  timers.o
    0x08004038   0x08004038   0x0000007c   Code   RO         6618    i.prvHeapInit       heap_4.o
    0x080040b4   0x080040b4   0x00000028   Code   RO         6104    i.prvIdleTask       tasks.o
    0x080040dc   0x080040dc   0x0000002a   Code   RO         5727    i.prvInitialiseNewQueue  queue.o
    0x08004106   0x08004106   0x0000009a   Code   RO         6105    i.prvInitialiseNewTask  tasks.o
    0x080041a0   0x080041a0   0x00000068   Code   RO         6106    i.prvInitialiseTaskLists  tasks.o
    0x08004208   0x08004208   0x00000068   Code   RO         6619    i.prvInsertBlockIntoFreeList  heap_4.o
    0x08004270   0x08004270   0x00000058   Code   RO         6476    i.prvInsertTimerInActiveList  timers.o
    0x080042c8   0x080042c8   0x0000001a   Code   RO         5728    i.prvIsQueueEmpty   queue.o
    0x080042e2   0x080042e2   0x0000001e   Code   RO         5729    i.prvIsQueueFull    queue.o
    0x08004300   0x08004300   0x0000005c   Code   RO         6477    i.prvProcessExpiredTimer  timers.o
    0x0800435c   0x0800435c   0x000000fc   Code   RO         6478    i.prvProcessReceivedCommands  timers.o
    0x08004458   0x08004458   0x00000074   Code   RO         6479    i.prvProcessTimerOrBlockTask  timers.o
    0x080044cc   0x080044cc   0x00000030   Code   RO         6108    i.prvResetNextTaskUnblockTime  tasks.o
    0x080044fc   0x080044fc   0x0000002c   Code   RO         6480    i.prvSampleTimeNow  timers.o
    0x08004528   0x08004528   0x00000088   Code   RO         6481    i.prvSwitchTimerLists  timers.o
    0x080045b0   0x080045b0   0x00000016   Code   RO         6675    i.prvTaskExitError  port.o
    0x080045c6   0x080045c6   0x0000001a   Code   RO         6482    i.prvTimerTask      timers.o
    0x080045e0   0x080045e0   0x0000007e   Code   RO         5730    i.prvUnlockQueue    queue.o
    0x0800465e   0x0800465e   0x00000002   PAD
    0x08004660   0x08004660   0x000000fc   Code   RO         6620    i.pvPortMalloc      heap_4.o
    0x0800475c   0x0800475c   0x00000024   Code   RO         6676    i.pxPortInitialiseStack  port.o
    0x08004780   0x08004780   0x00000074   Code   RO         7269    i.read_key          charging_station_ui.o
    0x080047f4   0x080047f4   0x00000054   Code   RO         7270    i.refresh_current_line  charging_station_ui.o
    0x08004848   0x08004848   0x00000054   Code   RO         7271    i.refresh_discharge_current_line  charging_station_ui.o
    0x0800489c   0x0800489c   0x0000004c   Code   RO         7272    i.refresh_discharge_power_line  charging_station_ui.o
    0x080048e8   0x080048e8   0x00000054   Code   RO         7273    i.refresh_discharge_voltage_line  charging_station_ui.o
    0x0800493c   0x0800493c   0x0000004c   Code   RO         7274    i.refresh_power_line  charging_station_ui.o
    0x08004988   0x08004988   0x00000054   Code   RO         7275    i.refresh_voltage_line  charging_station_ui.o
    0x080049dc   0x080049dc   0x00000104   Code   RO         7286    i.update_charge_mode_selection  charging_station_ui.o
    0x08004ae0   0x08004ae0   0x000000c0   Code   RO         7287    i.update_detail_numbers  charging_station_ui.o
    0x08004ba0   0x08004ba0   0x00000070   Code   RO         7288    i.update_menu_selection  charging_station_ui.o
    0x08004c10   0x08004c10   0x00000040   Code   RO         7289    i.update_power      charging_station_ui.o
    0x08004c50   0x08004c50   0x00000088   Code   RO         7290    i.update_station_selection  charging_station_ui.o
    0x08004cd8   0x08004cd8   0x00000028   Code   RO         5683    i.uxListRemove      list.o
    0x08004d00   0x08004d00   0x0000001a   Code   RO         5684    i.vListInitialise   list.o
    0x08004d1a   0x08004d1a   0x00000006   Code   RO         5685    i.vListInitialiseItem  list.o
    0x08004d20   0x08004d20   0x00000034   Code   RO         5686    i.vListInsert       list.o
    0x08004d54   0x08004d54   0x00000018   Code   RO         5687    i.vListInsertEnd    list.o
    0x08004d6c   0x08004d6c   0x00000024   Code   RO         6678    i.vPortEnterCritical  port.o
    0x08004d90   0x08004d90   0x00000020   Code   RO         6679    i.vPortExitCritical  port.o
    0x08004db0   0x08004db0   0x00000058   Code   RO         6621    i.vPortFree         heap_4.o
    0x08004e08   0x08004e08   0x00000028   Code   RO         6680    i.vPortSetupTimerInterrupt  port.o
    0x08004e30   0x08004e30   0x0000002c   Code   RO         5736    i.vQueueAddToRegistry  queue.o
    0x08004e5c   0x08004e5c   0x0000004a   Code   RO         5740    i.vQueueWaitForMessageRestricted  queue.o
    0x08004ea6   0x08004ea6   0x00000002   PAD
    0x08004ea8   0x08004ea8   0x00000034   Code   RO         6120    i.vTaskDelay        tasks.o
    0x08004edc   0x08004edc   0x00000018   Code   RO         6125    i.vTaskInternalSetTimeOutState  tasks.o
    0x08004ef4   0x08004ef4   0x0000000c   Code   RO         6126    i.vTaskMissedYield  tasks.o
    0x08004f00   0x08004f00   0x00000020   Code   RO         6127    i.vTaskPlaceOnEventList  tasks.o
    0x08004f20   0x08004f20   0x00000028   Code   RO         6128    i.vTaskPlaceOnEventListRestricted  tasks.o
    0x08004f48   0x08004f48   0x00000078   Code   RO         6136    i.vTaskStartScheduler  tasks.o
    0x08004fc0   0x08004fc0   0x00000010   Code   RO         6138    i.vTaskSuspendAll   tasks.o
    0x08004fd0   0x08004fd0   0x00000060   Code   RO         6139    i.vTaskSwitchContext  tasks.o
    0x08005030   0x08005030   0x000000d0   Code   RO          118    i.vTaskUsartTest    main.o
    0x08005100   0x08005100   0x00000034   Code   RO         6681    i.xPortStartScheduler  port.o
    0x08005134   0x08005134   0x00000034   Code   RO         5743    i.xQueueGenericCreate  queue.o
    0x08005168   0x08005168   0x00000080   Code   RO         5744    i.xQueueGenericReset  queue.o
    0x080051e8   0x080051e8   0x00000118   Code   RO         5745    i.xQueueGenericSend  queue.o
    0x08005300   0x08005300   0x0000008a   Code   RO         5746    i.xQueueGenericSendFromISR  queue.o
    0x0800538a   0x0800538a   0x00000002   PAD
    0x0800538c   0x0800538c   0x00000104   Code   RO         5753    i.xQueueReceive     queue.o
    0x08005490   0x08005490   0x00000060   Code   RO         6141    i.xTaskCheckForTimeOut  tasks.o
    0x080054f0   0x080054f0   0x00000060   Code   RO         6142    i.xTaskCreate       tasks.o
    0x08005550   0x08005550   0x00000020   Code   RO         6149    i.xTaskGetSchedulerState  tasks.o
    0x08005570   0x08005570   0x0000000c   Code   RO         6150    i.xTaskGetTickCount  tasks.o
    0x0800557c   0x0800557c   0x0000011c   Code   RO         6152    i.xTaskIncrementTick  tasks.o
    0x08005698   0x08005698   0x00000074   Code   RO         6153    i.xTaskPriorityDisinherit  tasks.o
    0x0800570c   0x0800570c   0x00000080   Code   RO         6155    i.xTaskRemoveFromEventList  tasks.o
    0x0800578c   0x0800578c   0x000000e8   Code   RO         6156    i.xTaskResumeAll    tasks.o
    0x08005874   0x08005874   0x00000040   Code   RO         6490    i.xTimerCreateTimerTask  timers.o
    0x080058b4   0x080058b4   0x0000006c   Code   RO         6491    i.xTimerGenericCommand  timers.o
    0x08005920   0x08005920   0x0000002c   Code   RO         7688    locale$$code        c_w.l(lc_numeric_c.o)
    0x0800594c   0x0800594c   0x00000062   Code   RO         7553    x$fpl$d2f           fz_ws.l(d2f.o)
    0x080059ae   0x080059ae   0x00000002   PAD
    0x080059b0   0x080059b0   0x000002b0   Code   RO         7556    x$fpl$ddiv          fz_ws.l(ddiv.o)
    0x08005c60   0x08005c60   0x00000154   Code   RO         7559    x$fpl$dmul          fz_ws.l(dmul.o)
    0x08005db4   0x08005db4   0x0000009c   Code   RO         7609    x$fpl$dnaninf       fz_ws.l(dnaninf.o)
    0x08005e50   0x08005e50   0x0000000c   Code   RO         7611    x$fpl$dretinf       fz_ws.l(dretinf.o)
    0x08005e5c   0x08005e5c   0x00000056   Code   RO         7561    x$fpl$f2d           fz_ws.l(f2d.o)
    0x08005eb2   0x08005eb2   0x00000018   Code   RO         7613    x$fpl$fcmpinf       fz_ws.l(fcmpi.o)
    0x08005eca   0x08005eca   0x00000002   PAD
    0x08005ecc   0x08005ecc   0x00000184   Code   RO         7564    x$fpl$fdiv          fz_ws.l(fdiv.o)
    0x08006050   0x08006050   0x00000068   Code   RO         7567    x$fpl$feqf          fz_ws.l(feqf.o)
    0x080060b8   0x080060b8   0x00000036   Code   RO         7569    x$fpl$ffix          fz_ws.l(ffix.o)
    0x080060ee   0x080060ee   0x00000002   PAD
    0x080060f0   0x080060f0   0x0000003e   Code   RO         7573    x$fpl$ffixu         fz_ws.l(ffixu.o)
    0x0800612e   0x0800612e   0x00000002   PAD
    0x08006130   0x08006130   0x00000026   Code   RO         7577    x$fpl$ffltu         fz_ws.l(fflt_clz.o)
    0x08006156   0x08006156   0x00000002   PAD
    0x08006158   0x08006158   0x00000068   Code   RO         7615    x$fpl$fleqf         fz_ws.l(fleqf.o)
    0x080061c0   0x080061c0   0x00000102   Code   RO         7583    x$fpl$fmul          fz_ws.l(fmul.o)
    0x080062c2   0x080062c2   0x0000008c   Code   RO         7617    x$fpl$fnaninf       fz_ws.l(fnaninf.o)
    0x0800634e   0x0800634e   0x0000000a   Code   RO         7619    x$fpl$fretinf       fz_ws.l(fretinf.o)
    0x08006358   0x08006358   0x00000062   Code   RO         7585    x$fpl$frleqf        fz_ws.l(frleqf.o)
    0x080063ba   0x080063ba   0x00000004   Code   RO         7587    x$fpl$printf1       fz_ws.l(printf1.o)
    0x080063be   0x080063be   0x00000000   Code   RO         7621    x$fpl$usenofp       fz_ws.l(usenofp.o)
    0x080063be   0x080063be   0x00000002   PAD
    0x080063c0   0x080063c0   0x00000044   Data   RO         5196    .constdata          board.o
    0x08006404   0x08006404   0x000017c0   Data   RO         6786    .constdata          lcd.o
    0x08007bc4   0x08007bc4   0x00000018   Data   RO         7292    .constdata          charging_station_ui.o
    0x08007bdc   0x08007bdc   0x00000011   Data   RO         7533    .constdata          c_w.l(__printf_flags_ss_wp.o)
    0x08007bed   0x08007bed   0x00000003   PAD
    0x08007bf0   0x08007bf0   0x00000094   Data   RO         7649    .constdata          c_w.l(bigflt0.o)
    0x08007c84   0x08007c84   0x00000061   Data   RO         7293    .conststring        charging_station_ui.o
    0x08007ce5   0x08007ce5   0x00000003   PAD
    0x08007ce8   0x08007ce8   0x00000020   Data   RO         7990    Region$$Table       anon$$obj.o
    0x08007d08   0x08007d08   0x0000001c   Data   RO         7687    locale$$data        c_w.l(lc_numeric_c.o)


    Execution Region RW_IRAM1 (Exec base: 0x20000000, Load base: 0x08007d24, Size: 0x00014818, Max: 0x00020000, ABSOLUTE, COMPRESSED[0x00000e04])

    Exec Addr    Load Addr    Size         Type   Attr      Idx    E Section Name        Object

    0x20000000   COMPRESSED   0x0000001d   Data   RW          119    .data               main.o
    0x2000001d   COMPRESSED   0x00000003   PAD
    0x20000020   COMPRESSED   0x00000004   Data   RW          234    .data               system_apm32e10x.o
    0x20000024   COMPRESSED   0x00000003   Data   RW          291    .data               my_init.o
    0x20000027   COMPRESSED   0x00000001   PAD
    0x20000028   COMPRESSED   0x00000028   Data   RW         5197    .data               board.o
    0x20000050   COMPRESSED   0x00000040   Data   RW         6159    .data               tasks.o
    0x20000090   COMPRESSED   0x00000014   Data   RW         6497    .data               timers.o
    0x200000a4   COMPRESSED   0x00000020   Data   RW         6627    .data               heap_4.o
    0x200000c4   COMPRESSED   0x00000004   Data   RW         6682    .data               port.o
    0x200000c8   COMPRESSED   0x0000124e   Data   RW         6787    .data               lcd.o
    0x20001316   COMPRESSED   0x00000002   PAD
    0x20001318   COMPRESSED   0x0000001c   Data   RW         7119    .data               rs485.o
    0x20001334   COMPRESSED   0x00000043   Data   RW         7294    .data               charging_station_ui.o
    0x20001377   COMPRESSED   0x00000001   PAD
    0x20001378        -       0x00000080   Zero   RW          290    .bss                my_init.o
    0x200013f8        -       0x00000040   Zero   RW         5757    .bss                queue.o
    0x20001438        -       0x000000c8   Zero   RW         6158    .bss                tasks.o
    0x20001500        -       0x00000028   Zero   RW         6496    .bss                timers.o
    0x20001528        -       0x00012c00   Zero   RW         6626    .bss                heap_4.o
    0x20014128        -       0x0000000e   Zero   RW         6785    .bss                lcd.o
    0x20014136   COMPRESSED   0x00000002   PAD
    0x20014138        -       0x00000080   Zero   RW         7291    .bss                charging_station_ui.o
    0x200141b8        -       0x00000060   Zero   RW         7700    .bss                c_w.l(libspace.o)
    0x20014218        -       0x00000200   Zero   RW         5560    HEAP                startup_apm32e10x_hd.o
    0x20014418        -       0x00000400   Zero   RW         5559    STACK               startup_apm32e10x_hd.o


==============================================================================

Image component sizes


      Code (inc. data)   RO Data    RW Data    ZI Data      Debug   Object Name

       320         10          0          0          0       4229   apm32e10x_adc.o
       142          0          0          0          0       2295   apm32e10x_dma.o
       206          0          0          0          0       3793   apm32e10x_gpio.o
        20          0          0          0          0      78093   apm32e10x_int.o
       284         62          0          0          0       3670   apm32e10x_rcm.o
       106          0          0          0          0       2875   apm32e10x_spi.o
       240          6          0          0          0       4198   apm32e10x_usart.o
       280         54         68         40          0       5163   board.o
       374         22          0          0          0       3269   charge_control.o
      4236        724        121         67        128      17534   charging_station_ui.o
         0          0          0          0          0      13404   event_groups.o
       568         72          0         32      76800       3815   heap_4.o
      3268        172       6080       4686         14      16884   lcd.o
       148          0          0          0          0       3018   list.o
       592        126          0         29          0      26344   main.o
       492         62          0          3        128       4038   my_init.o
       420         48          0          4          0       8876   port.o
      1368         20          0          0         64      13778   queue.o
       468         46          0         28          0       3959   rs485.o
        64         26        324          0       1536        768   startup_apm32e10x_hd.o
       324         24          0          4          0       1987   system_apm32e10x.o
      2160        340          0         64        200      28888   tasks.o
      1066        118          0         20         40      10583   timers.o

    ----------------------------------------------------------------------
     17168       1932       6628       4984      78912     261461   Object Totals
         0          0         32          0          0          0   (incl. Generated)
        22          0          3          7          2          0   (incl. Padding)

    ----------------------------------------------------------------------

      Code (inc. data)   RO Data    RW Data    ZI Data      Debug   Library Member Name

        90          0          0          0          0          0   __dczerorl2.o
         8          0          0          0          0         68   __main.o
       392          4         17          0          0         92   __printf_flags_ss_wp.o
        14          0          0          0          0         68   __printf_wp.o
         0          0          0          0          0          0   __rtentry.o
        12          0          0          0          0          0   __rtentry2.o
         6          0          0          0          0          0   __rtentry4.o
        52          8          0          0          0          0   __scatter.o
        28          0          0          0          0          0   __scatter_zi.o
        48          6          0          0          0         96   _printf_char_common.o
         6          0          0          0          0          0   _printf_d.o
       120         16          0          0          0         92   _printf_dec.o
         6          0          0          0          0          0   _printf_f.o
      1054          0          0          0          0        216   _printf_fp_dec.o
       128         16          0          0          0         84   _printf_fp_infnan.o
       178          0          0          0          0         88   _printf_intcommon.o
        78          0          0          0          0        108   _printf_pad.o
         0          0          0          0          0          0   _printf_percent.o
         4          0          0          0          0          0   _printf_percent_end.o
        10          0          0          0          0         68   _sputc.o
        16          0          0          0          0         68   aeabi_memset.o
       228          4        148          0          0         96   bigflt0.o
      1936        128          0          0          0        672   btod.o
        18          0          0          0          0         80   exit.o
         6          0          0          0          0        152   heapauxi.o
         0          0          0          0          0          0   indicate_semi.o
        44         10         28          0          0         76   lc_numeric_c.o
         2          0          0          0          0          0   libinit.o
        18          0          0          0          0          0   libinit2.o
         2          0          0          0          0          0   libshutdown.o
         2          0          0          0          0          0   libshutdown2.o
         8          4          0          0         96         68   libspace.o
       138          0          0          0          0         80   lludiv10.o
        40          6          0          0          0         84   noretval__2sprintf.o
         8          4          0          0          0         68   rt_locale_intlibspace.o
        68          0          0          0          0         68   rt_memclr.o
        78          0          0          0          0         80   rt_memclr_w.o
       138          0          0          0          0         68   rt_memcpy_v6.o
       100          0          0          0          0         80   rt_memcpy_w.o
         2          0          0          0          0          0   rtexit.o
        10          0          0          0          0          0   rtexit2.o
       128          0          0          0          0         68   strcmpv7m.o
        12          4          0          0          0         68   sys_exit.o
        74          0          0          0          0         80   sys_stackheap_outer.o
         2          0          0          0          0         68   use_no_semi.o
        98          4          0          0          0         92   d2f.o
       688        140          0          0          0        208   ddiv.o
       340         12          0          0          0        104   dmul.o
       156          4          0          0          0         92   dnaninf.o
        12          0          0          0          0         68   dretinf.o
        86          4          0          0          0         84   f2d.o
        24          0          0          0          0         68   fcmpi.o
       388         76          0          0          0         96   fdiv.o
       104          4          0          0          0         84   feqf.o
        54          4          0          0          0         84   ffix.o
        62          4          0          0          0         84   ffixu.o
        38          0          0          0          0         68   fflt_clz.o
       104          4          0          0          0         84   fleqf.o
       258          4          0          0          0         84   fmul.o
       140          4          0          0          0         84   fnaninf.o
        10          0          0          0          0         68   fretinf.o
        98          0          0          0          0         68   frleqf.o
         4          0          0          0          0         68   printf1.o
         0          0          0          0          0          0   usenofp.o
        40          0          0          0          0         68   fpclassify.o

    ----------------------------------------------------------------------
      8044        474        196          0         96       4660   Library Totals
        28          0          3          0          0          0   (incl. Padding)

    ----------------------------------------------------------------------

      Code (inc. data)   RO Data    RW Data    ZI Data      Debug   Library Name

      5312        210        193          0         96       3004   c_w.l
      2664        264          0          0          0       1588   fz_ws.l
        40          0          0          0          0         68   m_ws.l

    ----------------------------------------------------------------------
      8044        474        196          0         96       4660   Library Totals

    ----------------------------------------------------------------------

==============================================================================


      Code (inc. data)   RO Data    RW Data    ZI Data      Debug   

     25212       2406       6824       4984      79008     254417   Grand Totals
     25212       2406       6824       3588      79008     254417   ELF Image Totals (compressed)
     25212       2406       6824       3588          0          0   ROM Totals

==============================================================================

    Total RO  Size (Code + RO Data)                32036 (  31.29kB)
    Total RW  Size (RW Data + ZI Data)             83992 (  82.02kB)
    Total ROM Size (Code + RO Data + RW Data)      35624 (  34.79kB)

==============================================================================

