Component: ARM Compiler 5.06 update 5 (build 528) Tool: armlink [4d35e2]

==============================================================================

Section Cross References

    main.o(i.UserTaskCreate) refers to tasks.o(i.xTaskCreate) for xTaskCreate
    main.o(i.UserTaskCreate) refers to main.o(.data) for xHandleTaskLedToggle
    main.o(i.UserTaskCreate) refers to main.o(i.vTaskLedToggle) for vTaskLedToggle
    main.o(i.UserTaskCreate) refers to main.o(i.vTaskUsartTest) for vTaskUsartTest
    main.o(i.main) refers to system_apm32e10x.o(i.SystemInit) for SystemInit
    main.o(i.main) refers to my_init.o(i.GPIO_INIT) for GPIO_INIT
    main.o(i.main) refers to board.o(i.APM_MINI_LEDInit) for APM_MINI_LEDInit
    main.o(i.main) refers to my_init.o(i.USART_Init) for USART_Init
    main.o(i.main) refers to lcd.o(i.LCD_Init) for LCD_Init
    main.o(i.main) refers to lcd.o(i.LCD_Display_Dir) for LCD_Display_Dir
    main.o(i.main) refers to lcd.o(i.LCD_Clear) for LCD_Clear
    main.o(i.main) refers to test code.o(i.main_test) for main_test
    main.o(i.main) refers to test code.o(i.Color_Test) for Color_Test
    main.o(i.main) refers to test code.o(i.FillRec_Test) for FillRec_Test
    main.o(i.main) refers to test code.o(i.English_Font_test) for English_Font_test
    main.o(i.main) refers to test code.o(i.Chinese_Font_test) for Chinese_Font_test
    main.o(i.main) refers to test code.o(i.Pic_test) for Pic_test
    main.o(i.main) refers to test code.o(i.Switch_test) for Switch_test
    main.o(i.main) refers to test code.o(i.Rotate_Test) for Rotate_Test
    main.o(i.main) refers to main.o(i.UserTaskCreate) for UserTaskCreate
    main.o(i.main) refers to tasks.o(i.vTaskStartScheduler) for vTaskStartScheduler
    main.o(i.main) refers to board.o(i.APM_MINI_LEDToggle) for APM_MINI_LEDToggle
    main.o(i.vTaskLedToggle) refers to board.o(i.APM_MINI_LEDToggle) for APM_MINI_LEDToggle
    main.o(i.vTaskLedToggle) refers to tasks.o(i.vTaskDelay) for vTaskDelay
    main.o(i.vTaskUsartTest) refers to apm32e10x_usart.o(i.USART_ReadStatusFlag) for USART_ReadStatusFlag
    main.o(i.vTaskUsartTest) refers to apm32e10x_usart.o(i.USART_RxData) for USART_RxData
    main.o(i.vTaskUsartTest) refers to board.o(i.APM_MINI_LEDToggle) for APM_MINI_LEDToggle
    main.o(i.vTaskUsartTest) refers to tasks.o(i.vTaskDelay) for vTaskDelay
    main.o(i.vTaskUsartTest) refers to main.o(.data) for uartRxIndex
    main.o(i.vTaskUsartTest) refers to main.o(.bss) for uartRxBuffer
    system_apm32e10x.o(i.SystemClockConfig) refers to system_apm32e10x.o(i.SystemClock120M) for SystemClock120M
    system_apm32e10x.o(i.SystemCoreClockUpdate) refers to system_apm32e10x.o(.data) for SystemCoreClock
    system_apm32e10x.o(i.SystemInit) refers to system_apm32e10x.o(i.SystemClockConfig) for SystemClockConfig
    my_init.o(i.GPIO_INIT) refers to apm32e10x_rcm.o(i.RCM_EnableAPB2PeriphClock) for RCM_EnableAPB2PeriphClock
    my_init.o(i.GPIO_INIT) refers to apm32e10x_gpio.o(i.GPIO_Config) for GPIO_Config
    my_init.o(i.GPIO_INIT) refers to apm32e10x_gpio.o(i.GPIO_ResetBit) for GPIO_ResetBit
    my_init.o(i.USART_Init) refers to board.o(i.APM_MINI_COMInit) for APM_MINI_COMInit
    my_init.o(i.USART_Init) refers to my_init.o(i.Delay) for Delay
    my_init.o(i.USART_Init) refers to apm32e10x_usart.o(i.USART_ClearStatusFlag) for USART_ClearStatusFlag
    apm32e10x_adc.o(i.ADC_Reset) refers to apm32e10x_rcm.o(i.RCM_EnableAPB2PeriphReset) for RCM_EnableAPB2PeriphReset
    apm32e10x_adc.o(i.ADC_Reset) refers to apm32e10x_rcm.o(i.RCM_DisableAPB2PeriphReset) for RCM_DisableAPB2PeriphReset
    apm32e10x_bakpr.o(i.BAKPR_Reset) refers to apm32e10x_rcm.o(i.RCM_EnableBackupReset) for RCM_EnableBackupReset
    apm32e10x_bakpr.o(i.BAKPR_Reset) refers to apm32e10x_rcm.o(i.RCM_DisableBackupReset) for RCM_DisableBackupReset
    apm32e10x_can.o(i.CAN_Reset) refers to apm32e10x_rcm.o(i.RCM_EnableAPB1PeriphReset) for RCM_EnableAPB1PeriphReset
    apm32e10x_can.o(i.CAN_Reset) refers to apm32e10x_rcm.o(i.RCM_DisableAPB1PeriphReset) for RCM_DisableAPB1PeriphReset
    apm32e10x_dac.o(i.DAC_Reset) refers to apm32e10x_rcm.o(i.RCM_EnableAPB1PeriphReset) for RCM_EnableAPB1PeriphReset
    apm32e10x_dac.o(i.DAC_Reset) refers to apm32e10x_rcm.o(i.RCM_DisableAPB1PeriphReset) for RCM_DisableAPB1PeriphReset
    apm32e10x_dmc.o(i.DMC_Config) refers to apm32e10x_dmc.o(i.DMC_ConfigTiming) for DMC_ConfigTiming
    apm32e10x_dmc.o(i.DMC_ConfigStructInit) refers to apm32e10x_dmc.o(i.DMC_ConfigTimingStructInit) for DMC_ConfigTimingStructInit
    apm32e10x_fmc.o(i.FMC_ConfigUserOptionByte) refers to apm32e10x_fmc.o(i.FMC_WaitForLastOperation) for FMC_WaitForLastOperation
    apm32e10x_fmc.o(i.FMC_DisableReadOutProtection) refers to apm32e10x_fmc.o(i.FMC_WaitForLastOperation) for FMC_WaitForLastOperation
    apm32e10x_fmc.o(i.FMC_EnableReadOutProtection) refers to apm32e10x_fmc.o(i.FMC_WaitForLastOperation) for FMC_WaitForLastOperation
[...]
    .text                                    0x08000534   Section        0  sys_exit.o(.text)
    i.APM_MINI_COMInit                       0x08000540   Section        0  board.o(i.APM_MINI_COMInit)
    i.APM_MINI_LEDInit                       0x080005e8   Section        0  board.o(i.APM_MINI_LEDInit)
    i.APM_MINI_LEDToggle                     0x08000634   Section        0  board.o(i.APM_MINI_LEDToggle)
    i.BusFault_Handler                       0x08000658   Section        0  apm32e10x_int.o(i.BusFault_Handler)
    i.Chinese_Font_test                      0x0800065c   Section        0  test code.o(i.Chinese_Font_test)
    i.Color_Test                             0x08000718   Section        0  test code.o(i.Color_Test)
    i.DMA1_Channel5_IRQHandler               0x080007d0   Section        0  lcd.o(i.DMA1_Channel5_IRQHandler)
    i.DMA_ClearStatusFlag                    0x080007fc   Section        0  apm32e10x_dma.o(i.DMA_ClearStatusFlag)
    i.DMA_Config                             0x08000818   Section        0  apm32e10x_dma.o(i.DMA_Config)
    i.DMA_ConfigStructInit                   0x08000876   Section        0  apm32e10x_dma.o(i.DMA_ConfigStructInit)
    i.DMA_Disable                            0x08000890   Section        0  apm32e10x_dma.o(i.DMA_Disable)
    i.DMA_Enable                             0x0800089a   Section        0  apm32e10x_dma.o(i.DMA_Enable)
    i.DMA_EnableInterrupt                    0x080008a6   Section        0  apm32e10x_dma.o(i.DMA_EnableInterrupt)
    i.DMA_ReadStatusFlag                     0x080008b0   Section        0  apm32e10x_dma.o(i.DMA_ReadStatusFlag)
    i.DebugMon_Handler                       0x080008e0   Section        0  apm32e10x_int.o(i.DebugMon_Handler)
    i.Delay                                  0x080008e2   Section        0  my_init.o(i.Delay)
    i.DispBand                               0x080008f4   Section        0  test code.o(i.DispBand)
    i.DrawTestPage                           0x08000990   Section        0  test code.o(i.DrawTestPage)
    i.English_Font_test                      0x08000ab4   Section        0  test code.o(i.English_Font_test)
    i.FillRec_Test                           0x08000c3c   Section        0  test code.o(i.FillRec_Test)
    i.GPIO_Config                            0x08000e2c   Section        0  apm32e10x_gpio.o(i.GPIO_Config)
    i.GPIO_INIT                              0x08000ec8   Section        0  my_init.o(i.GPIO_INIT)
    i.GPIO_ResetBit                          0x08000efc   Section        0  apm32e10x_gpio.o(i.GPIO_ResetBit)
    i.GPIO_SetBit                            0x08000f00   Section        0  apm32e10x_gpio.o(i.GPIO_SetBit)
    i.GUI_DrawFont16                         0x08000f04   Section        0  lcd.o(i.GUI_DrawFont16)
    i.GUI_DrawFont24                         0x08001000   Section        0  lcd.o(i.GUI_DrawFont24)
    i.GUI_DrawFont32                         0x0800110c   Section        0  lcd.o(i.GUI_DrawFont32)
    i.Gui_Drawbmp16                          0x08001208   Section        0  lcd.o(i.Gui_Drawbmp16)
    i.Gui_StrCenter                          0x08001258   Section        0  lcd.o(i.Gui_StrCenter)
    i.HardFault_Handler                      0x080012b8   Section        0  apm32e10x_int.o(i.HardFault_Handler)
    i.LCD_Clear                              0x080012bc   Section        0  lcd.o(i.LCD_Clear)
    i.LCD_DMA_Init                           0x08001344   Section        0  lcd.o(i.LCD_DMA_Init)
    i.LCD_DMA_WaitComplete                   0x080013bc   Section        0  lcd.o(i.LCD_DMA_WaitComplete)
    i.LCD_DMA_WriteData                      0x080013cc   Section        0  lcd.o(i.LCD_DMA_WriteData)
    i.LCD_DisplayOff                         0x080013fc   Section        0  lcd.o(i.LCD_DisplayOff)
    i.LCD_DisplayOn                          0x08001406   Section        0  lcd.o(i.LCD_DisplayOn)
    i.LCD_Display_Dir                        0x08001410   Section        0  lcd.o(i.LCD_Display_Dir)
    i.LCD_DrawLine                           0x080014f8   Section        0  lcd.o(i.LCD_DrawLine)
    i.LCD_DrawPoint                          0x080015a8   Section        0  lcd.o(i.LCD_DrawPoint)
    i.LCD_DrawRectangle                      0x080015c8   Section        0  lcd.o(i.LCD_DrawRectangle)
    i.LCD_Draw_Circle                        0x08001608   Section        0  lcd.o(i.LCD_Draw_Circle)
    i.LCD_Fast_DrawPoint                     0x080016a0   Section        0  lcd.o(i.LCD_Fast_DrawPoint)
    i.LCD_Fill                               0x080016c0   Section        0  lcd.o(i.LCD_Fill)
    i.LCD_Init                               0x08001778   Section        0  lcd.o(i.LCD_Init)
    i.LCD_SetCursor                          0x08001a2c   Section        0  lcd.o(i.LCD_SetCursor)
    i.LCD_Set_Window                         0x08001a60   Section        0  lcd.o(i.LCD_Set_Window)
    i.LCD_ShowChar                           0x08001acc   Section        0  lcd.o(i.LCD_ShowChar)
    i.LCD_ShowString                         0x08001bf4   Section        0  lcd.o(i.LCD_ShowString)
    i.LCD_WR_DATA                            0x08001c5c   Section        0  lcd.o(i.LCD_WR_DATA)
    i.LCD_WR_REG                             0x08001cb0   Section        0  lcd.o(i.LCD_WR_REG)
    i.LCD_WriteRAM                           0x08001d04   Section        0  lcd.o(i.LCD_WriteRAM)
    i.LCD_WriteRAM_Prepare                   0x08001d7c   Section        0  lcd.o(i.LCD_WriteRAM_Prepare)
    i.LCD_WriteReg                           0x08001d8c   Section        0  lcd.o(i.LCD_WriteReg)
    i.MemManage_Handler                      0x08001da0   Section        0  apm32e10x_int.o(i.MemManage_Handler)
    i.NMI_Handler                            0x08001da4   Section        0  apm32e10x_int.o(i.NMI_Handler)
    i.NVIC_ConfigPriorityGroup               0x08001da8   Section        0  apm32e10x_misc.o(i.NVIC_ConfigPriorityGroup)
    i.NVIC_EnableIRQRequest                  0x08001dbc   Section        0  apm32e10x_misc.o(i.NVIC_EnableIRQRequest)
    i.Pic_test                               0x08001e5c   Section        0  test code.o(i.Pic_test)
    i.RCM_EnableAHBPeriphClock               0x08001ea0   Section        0  apm32e10x_rcm.o(i.RCM_EnableAHBPeriphClock)
    i.RCM_EnableAPB1PeriphClock              0x08001eb0   Section        0  apm32e10x_rcm.o(i.RCM_EnableAPB1PeriphClock)
    i.RCM_EnableAPB2PeriphClock              0x08001ec0   Section        0  apm32e10x_rcm.o(i.RCM_EnableAPB2PeriphClock)
    i.RCM_ReadHCLKFreq                       0x08001ed0   Section        0  apm32e10x_rcm.o(i.RCM_ReadHCLKFreq)
    i.RCM_ReadPCLKFreq                       0x08001f0c   Section        0  apm32e10x_rcm.o(i.RCM_ReadPCLKFreq)
    i.RCM_ReadSYSCLKFreq                     0x08001f58   Section        0  apm32e10x_rcm.o(i.RCM_ReadSYSCLKFreq)
    i.Rotate_Test                            0x08001fbc   Section        0  test code.o(i.Rotate_Test)
    i.SPI_Config                             0x0800203c   Section        0  apm32e10x_spi.o(i.SPI_Config)
    i.SPI_ConfigStructInit                   0x0800206e   Section        0  apm32e10x_spi.o(i.SPI_ConfigStructInit)
    i.SPI_Enable                             0x08002086   Section        0  apm32e10x_spi.o(i.SPI_Enable)
    i.SPI_I2S_EnableDMA                      0x08002092   Section        0  apm32e10x_spi.o(i.SPI_I2S_EnableDMA)
    i.SPI_I2S_ReadStatusFlag                 0x080020ae   Section        0  apm32e10x_spi.o(i.SPI_I2S_ReadStatusFlag)
    i.SPI_I2S_TxData                         0x080020be   Section        0  apm32e10x_spi.o(i.SPI_I2S_TxData)
    i.Show_Str                               0x080020c4   Section        0  lcd.o(i.Show_Str)
    i.Switch_test                            0x080021b8   Section        0  test code.o(i.Switch_test)
    i.SysTick_Handler                        0x080021e4   Section        0  port.o(i.SysTick_Handler)
    i.SystemClock120M                        0x08002218   Section        0  system_apm32e10x.o(i.SystemClock120M)
    SystemClock120M                          0x08002219   Thumb Code   212  system_apm32e10x.o(i.SystemClock120M)
    i.SystemClockConfig                      0x080022f4   Section        0  system_apm32e10x.o(i.SystemClockConfig)
    SystemClockConfig                        0x080022f5   Thumb Code     8  system_apm32e10x.o(i.SystemClockConfig)
    i.SystemInit                             0x080022fc   Section        0  system_apm32e10x.o(i.SystemInit)
    i.USART_ClearStatusFlag                  0x0800235c   Section        0  apm32e10x_usart.o(i.USART_ClearStatusFlag)
    i.USART_Config                           0x08002364   Section        0  apm32e10x_usart.o(i.USART_Config)
    i.USART_Enable                           0x080023f4   Section        0  apm32e10x_usart.o(i.USART_Enable)
    i.USART_Init                             0x08002404   Section        0  my_init.o(i.USART_Init)
    i.USART_ReadStatusFlag                   0x0800244c   Section        0  apm32e10x_usart.o(i.USART_ReadStatusFlag)
    i.USART_RxData                           0x0800245c   Section        0  apm32e10x_usart.o(i.USART_RxData)
    i.UsageFault_Handler                     0x08002466   Section        0  apm32e10x_int.o(i.UsageFault_Handler)
    i.UserTaskCreate                         0x0800246c   Section        0  main.o(i.UserTaskCreate)
    UserTaskCreate                           0x0800246d   Thumb Code    46  main.o(i.UserTaskCreate)
    i.delay_ms                               0x080024cc   Section        0  lcd.o(i.delay_ms)
    i.gui_draw_hline                         0x080024e4   Section        0  lcd.o(i.gui_draw_hline)
    i.gui_fill_circle                        0x08002508   Section        0  lcd.o(i.gui_fill_circle)
    i.main                                   0x080025b8   Section        0  main.o(i.main)
    i.main_test                              0x08002628   Section        0  test code.o(i.main_test)
    i.prvAddCurrentTaskToDelayedList         0x080026f4   Section        0  tasks.o(i.prvAddCurrentTaskToDelayedList)
    prvAddCurrentTaskToDelayedList           0x080026f5   Thumb Code   124  tasks.o(i.prvAddCurrentTaskToDelayedList)
    i.prvAddNewTaskToReadyList               0x0800278c   Section        0  tasks.o(i.prvAddNewTaskToReadyList)
    prvAddNewTaskToReadyList                 0x0800278d   Thumb Code   156  tasks.o(i.prvAddNewTaskToReadyList)
    i.prvCheckForValidListAndQueue           0x08002844   Section        0  timers.o(i.prvCheckForValidListAndQueue)
    prvCheckForValidListAndQueue             0x08002845   Thumb Code    72  timers.o(i.prvCheckForValidListAndQueue)
    i.prvCheckTasksWaitingTermination        0x080028a8   Section        0  tasks.o(i.prvCheckTasksWaitingTermination)
    prvCheckTasksWaitingTermination          0x080028a9   Thumb Code    60  tasks.o(i.prvCheckTasksWaitingTermination)
    i.prvCopyDataFromQueue                   0x080028f0   Section        0  queue.o(i.prvCopyDataFromQueue)
    prvCopyDataFromQueue                     0x080028f1   Thumb Code    42  queue.o(i.prvCopyDataFromQueue)
    i.prvCopyDataToQueue                     0x0800291a   Section        0  queue.o(i.prvCopyDataToQueue)
    prvCopyDataToQueue                       0x0800291b   Thumb Code   126  queue.o(i.prvCopyDataToQueue)
    i.prvDeleteTCB                           0x08002998   Section        0  tasks.o(i.prvDeleteTCB)
    prvDeleteTCB                             0x08002999   Thumb Code    18  tasks.o(i.prvDeleteTCB)
    i.prvGetNextExpireTime                   0x080029ac   Section        0  timers.o(i.prvGetNextExpireTime)
    prvGetNextExpireTime                     0x080029ad   Thumb Code    36  timers.o(i.prvGetNextExpireTime)
    i.prvHeapInit                            0x080029d4   Section        0  heap_4.o(i.prvHeapInit)
    prvHeapInit                              0x080029d5   Thumb Code    98  heap_4.o(i.prvHeapInit)
    i.prvIdleTask                            0x08002a50   Section        0  tasks.o(i.prvIdleTask)
    prvIdleTask                              0x08002a51   Thumb Code    32  tasks.o(i.prvIdleTask)
    i.prvInitialiseNewQueue                  0x08002a78   Section        0  queue.o(i.prvInitialiseNewQueue)
    prvInitialiseNewQueue                    0x08002a79   Thumb Code    42  queue.o(i.prvInitialiseNewQueue)
    i.prvInitialiseNewTask                   0x08002aa2   Section        0  tasks.o(i.prvInitialiseNewTask)
    prvInitialiseNewTask                     0x08002aa3   Thumb Code   154  tasks.o(i.prvInitialiseNewTask)
    i.prvInitialiseTaskLists                 0x08002b3c   Section        0  tasks.o(i.prvInitialiseTaskLists)
    prvInitialiseTaskLists                   0x08002b3d   Thumb Code    70  tasks.o(i.prvInitialiseTaskLists)
    i.prvInsertBlockIntoFreeList             0x08002ba4   Section        0  heap_4.o(i.prvInsertBlockIntoFreeList)
    prvInsertBlockIntoFreeList               0x08002ba5   Thumb Code    96  heap_4.o(i.prvInsertBlockIntoFreeList)
    i.prvInsertTimerInActiveList             0x08002c0c   Section        0  timers.o(i.prvInsertTimerInActiveList)
    prvInsertTimerInActiveList               0x08002c0d   Thumb Code    80  timers.o(i.prvInsertTimerInActiveList)
    i.prvIsQueueEmpty                        0x08002c64   Section        0  queue.o(i.prvIsQueueEmpty)
    prvIsQueueEmpty                          0x08002c65   Thumb Code    26  queue.o(i.prvIsQueueEmpty)
    i.prvIsQueueFull                         0x08002c7e   Section        0  queue.o(i.prvIsQueueFull)
    prvIsQueueFull                           0x08002c7f   Thumb Code    30  queue.o(i.prvIsQueueFull)
    i.prvProcessExpiredTimer                 0x08002c9c   Section        0  timers.o(i.prvProcessExpiredTimer)
    prvProcessExpiredTimer                   0x08002c9d   Thumb Code    86  timers.o(i.prvProcessExpiredTimer)
    i.prvProcessReceivedCommands             0x08002cf8   Section        0  timers.o(i.prvProcessReceivedCommands)
    prvProcessReceivedCommands               0x08002cf9   Thumb Code   246  timers.o(i.prvProcessReceivedCommands)
    i.prvProcessTimerOrBlockTask             0x08002df4   Section        0  timers.o(i.prvProcessTimerOrBlockTask)
    prvProcessTimerOrBlockTask               0x08002df5   Thumb Code   102  timers.o(i.prvProcessTimerOrBlockTask)
    i.prvResetNextTaskUnblockTime            0x08002e68   Section        0  tasks.o(i.prvResetNextTaskUnblockTime)
    prvResetNextTaskUnblockTime              0x08002e69   Thumb Code    40  tasks.o(i.prvResetNextTaskUnblockTime)
    i.prvSampleTimeNow                       0x08002e98   Section        0  timers.o(i.prvSampleTimeNow)
    prvSampleTimeNow                         0x08002e99   Thumb Code    40  timers.o(i.prvSampleTimeNow)
    i.prvSwitchTimerLists                    0x08002ec4   Section        0  timers.o(i.prvSwitchTimerLists)
    prvSwitchTimerLists                      0x08002ec5   Thumb Code   126  timers.o(i.prvSwitchTimerLists)
    i.prvTaskExitError                       0x08002f4c   Section        0  port.o(i.prvTaskExitError)
    prvTaskExitError                         0x08002f4d   Thumb Code    22  port.o(i.prvTaskExitError)
    i.prvTimerTask                           0x08002f62   Section        0  timers.o(i.prvTimerTask)
    prvTimerTask                             0x08002f63   Thumb Code    26  timers.o(i.prvTimerTask)
    i.prvUnlockQueue                         0x08002f7c   Section        0  queue.o(i.prvUnlockQueue)
    prvUnlockQueue                           0x08002f7d   Thumb Code   126  queue.o(i.prvUnlockQueue)
    i.pvPortMalloc                           0x08002ffc   Section        0  heap_4.o(i.pvPortMalloc)
    i.pxPortInitialiseStack                  0x080030f8   Section        0  port.o(i.pxPortInitialiseStack)
    i.uxListRemove                           0x0800311c   Section        0  list.o(i.uxListRemove)
    i.vListInitialise                        0x08003144   Section        0  list.o(i.vListInitialise)
    i.vListInitialiseItem                    0x0800315e   Section        0  list.o(i.vListInitialiseItem)
    i.vListInsert                            0x08003164   Section        0  list.o(i.vListInsert)
    i.vListInsertEnd                         0x08003198   Section        0  list.o(i.vListInsertEnd)
    i.vPortEnterCritical                     0x080031b0   Section        0  port.o(i.vPortEnterCritical)
    i.vPortExitCritical                      0x080031d4   Section        0  port.o(i.vPortExitCritical)
    i.vPortFree                              0x080031f4   Section        0  heap_4.o(i.vPortFree)
    i.vPortSetupTimerInterrupt               0x0800324c   Section        0  port.o(i.vPortSetupTimerInterrupt)
    i.vQueueAddToRegistry                    0x08003274   Section        0  queue.o(i.vQueueAddToRegistry)
    i.vQueueWaitForMessageRestricted         0x080032a0   Section        0  queue.o(i.vQueueWaitForMessageRestricted)
    i.vTaskDelay                             0x080032ec   Section        0  tasks.o(i.vTaskDelay)
    i.vTaskInternalSetTimeOutState           0x08003320   Section        0  tasks.o(i.vTaskInternalSetTimeOutState)
    i.vTaskLedToggle                         0x08003338   Section        0  main.o(i.vTaskLedToggle)
    i.vTaskMissedYield                       0x0800334c   Section        0  tasks.o(i.vTaskMissedYield)
    i.vTaskPlaceOnEventList                  0x08003358   Section        0  tasks.o(i.vTaskPlaceOnEventList)
    i.vTaskPlaceOnEventListRestricted        0x08003378   Section        0  tasks.o(i.vTaskPlaceOnEventListRestricted)
    i.vTaskStartScheduler                    0x080033a0   Section        0  tasks.o(i.vTaskStartScheduler)
    i.vTaskSuspendAll                        0x08003418   Section        0  tasks.o(i.vTaskSuspendAll)
    i.vTaskSwitchContext                     0x08003428   Section        0  tasks.o(i.vTaskSwitchContext)
    i.vTaskUsartTest                         0x08003488   Section        0  main.o(i.vTaskUsartTest)
    i.xPortStartScheduler                    0x08003514   Section        0  port.o(i.xPortStartScheduler)
    i.xQueueGenericCreate                    0x08003548   Section        0  queue.o(i.xQueueGenericCreate)
    i.xQueueGenericReset                     0x0800357c   Section        0  queue.o(i.xQueueGenericReset)
    i.xQueueGenericSend                      0x080035fc   Section        0  queue.o(i.xQueueGenericSend)
    i.xQueueGenericSendFromISR               0x08003714   Section        0  queue.o(i.xQueueGenericSendFromISR)
    i.xQueueReceive                          0x080037a0   Section        0  queue.o(i.xQueueReceive)
    i.xTaskCheckForTimeOut                   0x080038a4   Section        0  tasks.o(i.xTaskCheckForTimeOut)
    i.xTaskCreate                            0x08003904   Section        0  tasks.o(i.xTaskCreate)
    i.xTaskGetSchedulerState                 0x08003964   Section        0  tasks.o(i.xTaskGetSchedulerState)
    i.xTaskGetTickCount                      0x08003984   Section        0  tasks.o(i.xTaskGetTickCount)
    i.xTaskIncrementTick                     0x08003990   Section        0  tasks.o(i.xTaskIncrementTick)
    i.xTaskPriorityDisinherit                0x08003aac   Section        0  tasks.o(i.xTaskPriorityDisinherit)
    i.xTaskRemoveFromEventList               0x08003b20   Section        0  tasks.o(i.xTaskRemoveFromEventList)
    i.xTaskResumeAll                         0x08003ba0   Section        0  tasks.o(i.xTaskResumeAll)
    i.xTimerCreateTimerTask                  0x08003c88   Section        0  timers.o(i.xTimerCreateTimerTask)
    i.xTimerGenericCommand                   0x08003cc8   Section        0  timers.o(i.xTimerGenericCommand)
    .constdata                               0x08003d34   Section       68  board.o(.constdata)
    .constdata                               0x08003d78   Section     6080  lcd.o(.constdata)
    .constdata                               0x08005538   Section       48  test code.o(.constdata)
    .conststring                             0x08005568   Section       55  test code.o(.conststring)
    .data                                    0x20000000   Section       14  main.o(.data)
    uartRxIndex                              0x20000000   Data           2  main.o(.data)
    uartDataReceived                         0x20000002   Data           1  main.o(.data)
    xHandleTaskLedToggle                     0x20000004   Data           4  main.o(.data)
    xHandleTaskUsartTest                     0x20000008   Data           4  main.o(.data)
    .data                                    0x20000010   Section        4  system_apm32e10x.o(.data)
    .data                                    0x20000014   Section       40  board.o(.data)
    .data                                    0x2000003c   Section       64  tasks.o(.data)
    pxDelayedTaskList                        0x20000040   Data           4  tasks.o(.data)
    pxOverflowDelayedTaskList                0x20000044   Data           4  tasks.o(.data)
    uxDeletedTasksWaitingCleanUp             0x20000048   Data           4  tasks.o(.data)
    uxCurrentNumberOfTasks                   0x2000004c   Data           4  tasks.o(.data)
    xTickCount                               0x20000050   Data           4  tasks.o(.data)
    uxTopReadyPriority                       0x20000054   Data           4  tasks.o(.data)
    xSchedulerRunning                        0x20000058   Data           4  tasks.o(.data)
    xPendedTicks                             0x2000005c   Data           4  tasks.o(.data)
    xYieldPending                            0x20000060   Data           4  tasks.o(.data)
    xNumOfOverflows                          0x20000064   Data           4  tasks.o(.data)
    uxTaskNumber                             0x20000068   Data           4  tasks.o(.data)
    xNextTaskUnblockTime                     0x2000006c   Data           4  tasks.o(.data)
    xIdleTaskHandle                          0x20000070   Data           4  tasks.o(.data)
    uxSchedulerSuspended                     0x20000078   Data           4  tasks.o(.data)
    .data                                    0x2000007c   Section       20  timers.o(.data)
    pxCurrentTimerList                       0x2000007c   Data           4  timers.o(.data)
    pxOverflowTimerList                      0x20000080   Data           4  timers.o(.data)
    xTimerQueue                              0x20000084   Data           4  timers.o(.data)
    xTimerTaskHandle                         0x20000088   Data           4  timers.o(.data)
    xLastTime                                0x2000008c   Data           4  timers.o(.data)
    .data                                    0x20000090   Section       32  heap_4.o(.data)
    xStart                                   0x20000090   Data           8  heap_4.o(.data)
    pxEnd                                    0x20000098   Data           4  heap_4.o(.data)
    xFreeBytesRemaining                      0x2000009c   Data           4  heap_4.o(.data)
    xMinimumEverFreeBytesRemaining           0x200000a0   Data           4  heap_4.o(.data)
    xNumberOfSuccessfulAllocations           0x200000a4   Data           4  heap_4.o(.data)
    xNumberOfSuccessfulFrees                 0x200000a8   Data           4  heap_4.o(.data)
    xBlockAllocatedBit                       0x200000ac   Data           4  heap_4.o(.data)
    .data                                    0x200000b0   Section        4  port.o(.data)
    uxCriticalNesting                        0x200000b0   Data           4  port.o(.data)
    .data                                    0x200000b4   Section     4688  lcd.o(.data)
    .data                                    0x20001304   Section     3226  test code.o(.data)
    .bss                                     0x20001fa0   Section      100  main.o(.bss)
    uartRxBuffer                             0x20001fa0   Data         100  main.o(.bss)
    .bss                                     0x20002004   Section       64  queue.o(.bss)
    .bss                                     0x20002044   Section      200  tasks.o(.bss)
    pxReadyTasksLists                        0x20002044   Data         100  tasks.o(.bss)
    xDelayedTaskList1                        0x200020a8   Data          20  tasks.o(.bss)
    xDelayedTaskList2                        0x200020bc   Data          20  tasks.o(.bss)
    xPendingReadyList                        0x200020d0   Data          20  tasks.o(.bss)
    xTasksWaitingTermination                 0x200020e4   Data          20  tasks.o(.bss)
    xSuspendedTaskList                       0x200020f8   Data          20  tasks.o(.bss)
    .bss                                     0x2000210c   Section       40  timers.o(.bss)
    xActiveTimerList1                        0x2000210c   Data          20  timers.o(.bss)
    xActiveTimerList2                        0x20002120   Data          20  timers.o(.bss)
    .bss                                     0x20002134   Section    76800  heap_4.o(.bss)
    ucHeap                                   0x20002134   Data       76800  heap_4.o(.bss)
    .bss                                     0x20014d34   Section       14  lcd.o(.bss)
    .bss                                     0x20014d44   Section       96  libspace.o(.bss)
    HEAP                                     0x20014da8   Section      512  startup_apm32e10x_hd.o(HEAP)
    Heap_Mem                                 0x20014da8   Data         512  startup_apm32e10x_hd.o(HEAP)
    STACK                                    0x20014fa8   Section     1024  startup_apm32e10x_hd.o(STACK)
    Stack_Mem                                0x20014fa8   Data        1024  startup_apm32e10x_hd.o(STACK)
    __initial_sp                             0x200153a8   Data           0  startup_apm32e10x_hd.o(STACK)

    Global Symbols

    Symbol Name                              Value     Ov Type        Size  Object(Section)

    BuildAttributes$$THM_ISAv4$P$D$K$B$S$PE$A:L22UL41UL21$X:L11$S22US41US21$IEEE1$IW$USESV6$~STKCKD$USESV7$~SHL$OTIME$ROPI$EBA8$UX$STANDARDLIB$REQ8$PRES8$EABIv2 0x00000000   Number         0  anon$$obj.o ABSOLUTE
    __ARM_use_no_argv                        0x00000000   Number         0  main.o ABSOLUTE
    _printf_flags                            0x00000000   Number         0  printf_stubs.o ABSOLUTE
    _printf_return_value                     0x00000000   Number         0  printf_stubs.o ABSOLUTE
    _printf_sizespec                         0x00000000   Number         0  printf_stubs.o ABSOLUTE
    _printf_widthprec                        0x00000000   Number         0  printf_stubs.o ABSOLUTE
    __ARM_exceptions_init                     - Undefined Weak Reference
    __alloca_initialize                       - Undefined Weak Reference
    __arm_preinit_                            - Undefined Weak Reference
    __cpp_initialize__aeabi_                  - Undefined Weak Reference
    __cxa_finalize                            - Undefined Weak Reference
    __rt_locale                               - Undefined Weak Reference
    __sigvec_lookup                           - Undefined Weak Reference
    __user_heap_extent                        - Undefined Weak Reference
    _atexit_init                              - Undefined Weak Reference
    _call_atexit_fns                          - Undefined Weak Reference
    _clock_init                               - Undefined Weak Reference
    _fp_trap_init                             - Undefined Weak Reference
    _fp_trap_shutdown                         - Undefined Weak Reference
    _get_lc_collate                           - Undefined Weak Reference
    _get_lc_ctype                             - Undefined Weak Reference
    _get_lc_monetary                          - Undefined Weak Reference
    _get_lc_numeric                           - Undefined Weak Reference
    _get_lc_time                              - Undefined Weak Reference
    _getenv_init                              - Undefined Weak Reference
    _handle_redirection                       - Undefined Weak Reference
    _mutex_acquire                            - Undefined Weak Reference
    _mutex_free                               - Undefined Weak Reference
    _mutex_release                            - Undefined Weak Reference
    _printf_post_padding                      - Undefined Weak Reference
    _printf_pre_padding                       - Undefined Weak Reference
    _printf_truncate_signed                   - Undefined Weak Reference
    _printf_truncate_unsigned                 - Undefined Weak Reference
    _rand_init                                - Undefined Weak Reference
    _signal_finish                            - Undefined Weak Reference
    _signal_init                              - Undefined Weak Reference
    __Vectors_Size                           0x00000144   Number         0  startup_apm32e10x_hd.o ABSOLUTE
    __Vectors                                0x08000000   Data           4  startup_apm32e10x_hd.o(RESET)
    __Vectors_End                            0x08000144   Data           0  startup_apm32e10x_hd.o(RESET)
    __main                                   0x08000145   Thumb Code     8  __main.o(!!!main)
    __scatterload                            0x0800014d   Thumb Code     0  __scatter.o(!!!scatter)
    __scatterload_rt2                        0x0800014d   Thumb Code    44  __scatter.o(!!!scatter)
    __scatterload_rt2_thumb_only             0x0800014d   Thumb Code     0  __scatter.o(!!!scatter)
    __scatterload_null                       0x0800015b   Thumb Code     0  __scatter.o(!!!scatter)
    __decompress                             0x08000181   Thumb Code    90  __dczerorl2.o(!!dczerorl2)
    __decompress1                            0x08000181   Thumb Code     0  __dczerorl2.o(!!dczerorl2)
    __scatterload_zeroinit                   0x080001dd   Thumb Code    28  __scatter_zi.o(!!handler_zi)
    __rt_lib_init                            0x080001f9   Thumb Code     0  libinit.o(.ARM.Collect$$libinit$$00000000)
    __rt_lib_init_alloca_1                   0x080001fb   Thumb Code     0  libinit2.o(.ARM.Collect$$libinit$$0000002E)
    __rt_lib_init_argv_1                     0x080001fb   Thumb Code     0  libinit2.o(.ARM.Collect$$libinit$$0000002C)
    __rt_lib_init_atexit_1                   0x080001fb   Thumb Code     0  libinit2.o(.ARM.Collect$$libinit$$0000001B)
    __rt_lib_init_clock_1                    0x080001fb   Thumb Code     0  libinit2.o(.ARM.Collect$$libinit$$00000021)
    __rt_lib_init_cpp_1                      0x080001fb   Thumb Code     0  libinit2.o(.ARM.Collect$$libinit$$00000032)
    __rt_lib_init_exceptions_1               0x080001fb   Thumb Code     0  libinit2.o(.ARM.Collect$$libinit$$00000030)
    __rt_lib_init_fp_1                       0x080001fb   Thumb Code     0  libinit2.o(.ARM.Collect$$libinit$$00000002)
    __rt_lib_init_fp_trap_1                  0x080001fb   Thumb Code     0  libinit2.o(.ARM.Collect$$libinit$$0000001F)
    __rt_lib_init_getenv_1                   0x080001fb   Thumb Code     0  libinit2.o(.ARM.Collect$$libinit$$00000023)
    __rt_lib_init_heap_1                     0x080001fb   Thumb Code     0  libinit2.o(.ARM.Collect$$libinit$$0000000A)
    __rt_lib_init_lc_collate_1               0x080001fb   Thumb Code     0  libinit2.o(.ARM.Collect$$libinit$$00000011)
    __rt_lib_init_lc_ctype_1                 0x080001fb   Thumb Code     0  libinit2.o(.ARM.Collect$$libinit$$00000013)
    __rt_lib_init_lc_monetary_1              0x080001fb   Thumb Code     0  libinit2.o(.ARM.Collect$$libinit$$00000015)
    __rt_lib_init_lc_numeric_1               0x080001fb   Thumb Code     0  libinit2.o(.ARM.Collect$$libinit$$00000017)
    __rt_lib_init_lc_time_1                  0x080001fb   Thumb Code     0  libinit2.o(.ARM.Collect$$libinit$$00000019)
    __rt_lib_init_preinit_1                  0x080001fb   Thumb Code     0  libinit2.o(.ARM.Collect$$libinit$$00000004)
    __rt_lib_init_rand_1                     0x080001fb   Thumb Code     0  libinit2.o(.ARM.Collect$$libinit$$0000000E)
    __rt_lib_init_return                     0x080001fb   Thumb Code     0  libinit2.o(.ARM.Collect$$libinit$$00000033)
    __rt_lib_init_signal_1                   0x080001fb   Thumb Code     0  libinit2.o(.ARM.Collect$$libinit$$0000001D)
    __rt_lib_init_stdio_1                    0x080001fb   Thumb Code     0  libinit2.o(.ARM.Collect$$libinit$$00000025)
    __rt_lib_init_user_alloc_1               0x080001fb   Thumb Code     0  libinit2.o(.ARM.Collect$$libinit$$0000000C)
    __rt_lib_shutdown                        0x080001fd   Thumb Code     0  libshutdown.o(.ARM.Collect$$libshutdown$$00000000)
    __rt_lib_shutdown_cpp_1                  0x080001ff   Thumb Code     0  libshutdown2.o(.ARM.Collect$$libshutdown$$00000002)
    __rt_lib_shutdown_fp_trap_1              0x080001ff   Thumb Code     0  libshutdown2.o(.ARM.Collect$$libshutdown$$00000007)
    __rt_lib_shutdown_heap_1                 0x080001ff   Thumb Code     0  libshutdown2.o(.ARM.Collect$$libshutdown$$0000000F)
    __rt_lib_shutdown_return                 0x080001ff   Thumb Code     0  libshutdown2.o(.ARM.Collect$$libshutdown$$00000010)
    __rt_lib_shutdown_signal_1               0x080001ff   Thumb Code     0  libshutdown2.o(.ARM.Collect$$libshutdown$$0000000A)
    __rt_lib_shutdown_stdio_1                0x080001ff   Thumb Code     0  libshutdown2.o(.ARM.Collect$$libshutdown$$00000004)
    __rt_lib_shutdown_user_alloc_1           0x080001ff   Thumb Code     0  libshutdown2.o(.ARM.Collect$$libshutdown$$0000000C)
    __rt_entry                               0x08000201   Thumb Code     0  __rtentry.o(.ARM.Collect$$rtentry$$00000000)
    __rt_entry_presh_1                       0x08000201   Thumb Code     0  __rtentry2.o(.ARM.Collect$$rtentry$$00000002)
    __rt_entry_sh                            0x08000201   Thumb Code     0  __rtentry4.o(.ARM.Collect$$rtentry$$00000004)
    __rt_entry_li                            0x08000207   Thumb Code     0  __rtentry2.o(.ARM.Collect$$rtentry$$0000000A)
    __rt_entry_postsh_1                      0x08000207   Thumb Code     0  __rtentry2.o(.ARM.Collect$$rtentry$$00000009)
    __rt_entry_main                          0x0800020b   Thumb Code     0  __rtentry2.o(.ARM.Collect$$rtentry$$0000000D)
    __rt_entry_postli_1                      0x0800020b   Thumb Code     0  __rtentry2.o(.ARM.Collect$$rtentry$$0000000C)
    __rt_exit                                0x08000213   Thumb Code     0  rtexit.o(.ARM.Collect$$rtexit$$00000000)
    __rt_exit_ls                             0x08000215   Thumb Code     0  rtexit2.o(.ARM.Collect$$rtexit$$00000003)
    __rt_exit_prels_1                        0x08000215   Thumb Code     0  rtexit2.o(.ARM.Collect$$rtexit$$00000002)
    __rt_exit_exit                           0x08000219   Thumb Code     0  rtexit2.o(.ARM.Collect$$rtexit$$00000004)
    SVC_Handler                              0x08000221   Thumb Code    32  port.o(.emb_text)
    __asm___6_port_c_39a90d8d__prvStartFirstTask 0x08000245   Thumb Code    28  port.o(.emb_text)
    PendSV_Handler                           0x08000265   Thumb Code    72  port.o(.emb_text)
    vPortGetIPSR                             0x080002b1   Thumb Code     6  port.o(.emb_text)
    Reset_Handler                            0x080002b9   Thumb Code     8  startup_apm32e10x_hd.o(.text)
    ADC1_2_IRQHandler                        0x080002d3   Thumb Code     0  startup_apm32e10x_hd.o(.text)
    ADC3_IRQHandler                          0x080002d3   Thumb Code     0  startup_apm32e10x_hd.o(.text)
    CAN1_RX1_IRQHandler                      0x080002d3   Thumb Code     0  startup_apm32e10x_hd.o(.text)
    CAN1_SCE_IRQHandler                      0x080002d3   Thumb Code     0  startup_apm32e10x_hd.o(.text)
    CAN2_RX1_IRQHandler                      0x080002d3   Thumb Code     0  startup_apm32e10x_hd.o(.text)
    CAN2_SCE_IRQHandler                      0x080002d3   Thumb Code     0  startup_apm32e10x_hd.o(.text)
    DMA1_Channel1_IRQHandler                 0x080002d3   Thumb Code     0  startup_apm32e10x_hd.o(.text)
    DMA1_Channel2_IRQHandler                 0x080002d3   Thumb Code     0  startup_apm32e10x_hd.o(.text)
    DMA1_Channel3_IRQHandler                 0x080002d3   Thumb Code     0  startup_apm32e10x_hd.o(.text)
    DMA1_Channel4_IRQHandler                 0x080002d3   Thumb Code     0  startup_apm32e10x_hd.o(.text)
    DMA1_Channel6_IRQHandler                 0x080002d3   Thumb Code     0  startup_apm32e10x_hd.o(.text)
    DMA1_Channel7_IRQHandler                 0x080002d3   Thumb Code     0  startup_apm32e10x_hd.o(.text)
    DMA2_Channel1_IRQHandler                 0x080002d3   Thumb Code     0  startup_apm32e10x_hd.o(.text)
    DMA2_Channel2_IRQHandler                 0x080002d3   Thumb Code     0  startup_apm32e10x_hd.o(.text)
    DMA2_Channel3_IRQHandler                 0x080002d3   Thumb Code     0  startup_apm32e10x_hd.o(.text)
    DMA2_Channel4_5_IRQHandler               0x080002d3   Thumb Code     0  startup_apm32e10x_hd.o(.text)
    EINT0_IRQHandler                         0x080002d3   Thumb Code     0  startup_apm32e10x_hd.o(.text)
    EINT15_10_IRQHandler                     0x080002d3   Thumb Code     0  startup_apm32e10x_hd.o(.text)
    EINT1_IRQHandler                         0x080002d3   Thumb Code     0  startup_apm32e10x_hd.o(.text)
    EINT2_IRQHandler                         0x080002d3   Thumb Code     0  startup_apm32e10x_hd.o(.text)
    EINT3_IRQHandler                         0x080002d3   Thumb Code     0  startup_apm32e10x_hd.o(.text)
    EINT4_IRQHandler                         0x080002d3   Thumb Code     0  startup_apm32e10x_hd.o(.text)
    EINT9_5_IRQHandler                       0x080002d3   Thumb Code     0  startup_apm32e10x_hd.o(.text)
    EMMC_IRQHandler                          0x080002d3   Thumb Code     0  startup_apm32e10x_hd.o(.text)
    FLASH_IRQHandler                         0x080002d3   Thumb Code     0  startup_apm32e10x_hd.o(.text)
    I2C1_ER_IRQHandler                       0x080002d3   Thumb Code     0  startup_apm32e10x_hd.o(.text)
    I2C1_EV_IRQHandler                       0x080002d3   Thumb Code     0  startup_apm32e10x_hd.o(.text)
    I2C2_ER_IRQHandler                       0x080002d3   Thumb Code     0  startup_apm32e10x_hd.o(.text)
    I2C2_EV_IRQHandler                       0x080002d3   Thumb Code     0  startup_apm32e10x_hd.o(.text)
    PVD_IRQHandler                           0x080002d3   Thumb Code     0  startup_apm32e10x_hd.o(.text)
    RCM_IRQHandler                           0x080002d3   Thumb Code     0  startup_apm32e10x_hd.o(.text)
    RTCAlarm_IRQHandler                      0x080002d3   Thumb Code     0  startup_apm32e10x_hd.o(.text)
    RTC_IRQHandler                           0x080002d3   Thumb Code     0  startup_apm32e10x_hd.o(.text)
    SDIO_IRQHandler                          0x080002d3   Thumb Code     0  startup_apm32e10x_hd.o(.text)
    SPI1_IRQHandler                          0x080002d3   Thumb Code     0  startup_apm32e10x_hd.o(.text)
    SPI2_IRQHandler                          0x080002d3   Thumb Code     0  startup_apm32e10x_hd.o(.text)
    SPI3_IRQHandler                          0x080002d3   Thumb Code     0  startup_apm32e10x_hd.o(.text)
    TAMPER_IRQHandler                        0x080002d3   Thumb Code     0  startup_apm32e10x_hd.o(.text)
    TMR1_BRK_IRQHandler                      0x080002d3   Thumb Code     0  startup_apm32e10x_hd.o(.text)
    TMR1_CC_IRQHandler                       0x080002d3   Thumb Code     0  startup_apm32e10x_hd.o(.text)
    TMR1_TRG_COM_IRQHandler                  0x080002d3   Thumb Code     0  startup_apm32e10x_hd.o(.text)
    TMR1_UP_IRQHandler                       0x080002d3   Thumb Code     0  startup_apm32e10x_hd.o(.text)
    TMR2_IRQHandler                          0x080002d3   Thumb Code     0  startup_apm32e10x_hd.o(.text)
    TMR3_IRQHandler                          0x080002d3   Thumb Code     0  startup_apm32e10x_hd.o(.text)
    TMR4_IRQHandler                          0x080002d3   Thumb Code     0  startup_apm32e10x_hd.o(.text)
    TMR5_IRQHandler                          0x080002d3   Thumb Code     0  startup_apm32e10x_hd.o(.text)
    TMR6_IRQHandler                          0x080002d3   Thumb Code     0  startup_apm32e10x_hd.o(.text)
    TMR7_IRQHandler                          0x080002d3   Thumb Code     0  startup_apm32e10x_hd.o(.text)
    TMR8_BRK_IRQHandler                      0x080002d3   Thumb Code     0  startup_apm32e10x_hd.o(.text)
    TMR8_CC_IRQHandler                       0x080002d3   Thumb Code     0  startup_apm32e10x_hd.o(.text)
    TMR8_TRG_COM_IRQHandler                  0x080002d3   Thumb Code     0  startup_apm32e10x_hd.o(.text)
    TMR8_UP_IRQHandler                       0x080002d3   Thumb Code     0  startup_apm32e10x_hd.o(.text)
    UART4_IRQHandler                         0x080002d3   Thumb Code     0  startup_apm32e10x_hd.o(.text)
    UART5_IRQHandler                         0x080002d3   Thumb Code     0  startup_apm32e10x_hd.o(.text)
    USART1_IRQHandler                        0x080002d3   Thumb Code     0  startup_apm32e10x_hd.o(.text)
    USART2_IRQHandler                        0x080002d3   Thumb Code     0  startup_apm32e10x_hd.o(.text)
    USART3_IRQHandler                        0x080002d3   Thumb Code     0  startup_apm32e10x_hd.o(.text)
    USBD1_HP_CAN1_TX_IRQHandler              0x080002d3   Thumb Code     0  startup_apm32e10x_hd.o(.text)
    USBD1_LP_CAN1_RX0_IRQHandler             0x080002d3   Thumb Code     0  startup_apm32e10x_hd.o(.text)
    USBD2_HP_CAN2_TX_IRQHandler              0x080002d3   Thumb Code     0  startup_apm32e10x_hd.o(.text)
    USBD2_LP_CAN2_RX0_IRQHandler             0x080002d3   Thumb Code     0  startup_apm32e10x_hd.o(.text)
    USBDWakeUp_IRQHandler                    0x080002d3   Thumb Code     0  startup_apm32e10x_hd.o(.text)
    WWDT_IRQHandler                          0x080002d3   Thumb Code     0  startup_apm32e10x_hd.o(.text)
    __user_initial_stackheap                 0x080002d5   Thumb Code     0  startup_apm32e10x_hd.o(.text)
    strlen                                   0x080002f9   Thumb Code    62  strlen.o(.text)
    __aeabi_memcpy                           0x08000337   Thumb Code     0  rt_memcpy_v6.o(.text)
    __rt_memcpy                              0x08000337   Thumb Code   138  rt_memcpy_v6.o(.text)
    _memcpy_lastbytes                        0x0800039d   Thumb Code     0  rt_memcpy_v6.o(.text)
    __aeabi_memcpy4                          0x080003c1   Thumb Code     0  rt_memcpy_w.o(.text)
    __aeabi_memcpy8                          0x080003c1   Thumb Code     0  rt_memcpy_w.o(.text)
    __rt_memcpy_w                            0x080003c1   Thumb Code   100  rt_memcpy_w.o(.text)
    _memcpy_lastbytes_aligned                0x08000409   Thumb Code     0  rt_memcpy_w.o(.text)
    __aeabi_memset                           0x08000425   Thumb Code    16  aeabi_memset.o(.text)
    __aeabi_memclr4                          0x08000435   Thumb Code     0  rt_memclr_w.o(.text)
    __aeabi_memclr8                          0x08000435   Thumb Code     0  rt_memclr_w.o(.text)
    __rt_memclr_w                            0x08000435   Thumb Code    78  rt_memclr_w.o(.text)
    _memset_w                                0x08000439   Thumb Code     0  rt_memclr_w.o(.text)
    __use_two_region_memory                  0x08000483   Thumb Code     2  heapauxi.o(.text)
    __rt_heap_escrow                         0x08000485   Thumb Code     2  heapauxi.o(.text)
    __rt_heap_expand                         0x08000487   Thumb Code     2  heapauxi.o(.text)
    __aeabi_memclr                           0x08000489   Thumb Code     0  rt_memclr.o(.text)
    __rt_memclr                              0x08000489   Thumb Code    68  rt_memclr.o(.text)
    _memset                                  0x0800048d   Thumb Code     0  rt_memclr.o(.text)
    __user_setup_stackheap                   0x080004cd   Thumb Code    74  sys_stackheap_outer.o(.text)
    exit                                     0x08000517   Thumb Code    18  exit.o(.text)
    __user_libspace                          0x08000529   Thumb Code     8  libspace.o(.text)
    __user_perproc_libspace                  0x08000529   Thumb Code     0  libspace.o(.text)
    __user_perthread_libspace                0x08000529   Thumb Code     0  libspace.o(.text)
    __I$use$semihosting                      0x08000531   Thumb Code     0  use_no_semi.o(.text)
    __use_no_semihosting_swi                 0x08000531   Thumb Code     2  use_no_semi.o(.text)
    __semihosting_library_function           0x08000533   Thumb Code     0  indicate_semi.o(.text)
    _sys_exit                                0x08000535   Thumb Code     8  sys_exit.o(.text)
    APM_MINI_COMInit                         0x08000541   Thumb Code   136  board.o(i.APM_MINI_COMInit)
    APM_MINI_LEDInit                         0x080005e9   Thumb Code    64  board.o(i.APM_MINI_LEDInit)
    APM_MINI_LEDToggle                       0x08000635   Thumb Code    26  board.o(i.APM_MINI_LEDToggle)
    BusFault_Handler                         0x08000659   Thumb Code     4  apm32e10x_int.o(i.BusFault_Handler)
    Chinese_Font_test                        0x0800065d   Thumb Code    96  test code.o(i.Chinese_Font_test)
    Color_Test                               0x08000719   Thumb Code   148  test code.o(i.Color_Test)
    DMA1_Channel5_IRQHandler                 0x080007d1   Thumb Code    34  lcd.o(i.DMA1_Channel5_IRQHandler)
    DMA_ClearStatusFlag                      0x080007fd   Thumb Code    18  apm32e10x_dma.o(i.DMA_ClearStatusFlag)
    DMA_Config                               0x08000819   Thumb Code    94  apm32e10x_dma.o(i.DMA_Config)
    DMA_ConfigStructInit                     0x08000877   Thumb Code    26  apm32e10x_dma.o(i.DMA_ConfigStructInit)
    DMA_Disable                              0x08000891   Thumb Code    10  apm32e10x_dma.o(i.DMA_Disable)
    DMA_Enable                               0x0800089b   Thumb Code    12  apm32e10x_dma.o(i.DMA_Enable)
    DMA_EnableInterrupt                      0x080008a7   Thumb Code     8  apm32e10x_dma.o(i.DMA_EnableInterrupt)
    DMA_ReadStatusFlag                       0x080008b1   Thumb Code    40  apm32e10x_dma.o(i.DMA_ReadStatusFlag)
    DebugMon_Handler                         0x080008e1   Thumb Code     2  apm32e10x_int.o(i.DebugMon_Handler)
    Delay                                    0x080008e3   Thumb Code    18  my_init.o(i.Delay)
    DispBand                                 0x080008f5   Thumb Code   148  test code.o(i.DispBand)
    DrawTestPage                             0x08000991   Thumb Code   258  test code.o(i.DrawTestPage)
    English_Font_test                        0x08000ab5   Thumb Code   168  test code.o(i.English_Font_test)
    FillRec_Test                             0x08000c3d   Thumb Code   472  test code.o(i.FillRec_Test)
    GPIO_Config                              0x08000e2d   Thumb Code   154  apm32e10x_gpio.o(i.GPIO_Config)
    GPIO_INIT                                0x08000ec9   Thumb Code    48  my_init.o(i.GPIO_INIT)
    GPIO_ResetBit                            0x08000efd   Thumb Code     4  apm32e10x_gpio.o(i.GPIO_ResetBit)
    GPIO_SetBit                              0x08000f01   Thumb Code     4  apm32e10x_gpio.o(i.GPIO_SetBit)
    GUI_DrawFont16                           0x08000f05   Thumb Code   234  lcd.o(i.GUI_DrawFont16)
    GUI_DrawFont24                           0x08001001   Thumb Code   250  lcd.o(i.GUI_DrawFont24)
    GUI_DrawFont32                           0x0800110d   Thumb Code   234  lcd.o(i.GUI_DrawFont32)
    Gui_Drawbmp16                            0x08001209   Thumb Code    74  lcd.o(i.Gui_Drawbmp16)
    Gui_StrCenter                            0x08001259   Thumb Code    92  lcd.o(i.Gui_StrCenter)
    HardFault_Handler                        0x080012b9   Thumb Code     4  apm32e10x_int.o(i.HardFault_Handler)
    LCD_Clear                                0x080012bd   Thumb Code   124  lcd.o(i.LCD_Clear)
    LCD_DMA_Init                             0x08001345   Thumb Code   110  lcd.o(i.LCD_DMA_Init)
    LCD_DMA_WaitComplete                     0x080013bd   Thumb Code    12  lcd.o(i.LCD_DMA_WaitComplete)
    LCD_DMA_WriteData                        0x080013cd   Thumb Code    40  lcd.o(i.LCD_DMA_WriteData)
    LCD_DisplayOff                           0x080013fd   Thumb Code    10  lcd.o(i.LCD_DisplayOff)
    LCD_DisplayOn                            0x08001407   Thumb Code    10  lcd.o(i.LCD_DisplayOn)
    LCD_Display_Dir                          0x08001411   Thumb Code   228  lcd.o(i.LCD_Display_Dir)
    LCD_DrawLine                             0x080014f9   Thumb Code   176  lcd.o(i.LCD_DrawLine)
    LCD_DrawPoint                            0x080015a9   Thumb Code    28  lcd.o(i.LCD_DrawPoint)
    LCD_DrawRectangle                        0x080015c9   Thumb Code    64  lcd.o(i.LCD_DrawRectangle)
    LCD_Draw_Circle                          0x08001609   Thumb Code   152  lcd.o(i.LCD_Draw_Circle)
    LCD_Fast_DrawPoint                       0x080016a1   Thumb Code    28  lcd.o(i.LCD_Fast_DrawPoint)
    LCD_Fill                                 0x080016c1   Thumb Code   178  lcd.o(i.LCD_Fill)
    LCD_Init                                 0x08001779   Thumb Code   680  lcd.o(i.LCD_Init)
    LCD_SetCursor                            0x08001a2d   Thumb Code    48  lcd.o(i.LCD_SetCursor)
    LCD_Set_Window                           0x08001a61   Thumb Code   104  lcd.o(i.LCD_Set_Window)
    LCD_ShowChar                             0x08001acd   Thumb Code   272  lcd.o(i.LCD_ShowChar)
    LCD_ShowString                           0x08001bf5   Thumb Code   102  lcd.o(i.LCD_ShowString)
    LCD_WR_DATA                              0x08001c5d   Thumb Code    70  lcd.o(i.LCD_WR_DATA)
    LCD_WR_REG                               0x08001cb1   Thumb Code    70  lcd.o(i.LCD_WR_REG)
    LCD_WriteRAM                             0x08001d05   Thumb Code   106  lcd.o(i.LCD_WriteRAM)
    LCD_WriteRAM_Prepare                     0x08001d7d   Thumb Code    12  lcd.o(i.LCD_WriteRAM_Prepare)
    LCD_WriteReg                             0x08001d8d   Thumb Code    20  lcd.o(i.LCD_WriteReg)
    MemManage_Handler                        0x08001da1   Thumb Code     4  apm32e10x_int.o(i.MemManage_Handler)
    NMI_Handler                              0x08001da5   Thumb Code     2  apm32e10x_int.o(i.NMI_Handler)
    NVIC_ConfigPriorityGroup                 0x08001da9   Thumb Code    10  apm32e10x_misc.o(i.NVIC_ConfigPriorityGroup)
    NVIC_EnableIRQRequest                    0x08001dbd   Thumb Code   150  apm32e10x_misc.o(i.NVIC_EnableIRQRequest)
    Pic_test                                 0x08001e5d   Thumb Code    44  test code.o(i.Pic_test)
    RCM_EnableAHBPeriphClock                 0x08001ea1   Thumb Code    12  apm32e10x_rcm.o(i.RCM_EnableAHBPeriphClock)
    RCM_EnableAPB1PeriphClock                0x08001eb1   Thumb Code    12  apm32e10x_rcm.o(i.RCM_EnableAPB1PeriphClock)
    RCM_EnableAPB2PeriphClock                0x08001ec1   Thumb Code    12  apm32e10x_rcm.o(i.RCM_EnableAPB2PeriphClock)
    RCM_ReadHCLKFreq                         0x08001ed1   Thumb Code    38  apm32e10x_rcm.o(i.RCM_ReadHCLKFreq)
    RCM_ReadPCLKFreq                         0x08001f0d   Thumb Code    62  apm32e10x_rcm.o(i.RCM_ReadPCLKFreq)
    RCM_ReadSYSCLKFreq                       0x08001f59   Thumb Code    86  apm32e10x_rcm.o(i.RCM_ReadSYSCLKFreq)
    Rotate_Test                              0x08001fbd   Thumb Code   104  test code.o(i.Rotate_Test)
    SPI_Config                               0x0800203d   Thumb Code    50  apm32e10x_spi.o(i.SPI_Config)
    SPI_ConfigStructInit                     0x0800206f   Thumb Code    24  apm32e10x_spi.o(i.SPI_ConfigStructInit)
    SPI_Enable                               0x08002087   Thumb Code    12  apm32e10x_spi.o(i.SPI_Enable)
    SPI_I2S_EnableDMA                        0x08002093   Thumb Code    28  apm32e10x_spi.o(i.SPI_I2S_EnableDMA)
    SPI_I2S_ReadStatusFlag                   0x080020af   Thumb Code    16  apm32e10x_spi.o(i.SPI_I2S_ReadStatusFlag)
    SPI_I2S_TxData                           0x080020bf   Thumb Code     4  apm32e10x_spi.o(i.SPI_I2S_TxData)
    Show_Str                                 0x080020c5   Thumb Code   238  lcd.o(i.Show_Str)
    Switch_test                              0x080021b9   Thumb Code    42  test code.o(i.Switch_test)
    SysTick_Handler                          0x080021e5   Thumb Code    46  port.o(i.SysTick_Handler)
    SystemInit                               0x080022fd   Thumb Code    80  system_apm32e10x.o(i.SystemInit)
    USART_ClearStatusFlag                    0x0800235d   Thumb Code     8  apm32e10x_usart.o(i.USART_ClearStatusFlag)
    USART_Config                             0x08002365   Thumb Code   138  apm32e10x_usart.o(i.USART_Config)
    USART_Enable                             0x080023f5   Thumb Code    14  apm32e10x_usart.o(i.USART_Enable)
    USART_Init                               0x08002405   Thumb Code    66  my_init.o(i.USART_Init)
    USART_ReadStatusFlag                     0x0800244d   Thumb Code    16  apm32e10x_usart.o(i.USART_ReadStatusFlag)
    USART_RxData                             0x0800245d   Thumb Code    10  apm32e10x_usart.o(i.USART_RxData)
    UsageFault_Handler                       0x08002467   Thumb Code     4  apm32e10x_int.o(i.UsageFault_Handler)
    delay_ms                                 0x080024cd   Thumb Code    24  lcd.o(i.delay_ms)
    gui_draw_hline                           0x080024e5   Thumb Code    36  lcd.o(i.gui_draw_hline)
    gui_fill_circle                          0x08002509   Thumb Code   176  lcd.o(i.gui_fill_circle)
    main                                     0x080025b9   Thumb Code   100  main.o(i.main)
    main_test                                0x08002629   Thumb Code   134  test code.o(i.main_test)
    pvPortMalloc                             0x08002ffd   Thumb Code   228  heap_4.o(i.pvPortMalloc)
    pxPortInitialiseStack                    0x080030f9   Thumb Code    30  port.o(i.pxPortInitialiseStack)
    uxListRemove                             0x0800311d   Thumb Code    40  list.o(i.uxListRemove)
    vListInitialise                          0x08003145   Thumb Code    26  list.o(i.vListInitialise)
    vListInitialiseItem                      0x0800315f   Thumb Code     6  list.o(i.vListInitialiseItem)
    vListInsert                              0x08003165   Thumb Code    52  list.o(i.vListInsert)
    vListInsertEnd                           0x08003199   Thumb Code    24  list.o(i.vListInsertEnd)
    vPortEnterCritical                       0x080031b1   Thumb Code    30  port.o(i.vPortEnterCritical)
    vPortExitCritical                        0x080031d5   Thumb Code    28  port.o(i.vPortExitCritical)
    vPortFree                                0x080031f5   Thumb Code    74  heap_4.o(i.vPortFree)
    vPortSetupTimerInterrupt                 0x0800324d   Thumb Code    36  port.o(i.vPortSetupTimerInterrupt)
    vQueueAddToRegistry                      0x08003275   Thumb Code    38  queue.o(i.vQueueAddToRegistry)
    vQueueWaitForMessageRestricted           0x080032a1   Thumb Code    74  queue.o(i.vQueueWaitForMessageRestricted)
    vTaskDelay                               0x080032ed   Thumb Code    46  tasks.o(i.vTaskDelay)
    vTaskInternalSetTimeOutState             0x08003321   Thumb Code    14  tasks.o(i.vTaskInternalSetTimeOutState)
    vTaskLedToggle                           0x08003339   Thumb Code    18  main.o(i.vTaskLedToggle)
    vTaskMissedYield                         0x0800334d   Thumb Code     8  tasks.o(i.vTaskMissedYield)
    vTaskPlaceOnEventList                    0x08003359   Thumb Code    28  tasks.o(i.vTaskPlaceOnEventList)
    vTaskPlaceOnEventListRestricted          0x08003379   Thumb Code    36  tasks.o(i.vTaskPlaceOnEventListRestricted)
    vTaskStartScheduler                      0x080033a1   Thumb Code    86  tasks.o(i.vTaskStartScheduler)
    vTaskSuspendAll                          0x08003419   Thumb Code    12  tasks.o(i.vTaskSuspendAll)
    vTaskSwitchContext                       0x08003429   Thumb Code    76  tasks.o(i.vTaskSwitchContext)
    vTaskUsartTest                           0x08003489   Thumb Code   108  main.o(i.vTaskUsartTest)
    xPortStartScheduler                      0x08003515   Thumb Code    42  port.o(i.xPortStartScheduler)
    xQueueGenericCreate                      0x08003549   Thumb Code    52  queue.o(i.xQueueGenericCreate)
    xQueueGenericReset                       0x0800357d   Thumb Code   122  queue.o(i.xQueueGenericReset)
    xQueueGenericSend                        0x080035fd   Thumb Code   276  queue.o(i.xQueueGenericSend)
    xQueueGenericSendFromISR                 0x08003715   Thumb Code   138  queue.o(i.xQueueGenericSendFromISR)
    xQueueReceive                            0x080037a1   Thumb Code   256  queue.o(i.xQueueReceive)
    xTaskCheckForTimeOut                     0x080038a5   Thumb Code    88  tasks.o(i.xTaskCheckForTimeOut)
    xTaskCreate                              0x08003905   Thumb Code    96  tasks.o(i.xTaskCreate)
    xTaskGetSchedulerState                   0x08003965   Thumb Code    24  tasks.o(i.xTaskGetSchedulerState)
    xTaskGetTickCount                        0x08003985   Thumb Code     6  tasks.o(i.xTaskGetTickCount)
    xTaskIncrementTick                       0x08003991   Thumb Code   238  tasks.o(i.xTaskIncrementTick)
    xTaskPriorityDisinherit                  0x08003aad   Thumb Code   108  tasks.o(i.xTaskPriorityDisinherit)
    xTaskRemoveFromEventList                 0x08003b21   Thumb Code   104  tasks.o(i.xTaskRemoveFromEventList)
    xTaskResumeAll                           0x08003ba1   Thumb Code   196  tasks.o(i.xTaskResumeAll)
    xTimerCreateTimerTask                    0x08003c89   Thumb Code    42  timers.o(i.xTimerCreateTimerTask)
    xTimerGenericCommand                     0x08003cc9   Thumb Code   102  timers.o(i.xTimerGenericCommand)
    GPIO_PIN                                 0x08003d34   Data           4  board.o(.constdata)
    GPIO_CLK                                 0x08003d38   Data           8  board.o(.constdata)
    BUTTON_PIN                               0x08003d40   Data           4  board.o(.constdata)
    BUTTON_CLK                               0x08003d44   Data           8  board.o(.constdata)
    BUTTON_EINT_LINE                         0x08003d4c   Data           4  board.o(.constdata)
    BUTTON_PORT_SOURCE                       0x08003d50   Data           2  board.o(.constdata)
    BUTTON_PIN_SOURCE                        0x08003d52   Data           2  board.o(.constdata)
    BUTTON_IRQn                              0x08003d54   Data           2  board.o(.constdata)
    COM_USART_CLK                            0x08003d58   Data           8  board.o(.constdata)
    COM_TX_PORT_CLK                          0x08003d60   Data           8  board.o(.constdata)
    COM_RX_PORT_CLK                          0x08003d68   Data           8  board.o(.constdata)
    COM_TX_PIN                               0x08003d70   Data           4  board.o(.constdata)
    COM_RX_PIN                               0x08003d74   Data           4  board.o(.constdata)
    asc2_1206                                0x08003d78   Data        1140  lcd.o(.constdata)
    asc2_1608                                0x080041ec   Data        1520  lcd.o(.constdata)
    asc2_2412                                0x080047dc   Data        3420  lcd.o(.constdata)
    Region$$Table$$Base                      0x080055a0   Number         0  anon$$obj.o(Region$$Table)
    Region$$Table$$Limit                     0x080055c0   Number         0  anon$$obj.o(Region$$Table)
    currentCount                             0x2000000c   Data           2  main.o(.data)
    SystemCoreClock                          0x20000010   Data           4  system_apm32e10x.o(.data)
    GPIO_PORT                                0x20000014   Data           8  board.o(.data)
    BUTTON_PORT                              0x2000001c   Data           8  board.o(.data)
    COM_USART                                0x20000024   Data           8  board.o(.data)
    COM_TX_PORT                              0x2000002c   Data           8  board.o(.data)
    COM_RX_PORT                              0x20000034   Data           8  board.o(.data)
    pxCurrentTCB                             0x2000003c   Data           4  tasks.o(.data)
    uxTopUsedPriority                        0x20000074   Data           4  tasks.o(.data)
    tfont16                                  0x200000b4   Data        3196  lcd.o(.data)
    tfont24                                  0x20000d30   Data         444  lcd.o(.data)
    tfont32                                  0x20000eec   Data        1040  lcd.o(.data)
    dma_transfer_complete                    0x200012fc   Data           1  lcd.o(.data)
    POINT_COLOR                              0x200012fe   Data           2  lcd.o(.data)
    BACK_COLOR                               0x20001300   Data           2  lcd.o(.data)
    id_order                                 0x20001302   Data           2  lcd.o(.data)
    gImage_1                                 0x20001304   Data        3200  test code.o(.data)
    ColorTab                                 0x20001f84   Data          10  test code.o(.data)
    ColornTab                                0x20001f8e   Data          16  test code.o(.data)
    xQueueRegistry                           0x20002004   Data          64  queue.o(.bss)
    lcddev                                   0x20014d34   Data          14  lcd.o(.bss)
    __libspace_start                         0x20014d44   Data          96  libspace.o(.bss)
    __temporary_stack_top$libspace           0x20014da4   Data           0  libspace.o(.bss)



==============================================================================

Memory Map of the image

  Image Entry point : 0x08000145

  Load Region LR_IROM1 (Base: 0x08000000, Size: 0x00007560, Max: 0x00080000, ABSOLUTE, COMPRESSED[0x00006a3c])

    Execution Region ER_IROM1 (Exec base: 0x08000000, Load base: 0x08000000, Size: 0x000055c0, Max: 0x00080000, ABSOLUTE)

    Exec Addr    Load Addr    Size         Type   Attr      Idx    E Section Name        Object

    0x08000000   0x08000000   0x00000144   Data   RO         5509    RESET               startup_apm32e10x_hd.o
    0x08000144   0x08000144   0x00000008   Code   RO         7156  * !!!main             c_w.l(__main.o)
    0x0800014c   0x0800014c   0x00000034   Code   RO         7503    !!!scatter          c_w.l(__scatter.o)
    0x08000180   0x08000180   0x0000005a   Code   RO         7501    !!dczerorl2         c_w.l(__dczerorl2.o)
    0x080001da   0x080001da   0x00000002   PAD
    0x080001dc   0x080001dc   0x0000001c   Code   RO         7505    !!handler_zi        c_w.l(__scatter_zi.o)
    0x080001f8   0x080001f8   0x00000002   Code   RO         7294    .ARM.Collect$$libinit$$00000000  c_w.l(libinit.o)
    0x080001fa   0x080001fa   0x00000000   Code   RO         7296    .ARM.Collect$$libinit$$00000002  c_w.l(libinit2.o)
    0x080001fa   0x080001fa   0x00000000   Code   RO         7298    .ARM.Collect$$libinit$$00000004  c_w.l(libinit2.o)
    0x080001fa   0x080001fa   0x00000000   Code   RO         7301    .ARM.Collect$$libinit$$0000000A  c_w.l(libinit2.o)
    0x080001fa   0x080001fa   0x00000000   Code   RO         7303    .ARM.Collect$$libinit$$0000000C  c_w.l(libinit2.o)
    0x080001fa   0x080001fa   0x00000000   Code   RO         7305    .ARM.Collect$$libinit$$0000000E  c_w.l(libinit2.o)
    0x080001fa   0x080001fa   0x00000000   Code   RO         7308    .ARM.Collect$$libinit$$00000011  c_w.l(libinit2.o)
    0x080001fa   0x080001fa   0x00000000   Code   RO         7310    .ARM.Collect$$libinit$$00000013  c_w.l(libinit2.o)
    0x080001fa   0x080001fa   0x00000000   Code   RO         7312    .ARM.Collect$$libinit$$00000015  c_w.l(libinit2.o)
    0x080001fa   0x080001fa   0x00000000   Code   RO         7314    .ARM.Collect$$libinit$$00000017  c_w.l(libinit2.o)
    0x080001fa   0x080001fa   0x00000000   Code   RO         7316    .ARM.Collect$$libinit$$00000019  c_w.l(libinit2.o)
    0x080001fa   0x080001fa   0x00000000   Code   RO         7318    .ARM.Collect$$libinit$$0000001B  c_w.l(libinit2.o)
    0x080001fa   0x080001fa   0x00000000   Code   RO         7320    .ARM.Collect$$libinit$$0000001D  c_w.l(libinit2.o)
    0x080001fa   0x080001fa   0x00000000   Code   RO         7322    .ARM.Collect$$libinit$$0000001F  c_w.l(libinit2.o)
    0x080001fa   0x080001fa   0x00000000   Code   RO         7324    .ARM.Collect$$libinit$$00000021  c_w.l(libinit2.o)
    0x080001fa   0x080001fa   0x00000000   Code   RO         7326    .ARM.Collect$$libinit$$00000023  c_w.l(libinit2.o)
    0x080001fa   0x080001fa   0x00000000   Code   RO         7328    .ARM.Collect$$libinit$$00000025  c_w.l(libinit2.o)
    0x080001fa   0x080001fa   0x00000000   Code   RO         7332    .ARM.Collect$$libinit$$0000002C  c_w.l(libinit2.o)
    0x080001fa   0x080001fa   0x00000000   Code   RO         7334    .ARM.Collect$$libinit$$0000002E  c_w.l(libinit2.o)
    0x080001fa   0x080001fa   0x00000000   Code   RO         7336    .ARM.Collect$$libinit$$00000030  c_w.l(libinit2.o)
    0x080001fa   0x080001fa   0x00000000   Code   RO         7338    .ARM.Collect$$libinit$$00000032  c_w.l(libinit2.o)
    0x080001fa   0x080001fa   0x00000002   Code   RO         7339    .ARM.Collect$$libinit$$00000033  c_w.l(libinit2.o)
    0x080001fc   0x080001fc   0x00000002   Code   RO         7480    .ARM.Collect$$libshutdown$$00000000  c_w.l(libshutdown.o)
    0x080001fe   0x080001fe   0x00000000   Code   RO         7341    .ARM.Collect$$libshutdown$$00000002  c_w.l(libshutdown2.o)
    0x080001fe   0x080001fe   0x00000000   Code   RO         7343    .ARM.Collect$$libshutdown$$00000004  c_w.l(libshutdown2.o)
    0x080001fe   0x080001fe   0x00000000   Code   RO         7346    .ARM.Collect$$libshutdown$$00000007  c_w.l(libshutdown2.o)
    0x080001fe   0x080001fe   0x00000000   Code   RO         7349    .ARM.Collect$$libshutdown$$0000000A  c_w.l(libshutdown2.o)
    0x080001fe   0x080001fe   0x00000000   Code   RO         7351    .ARM.Collect$$libshutdown$$0000000C  c_w.l(libshutdown2.o)
    0x080001fe   0x080001fe   0x00000000   Code   RO         7354    .ARM.Collect$$libshutdown$$0000000F  c_w.l(libshutdown2.o)
    0x080001fe   0x080001fe   0x00000002   Code   RO         7355    .ARM.Collect$$libshutdown$$00000010  c_w.l(libshutdown2.o)
    0x08000200   0x08000200   0x00000000   Code   RO         7158    .ARM.Collect$$rtentry$$00000000  c_w.l(__rtentry.o)
    0x08000200   0x08000200   0x00000000   Code   RO         7173    .ARM.Collect$$rtentry$$00000002  c_w.l(__rtentry2.o)
    0x08000200   0x08000200   0x00000006   Code   RO         7185    .ARM.Collect$$rtentry$$00000004  c_w.l(__rtentry4.o)
    0x08000206   0x08000206   0x00000000   Code   RO         7175    .ARM.Collect$$rtentry$$00000009  c_w.l(__rtentry2.o)
    0x08000206   0x08000206   0x00000004   Code   RO         7176    .ARM.Collect$$rtentry$$0000000A  c_w.l(__rtentry2.o)
    0x0800020a   0x0800020a   0x00000000   Code   RO         7178    .ARM.Collect$$rtentry$$0000000C  c_w.l(__rtentry2.o)
    0x0800020a   0x0800020a   0x00000008   Code   RO         7179    .ARM.Collect$$rtentry$$0000000D  c_w.l(__rtentry2.o)
    0x08000212   0x08000212   0x00000002   Code   RO         7364    .ARM.Collect$$rtexit$$00000000  c_w.l(rtexit.o)
    0x08000214   0x08000214   0x00000000   Code   RO         7418    .ARM.Collect$$rtexit$$00000002  c_w.l(rtexit2.o)
    0x08000214   0x08000214   0x00000004   Code   RO         7419    .ARM.Collect$$rtexit$$00000003  c_w.l(rtexit2.o)
    0x08000218   0x08000218   0x00000006   Code   RO         7420    .ARM.Collect$$rtexit$$00000004  c_w.l(rtexit2.o)
    0x0800021e   0x0800021e   0x00000002   PAD
    0x08000220   0x08000220   0x00000096   Code   RO         6621    .emb_text           port.o
    0x080002b6   0x080002b6   0x00000002   PAD
    0x080002b8   0x080002b8   0x00000040   Code   RO         5510    .text               startup_apm32e10x_hd.o
    0x080002f8   0x080002f8   0x0000003e   Code   RO         7144    .text               c_w.l(strlen.o)
    0x08000336   0x08000336   0x0000008a   Code   RO         7146    .text               c_w.l(rt_memcpy_v6.o)
    0x080003c0   0x080003c0   0x00000064   Code   RO         7148    .text               c_w.l(rt_memcpy_w.o)
    0x08000424   0x08000424   0x00000010   Code   RO         7150    .text               c_w.l(aeabi_memset.o)
    0x08000434   0x08000434   0x0000004e   Code   RO         7152    .text               c_w.l(rt_memclr_w.o)
    0x08000482   0x08000482   0x00000006   Code   RO         7154    .text               c_w.l(heapauxi.o)
    0x08000488   0x08000488   0x00000044   Code   RO         7170    .text               c_w.l(rt_memclr.o)
    0x080004cc   0x080004cc   0x0000004a   Code   RO         7210    .text               c_w.l(sys_stackheap_outer.o)
    0x08000516   0x08000516   0x00000012   Code   RO         7283    .text               c_w.l(exit.o)
    0x08000528   0x08000528   0x00000008   Code   RO         7358    .text               c_w.l(libspace.o)
    0x08000530   0x08000530   0x00000002   Code   RO         7361    .text               c_w.l(use_no_semi.o)
    0x08000532   0x08000532   0x00000000   Code   RO         7363    .text               c_w.l(indicate_semi.o)
    0x08000532   0x08000532   0x00000002   PAD
    0x08000534   0x08000534   0x0000000c   Code   RO         7415    .text               c_w.l(sys_exit.o)
    0x08000540   0x08000540   0x000000a8   Code   RO         5137    i.APM_MINI_COMInit  board.o
    0x080005e8   0x080005e8   0x0000004c   Code   RO         5138    i.APM_MINI_LEDInit  board.o
    0x08000634   0x08000634   0x00000024   Code   RO         5141    i.APM_MINI_LEDToggle  board.o
    0x08000658   0x08000658   0x00000004   Code   RO            4    i.BusFault_Handler  apm32e10x_int.o
    0x0800065c   0x0800065c   0x000000bc   Code   RO         6981    i.Chinese_Font_test  test code.o
    0x08000718   0x08000718   0x000000b8   Code   RO         6982    i.Color_Test        test code.o
    0x080007d0   0x080007d0   0x0000002c   Code   RO         6695    i.DMA1_Channel5_IRQHandler  lcd.o
    0x080007fc   0x080007fc   0x0000001c   Code   RO         1102    i.DMA_ClearStatusFlag  apm32e10x_dma.o
    0x08000818   0x08000818   0x0000005e   Code   RO         1103    i.DMA_Config        apm32e10x_dma.o
    0x08000876   0x08000876   0x0000001a   Code   RO         1105    i.DMA_ConfigStructInit  apm32e10x_dma.o
    0x08000890   0x08000890   0x0000000a   Code   RO         1106    i.DMA_Disable       apm32e10x_dma.o
    0x0800089a   0x0800089a   0x0000000c   Code   RO         1108    i.DMA_Enable        apm32e10x_dma.o
    0x080008a6   0x080008a6   0x00000008   Code   RO         1109    i.DMA_EnableInterrupt  apm32e10x_dma.o
    0x080008ae   0x080008ae   0x00000002   PAD
    0x080008b0   0x080008b0   0x00000030   Code   RO         1112    i.DMA_ReadStatusFlag  apm32e10x_dma.o
    0x080008e0   0x080008e0   0x00000002   Code   RO            5    i.DebugMon_Handler  apm32e10x_int.o
    0x080008e2   0x080008e2   0x00000012   Code   RO          258    i.Delay             my_init.o
    0x080008f4   0x080008f4   0x0000009c   Code   RO         6983    i.DispBand          test code.o
    0x08000990   0x08000990   0x00000124   Code   RO         6984    i.DrawTestPage      test code.o
    0x08000ab4   0x08000ab4   0x00000188   Code   RO         6985    i.English_Font_test  test code.o
    0x08000c3c   0x08000c3c   0x000001f0   Code   RO         6986    i.FillRec_Test      test code.o
    0x08000e2c   0x08000e2c   0x0000009a   Code   RO         1632    i.GPIO_Config       apm32e10x_gpio.o
    0x08000ec6   0x08000ec6   0x00000002   PAD
    0x08000ec8   0x08000ec8   0x00000034   Code   RO          259    i.GPIO_INIT         my_init.o
    0x08000efc   0x08000efc   0x00000004   Code   RO         1645    i.GPIO_ResetBit     apm32e10x_gpio.o
    0x08000f00   0x08000f00   0x00000004   Code   RO         1646    i.GPIO_SetBit       apm32e10x_gpio.o
    0x08000f04   0x08000f04   0x000000fc   Code   RO         6696    i.GUI_DrawFont16    lcd.o
    0x08001000   0x08001000   0x0000010c   Code   RO         6697    i.GUI_DrawFont24    lcd.o
    0x0800110c   0x0800110c   0x000000fc   Code   RO         6698    i.GUI_DrawFont32    lcd.o
    0x08001208   0x08001208   0x00000050   Code   RO         6699    i.Gui_Drawbmp16     lcd.o
    0x08001258   0x08001258   0x00000060   Code   RO         6700    i.Gui_StrCenter     lcd.o
    0x080012b8   0x080012b8   0x00000004   Code   RO            6    i.HardFault_Handler  apm32e10x_int.o
    0x080012bc   0x080012bc   0x00000088   Code   RO         6701    i.LCD_Clear         lcd.o
    0x08001344   0x08001344   0x00000078   Code   RO         6703    i.LCD_DMA_Init      lcd.o
    0x080013bc   0x080013bc   0x00000010   Code   RO         6704    i.LCD_DMA_WaitComplete  lcd.o
    0x080013cc   0x080013cc   0x00000030   Code   RO         6705    i.LCD_DMA_WriteData  lcd.o
    0x080013fc   0x080013fc   0x0000000a   Code   RO         6706    i.LCD_DisplayOff    lcd.o
    0x08001406   0x08001406   0x0000000a   Code   RO         6707    i.LCD_DisplayOn     lcd.o
    0x08001410   0x08001410   0x000000e8   Code   RO         6708    i.LCD_Display_Dir   lcd.o
    0x080014f8   0x080014f8   0x000000b0   Code   RO         6709    i.LCD_DrawLine      lcd.o
    0x080015a8   0x080015a8   0x00000020   Code   RO         6710    i.LCD_DrawPoint     lcd.o
    0x080015c8   0x080015c8   0x00000040   Code   RO         6711    i.LCD_DrawRectangle  lcd.o
    0x08001608   0x08001608   0x00000098   Code   RO         6712    i.LCD_Draw_Circle   lcd.o
    0x080016a0   0x080016a0   0x00000020   Code   RO         6713    i.LCD_Fast_DrawPoint  lcd.o
    0x080016c0   0x080016c0   0x000000b8   Code   RO         6714    i.LCD_Fill          lcd.o
    0x08001778   0x08001778   0x000002b4   Code   RO         6715    i.LCD_Init          lcd.o
    0x08001a2c   0x08001a2c   0x00000034   Code   RO         6718    i.LCD_SetCursor     lcd.o
    0x08001a60   0x08001a60   0x0000006c   Code   RO         6720    i.LCD_Set_Window    lcd.o
    0x08001acc   0x08001acc   0x00000128   Code   RO         6721    i.LCD_ShowChar      lcd.o
    0x08001bf4   0x08001bf4   0x00000066   Code   RO         6723    i.LCD_ShowString    lcd.o
    0x08001c5a   0x08001c5a   0x00000002   PAD
    0x08001c5c   0x08001c5c   0x00000054   Code   RO         6725    i.LCD_WR_DATA       lcd.o
    0x08001cb0   0x08001cb0   0x00000054   Code   RO         6726    i.LCD_WR_REG        lcd.o
    0x08001d04   0x08001d04   0x00000078   Code   RO         6727    i.LCD_WriteRAM      lcd.o
    0x08001d7c   0x08001d7c   0x00000010   Code   RO         6728    i.LCD_WriteRAM_Prepare  lcd.o
    0x08001d8c   0x08001d8c   0x00000014   Code   RO         6729    i.LCD_WriteReg      lcd.o
    0x08001da0   0x08001da0   0x00000004   Code   RO            7    i.MemManage_Handler  apm32e10x_int.o
    0x08001da4   0x08001da4   0x00000002   Code   RO            8    i.NMI_Handler       apm32e10x_int.o
    0x08001da6   0x08001da6   0x00000002   PAD
    0x08001da8   0x08001da8   0x00000014   Code   RO         2123    i.NVIC_ConfigPriorityGroup  apm32e10x_misc.o
    0x08001dbc   0x08001dbc   0x000000a0   Code   RO         2126    i.NVIC_EnableIRQRequest  apm32e10x_misc.o
    0x08001e5c   0x08001e5c   0x00000044   Code   RO         6989    i.Pic_test          test code.o
    0x08001ea0   0x08001ea0   0x00000010   Code   RO         2310    i.RCM_EnableAHBPeriphClock  apm32e10x_rcm.o
    0x08001eb0   0x08001eb0   0x00000010   Code   RO         2311    i.RCM_EnableAPB1PeriphClock  apm32e10x_rcm.o
    0x08001ec0   0x08001ec0   0x00000010   Code   RO         2313    i.RCM_EnableAPB2PeriphClock  apm32e10x_rcm.o
    0x08001ed0   0x08001ed0   0x0000003c   Code   RO         2323    i.RCM_ReadHCLKFreq  apm32e10x_rcm.o
    0x08001f0c   0x08001f0c   0x0000004c   Code   RO         2325    i.RCM_ReadPCLKFreq  apm32e10x_rcm.o
    0x08001f58   0x08001f58   0x00000064   Code   RO         2326    i.RCM_ReadSYSCLKFreq  apm32e10x_rcm.o
    0x08001fbc   0x08001fbc   0x00000080   Code   RO         6990    i.Rotate_Test       test code.o
    0x0800203c   0x0800203c   0x00000032   Code   RO         3432    i.SPI_Config        apm32e10x_spi.o
    0x0800206e   0x0800206e   0x00000018   Code   RO         3435    i.SPI_ConfigStructInit  apm32e10x_spi.o
    0x08002086   0x08002086   0x0000000c   Code   RO         3439    i.SPI_Enable        apm32e10x_spi.o
    0x08002092   0x08002092   0x0000001c   Code   RO         3446    i.SPI_I2S_EnableDMA  apm32e10x_spi.o
    0x080020ae   0x080020ae   0x00000010   Code   RO         3449    i.SPI_I2S_ReadStatusFlag  apm32e10x_spi.o
    0x080020be   0x080020be   0x00000004   Code   RO         3452    i.SPI_I2S_TxData    apm32e10x_spi.o
    0x080020c2   0x080020c2   0x00000002   PAD
    0x080020c4   0x080020c4   0x000000f4   Code   RO         6731    i.Show_Str          lcd.o
    0x080021b8   0x080021b8   0x0000002a   Code   RO         6992    i.Switch_test       test code.o
    0x080021e2   0x080021e2   0x00000002   PAD
    0x080021e4   0x080021e4   0x00000034   Code   RO         6622    i.SysTick_Handler   port.o
    0x08002218   0x08002218   0x000000dc   Code   RO          205    i.SystemClock120M   system_apm32e10x.o
    0x080022f4   0x080022f4   0x00000008   Code   RO          206    i.SystemClockConfig  system_apm32e10x.o
    0x080022fc   0x080022fc   0x00000060   Code   RO          208    i.SystemInit        system_apm32e10x.o
    0x0800235c   0x0800235c   0x00000008   Code   RO         4275    i.USART_ClearStatusFlag  apm32e10x_usart.o
    0x08002364   0x08002364   0x00000090   Code   RO         4276    i.USART_Config      apm32e10x_usart.o
    0x080023f4   0x080023f4   0x0000000e   Code   RO         4296    i.USART_Enable      apm32e10x_usart.o
    0x08002402   0x08002402   0x00000002   PAD
    0x08002404   0x08002404   0x00000048   Code   RO          260    i.USART_Init        my_init.o
    0x0800244c   0x0800244c   0x00000010   Code   RO         4308    i.USART_ReadStatusFlag  apm32e10x_usart.o
    0x0800245c   0x0800245c   0x0000000a   Code   RO         4310    i.USART_RxData      apm32e10x_usart.o
    0x08002466   0x08002466   0x00000004   Code   RO            9    i.UsageFault_Handler  apm32e10x_int.o
    0x0800246a   0x0800246a   0x00000002   PAD
    0x0800246c   0x0800246c   0x00000060   Code   RO          114    i.UserTaskCreate    main.o
    0x080024cc   0x080024cc   0x00000018   Code   RO         6732    i.delay_ms          lcd.o
    0x080024e4   0x080024e4   0x00000024   Code   RO         6733    i.gui_draw_hline    lcd.o
    0x08002508   0x08002508   0x000000b0   Code   RO         6734    i.gui_fill_circle   lcd.o
    0x080025b8   0x080025b8   0x00000070   Code   RO          115    i.main              main.o
    0x08002628   0x08002628   0x000000cc   Code   RO         6993    i.main_test         test code.o
    0x080026f4   0x080026f4   0x00000098   Code   RO         6048    i.prvAddCurrentTaskToDelayedList  tasks.o
    0x0800278c   0x0800278c   0x000000b8   Code   RO         6049    i.prvAddNewTaskToReadyList  tasks.o
    0x08002844   0x08002844   0x00000064   Code   RO         6421    i.prvCheckForValidListAndQueue  timers.o
    0x080028a8   0x080028a8   0x00000048   Code   RO         6050    i.prvCheckTasksWaitingTermination  tasks.o
    0x080028f0   0x080028f0   0x0000002a   Code   RO         5671    i.prvCopyDataFromQueue  queue.o
    0x0800291a   0x0800291a   0x0000007e   Code   RO         5672    i.prvCopyDataToQueue  queue.o
    0x08002998   0x08002998   0x00000012   Code   RO         6051    i.prvDeleteTCB      tasks.o
    0x080029aa   0x080029aa   0x00000002   PAD
    0x080029ac   0x080029ac   0x00000028   Code   RO         6422    i.prvGetNextExpireTime  timers.o
    0x080029d4   0x080029d4   0x0000007c   Code   RO         6566    i.prvHeapInit       heap_4.o
    0x08002a50   0x08002a50   0x00000028   Code   RO         6052    i.prvIdleTask       tasks.o
    0x08002a78   0x08002a78   0x0000002a   Code   RO         5675    i.prvInitialiseNewQueue  queue.o
    0x08002aa2   0x08002aa2   0x0000009a   Code   RO         6053    i.prvInitialiseNewTask  tasks.o
    0x08002b3c   0x08002b3c   0x00000068   Code   RO         6054    i.prvInitialiseTaskLists  tasks.o
    0x08002ba4   0x08002ba4   0x00000068   Code   RO         6567    i.prvInsertBlockIntoFreeList  heap_4.o
    0x08002c0c   0x08002c0c   0x00000058   Code   RO         6424    i.prvInsertTimerInActiveList  timers.o
    0x08002c64   0x08002c64   0x0000001a   Code   RO         5676    i.prvIsQueueEmpty   queue.o
    0x08002c7e   0x08002c7e   0x0000001e   Code   RO         5677    i.prvIsQueueFull    queue.o
    0x08002c9c   0x08002c9c   0x0000005c   Code   RO         6425    i.prvProcessExpiredTimer  timers.o
    0x08002cf8   0x08002cf8   0x000000fc   Code   RO         6426    i.prvProcessReceivedCommands  timers.o
    0x08002df4   0x08002df4   0x00000074   Code   RO         6427    i.prvProcessTimerOrBlockTask  timers.o
    0x08002e68   0x08002e68   0x00000030   Code   RO         6056    i.prvResetNextTaskUnblockTime  tasks.o
    0x08002e98   0x08002e98   0x0000002c   Code   RO         6428    i.prvSampleTimeNow  timers.o
    0x08002ec4   0x08002ec4   0x00000088   Code   RO         6429    i.prvSwitchTimerLists  timers.o
    0x08002f4c   0x08002f4c   0x00000016   Code   RO         6623    i.prvTaskExitError  port.o
    0x08002f62   0x08002f62   0x0000001a   Code   RO         6430    i.prvTimerTask      timers.o
    0x08002f7c   0x08002f7c   0x0000007e   Code   RO         5678    i.prvUnlockQueue    queue.o
    0x08002ffa   0x08002ffa   0x00000002   PAD
    0x08002ffc   0x08002ffc   0x000000fc   Code   RO         6568    i.pvPortMalloc      heap_4.o
    0x080030f8   0x080030f8   0x00000024   Code   RO         6624    i.pxPortInitialiseStack  port.o
    0x0800311c   0x0800311c   0x00000028   Code   RO         5631    i.uxListRemove      list.o
    0x08003144   0x08003144   0x0000001a   Code   RO         5632    i.vListInitialise   list.o
    0x0800315e   0x0800315e   0x00000006   Code   RO         5633    i.vListInitialiseItem  list.o
    0x08003164   0x08003164   0x00000034   Code   RO         5634    i.vListInsert       list.o
    0x08003198   0x08003198   0x00000018   Code   RO         5635    i.vListInsertEnd    list.o
    0x080031b0   0x080031b0   0x00000024   Code   RO         6626    i.vPortEnterCritical  port.o
    0x080031d4   0x080031d4   0x00000020   Code   RO         6627    i.vPortExitCritical  port.o
    0x080031f4   0x080031f4   0x00000058   Code   RO         6569    i.vPortFree         heap_4.o
    0x0800324c   0x0800324c   0x00000028   Code   RO         6628    i.vPortSetupTimerInterrupt  port.o
    0x08003274   0x08003274   0x0000002c   Code   RO         5684    i.vQueueAddToRegistry  queue.o
    0x080032a0   0x080032a0   0x0000004a   Code   RO         5688    i.vQueueWaitForMessageRestricted  queue.o
    0x080032ea   0x080032ea   0x00000002   PAD
    0x080032ec   0x080032ec   0x00000034   Code   RO         6068    i.vTaskDelay        tasks.o
    0x08003320   0x08003320   0x00000018   Code   RO         6073    i.vTaskInternalSetTimeOutState  tasks.o
    0x08003338   0x08003338   0x00000012   Code   RO          116    i.vTaskLedToggle    main.o
    0x0800334a   0x0800334a   0x00000002   PAD
    0x0800334c   0x0800334c   0x0000000c   Code   RO         6074    i.vTaskMissedYield  tasks.o
    0x08003358   0x08003358   0x00000020   Code   RO         6075    i.vTaskPlaceOnEventList  tasks.o
    0x08003378   0x08003378   0x00000028   Code   RO         6076    i.vTaskPlaceOnEventListRestricted  tasks.o
    0x080033a0   0x080033a0   0x00000078   Code   RO         6084    i.vTaskStartScheduler  tasks.o
    0x08003418   0x08003418   0x00000010   Code   RO         6086    i.vTaskSuspendAll   tasks.o
    0x08003428   0x08003428   0x00000060   Code   RO         6087    i.vTaskSwitchContext  tasks.o
    0x08003488   0x08003488   0x0000008c   Code   RO          117    i.vTaskUsartTest    main.o
    0x08003514   0x08003514   0x00000034   Code   RO         6629    i.xPortStartScheduler  port.o
    0x08003548   0x08003548   0x00000034   Code   RO         5691    i.xQueueGenericCreate  queue.o
    0x0800357c   0x0800357c   0x00000080   Code   RO         5692    i.xQueueGenericReset  queue.o
    0x080035fc   0x080035fc   0x00000118   Code   RO         5693    i.xQueueGenericSend  queue.o
    0x08003714   0x08003714   0x0000008a   Code   RO         5694    i.xQueueGenericSendFromISR  queue.o
    0x0800379e   0x0800379e   0x00000002   PAD
    0x080037a0   0x080037a0   0x00000104   Code   RO         5701    i.xQueueReceive     queue.o
    0x080038a4   0x080038a4   0x00000060   Code   RO         6089    i.xTaskCheckForTimeOut  tasks.o
    0x08003904   0x08003904   0x00000060   Code   RO         6090    i.xTaskCreate       tasks.o
    0x08003964   0x08003964   0x00000020   Code   RO         6097    i.xTaskGetSchedulerState  tasks.o
    0x08003984   0x08003984   0x0000000c   Code   RO         6098    i.xTaskGetTickCount  tasks.o
    0x08003990   0x08003990   0x0000011c   Code   RO         6100    i.xTaskIncrementTick  tasks.o
    0x08003aac   0x08003aac   0x00000074   Code   RO         6101    i.xTaskPriorityDisinherit  tasks.o
    0x08003b20   0x08003b20   0x00000080   Code   RO         6103    i.xTaskRemoveFromEventList  tasks.o
    0x08003ba0   0x08003ba0   0x000000e8   Code   RO         6104    i.xTaskResumeAll    tasks.o
    0x08003c88   0x08003c88   0x00000040   Code   RO         6438    i.xTimerCreateTimerTask  timers.o
    0x08003cc8   0x08003cc8   0x0000006c   Code   RO         6439    i.xTimerGenericCommand  timers.o
    0x08003d34   0x08003d34   0x00000044   Data   RO         5144    .constdata          board.o
    0x08003d78   0x08003d78   0x000017c0   Data   RO         6739    .constdata          lcd.o
    0x08005538   0x08005538   0x00000030   Data   RO         6995    .constdata          test code.o
    0x08005568   0x08005568   0x00000037   Data   RO         6996    .conststring        test code.o
    0x0800559f   0x0800559f   0x00000001   PAD
    0x080055a0   0x080055a0   0x00000020   Data   RO         7499    Region$$Table       anon$$obj.o


    Execution Region RW_IRAM1 (Exec base: 0x20000000, Load base: 0x080055c0, Size: 0x000153a8, Max: 0x00020000, ABSOLUTE, COMPRESSED[0x0000147c])

    Exec Addr    Load Addr    Size         Type   Attr      Idx    E Section Name        Object

    0x20000000   COMPRESSED   0x0000000e   Data   RW          119    .data               main.o
    0x2000000e   COMPRESSED   0x00000002   PAD
    0x20000010   COMPRESSED   0x00000004   Data   RW          209    .data               system_apm32e10x.o
    0x20000014   COMPRESSED   0x00000028   Data   RW         5145    .data               board.o
    0x2000003c   COMPRESSED   0x00000040   Data   RW         6107    .data               tasks.o
    0x2000007c   COMPRESSED   0x00000014   Data   RW         6445    .data               timers.o
    0x20000090   COMPRESSED   0x00000020   Data   RW         6575    .data               heap_4.o
    0x200000b0   COMPRESSED   0x00000004   Data   RW         6630    .data               port.o
    0x200000b4   COMPRESSED   0x00001250   Data   RW         6740    .data               lcd.o
    0x20001304   COMPRESSED   0x00000c9a   Data   RW         6997    .data               test code.o
    0x20001f9e   COMPRESSED   0x00000002   PAD
    0x20001fa0        -       0x00000064   Zero   RW          118    .bss                main.o
    0x20002004        -       0x00000040   Zero   RW         5705    .bss                queue.o
    0x20002044        -       0x000000c8   Zero   RW         6106    .bss                tasks.o
    0x2000210c        -       0x00000028   Zero   RW         6444    .bss                timers.o
    0x20002134        -       0x00012c00   Zero   RW         6574    .bss                heap_4.o
    0x20014d34        -       0x0000000e   Zero   RW         6738    .bss                lcd.o
    0x20014d42   COMPRESSED   0x00000002   PAD
    0x20014d44        -       0x00000060   Zero   RW         7359    .bss                c_w.l(libspace.o)
    0x20014da4   COMPRESSED   0x00000004   PAD
    0x20014da8        -       0x00000200   Zero   RW         5508    HEAP                startup_apm32e10x_hd.o
    0x20014fa8        -       0x00000400   Zero   RW         5507    STACK               startup_apm32e10x_hd.o


==============================================================================

Image component sizes


      Code (inc. data)   RO Data    RW Data    ZI Data      Debug   Object Name

       226         18          0          0          0       3812   apm32e10x_dma.o
       162          0          0          0          0       2228   apm32e10x_gpio.o
        20          0          0          0          0      78825   apm32e10x_int.o
       180         20          0          0          0       1307   apm32e10x_misc.o
       284         62          0          0          0       3670   apm32e10x_rcm.o
       134          0          0          0          0       3375   apm32e10x_spi.o
       192          6          0          0          0       3140   apm32e10x_usart.o
       280         54         68         40          0       5163   board.o
         0          0          0          0          0      13404   event_groups.o
       568         72          0         32      76800       3815   heap_4.o
      4258        222       6080       4688         14      23842   lcd.o
       148          0          0          0          0       3018   list.o
       366         94          0         14        100      20832   main.o
       142         10          0          0          0       1717   my_init.o
       420         48          0          4          0       8876   port.o
      1368         20          0          0         64      13778   queue.o
        64         26        324          0       1536        768   startup_apm32e10x_hd.o
       324         24          0          4          0       1987   system_apm32e10x.o
      2160        340          0         64        200      28888   tasks.o
      2150        536        103       3226          0       6215   test code.o
      1066        118          0         20         40      10583   timers.o

    ----------------------------------------------------------------------
     14540       1670       6608       8096      78756     239243   Object Totals
         0          0         32          0          0          0   (incl. Generated)
        28          0          1          4          2          0   (incl. Padding)

    ----------------------------------------------------------------------

      Code (inc. data)   RO Data    RW Data    ZI Data      Debug   Library Member Name

        90          0          0          0          0          0   __dczerorl2.o
         8          0          0          0          0         68   __main.o
         0          0          0          0          0          0   __rtentry.o
        12          0          0          0          0          0   __rtentry2.o
         6          0          0          0          0          0   __rtentry4.o
        52          8          0          0          0          0   __scatter.o
        28          0          0          0          0          0   __scatter_zi.o
        16          0          0          0          0         68   aeabi_memset.o
        18          0          0          0          0         80   exit.o
         6          0          0          0          0        152   heapauxi.o
         0          0          0          0          0          0   indicate_semi.o
         2          0          0          0          0          0   libinit.o
         2          0          0          0          0          0   libinit2.o
         2          0          0          0          0          0   libshutdown.o
         2          0          0          0          0          0   libshutdown2.o
         8          4          0          0         96         68   libspace.o
        68          0          0          0          0         68   rt_memclr.o
        78          0          0          0          0         80   rt_memclr_w.o
       138          0          0          0          0         68   rt_memcpy_v6.o
       100          0          0          0          0         80   rt_memcpy_w.o
         2          0          0          0          0          0   rtexit.o
        10          0          0          0          0          0   rtexit2.o
        62          0          0          0          0         76   strlen.o
        12          4          0          0          0         68   sys_exit.o
        74          0          0          0          0         80   sys_stackheap_outer.o
         2          0          0          0          0         68   use_no_semi.o

    ----------------------------------------------------------------------
       804         16          0          0        100       1024   Library Totals
         6          0          0          0          4          0   (incl. Padding)

    ----------------------------------------------------------------------

      Code (inc. data)   RO Data    RW Data    ZI Data      Debug   Library Name

       798         16          0          0         96       1024   c_w.l

    ----------------------------------------------------------------------
       804         16          0          0        100       1024   Library Totals

    ----------------------------------------------------------------------

==============================================================================


      Code (inc. data)   RO Data    RW Data    ZI Data      Debug   

     15344       1686       6608       8096      78856     231943   Grand Totals
     15344       1686       6608       5244      78856     231943   ELF Image Totals (compressed)
     15344       1686       6608       5244          0          0   ROM Totals

==============================================================================

    Total RO  Size (Code + RO Data)                21952 (  21.44kB)
    Total RW  Size (RW Data + ZI Data)             86952 (  84.91kB)
    Total ROM Size (Code + RO Data + RW Data)      27196 (  26.56kB)

==============================================================================

