Component: ARM Compiler 5.06 update 5 (build 528) Tool: armlink [4d35e2]

==============================================================================

Section Cross References

    startup_stm32f103xb.o(STACK) refers (Special) to heapauxi.o(.text) for __use_two_region_memory
    startup_stm32f103xb.o(HEAP) refers (Special) to heapauxi.o(.text) for __use_two_region_memory
    startup_stm32f103xb.o(RESET) refers (Special) to heapauxi.o(.text) for __use_two_region_memory
    startup_stm32f103xb.o(RESET) refers to startup_stm32f103xb.o(STACK) for __initial_sp
    startup_stm32f103xb.o(RESET) refers to startup_stm32f103xb.o(.text) for Reset_Handler
    startup_stm32f103xb.o(RESET) refers to stm32f1xx_it.o(i.NMI_Handler) for NMI_Handler
    startup_stm32f103xb.o(RESET) refers to stm32f1xx_it.o(i.HardFault_Handler) for HardFault_Handler
    startup_stm32f103xb.o(RESET) refers to stm32f1xx_it.o(i.MemManage_Handler) for MemManage_Handler
    startup_stm32f103xb.o(RESET) refers to stm32f1xx_it.o(i.BusFault_Handler) for BusFault_Handler
    startup_stm32f103xb.o(RESET) refers to stm32f1xx_it.o(i.UsageFault_Handler) for UsageFault_Handler
    startup_stm32f103xb.o(RESET) refers to port.o(.emb_text) for SVC_Handler
    startup_stm32f103xb.o(RESET) refers to stm32f1xx_it.o(i.DebugMon_Handler) for DebugMon_Handler
    startup_stm32f103xb.o(RESET) refers to port.o(i.SysTick_Handler) for SysTick_Handler
    startup_stm32f103xb.o(RESET) refers to stm32f1xx_it.o(i.DMA1_Channel6_IRQHandler) for DMA1_Channel6_IRQHandler
    startup_stm32f103xb.o(RESET) refers to stm32f1xx_it.o(i.DMA1_Channel7_IRQHandler) for DMA1_Channel7_IRQHandler
    startup_stm32f103xb.o(RESET) refers to stm32f1xx_it.o(i.TIM1_UP_IRQHandler) for TIM1_UP_IRQHandler
    startup_stm32f103xb.o(RESET) refers to main.o(i.USART2_IRQHandler) for USART2_IRQHandler
    startup_stm32f103xb.o(.text) refers (Special) to heapauxi.o(.text) for __use_two_region_memory
    startup_stm32f103xb.o(.text) refers to system_stm32f1xx.o(i.SystemInit) for SystemInit
    startup_stm32f103xb.o(.text) refers to __main.o(!!!main) for __main
    startup_stm32f103xb.o(.text) refers to startup_stm32f103xb.o(HEAP) for Heap_Mem
    startup_stm32f103xb.o(.text) refers to startup_stm32f103xb.o(STACK) for Stack_Mem
    main.o(i.HAL_TIM_PeriodElapsedCallback) refers to stm32f1xx_hal.o(i.HAL_IncTick) for HAL_IncTick
    main.o(i.SystemClock_Config) refers to rt_memclr_w.o(.text) for __aeabi_memclr4
    main.o(i.SystemClock_Config) refers to stm32f1xx_hal_rcc.o(i.HAL_RCC_OscConfig) for HAL_RCC_OscConfig
    main.o(i.SystemClock_Config) refers to main.o(i.Error_Handler) for Error_Handler
    main.o(i.SystemClock_Config) refers to stm32f1xx_hal_rcc.o(i.HAL_RCC_ClockConfig) for HAL_RCC_ClockConfig
    main.o(i.USART2_IRQHandler) refers to stm32f1xx_hal_uart.o(i.HAL_UART_DMAStop) for HAL_UART_DMAStop
    main.o(i.USART2_IRQHandler) refers to stm32f1xx_hal_uart.o(i.HAL_UART_Receive_DMA) for HAL_UART_Receive_DMA
    main.o(i.USART2_IRQHandler) refers to usart.o(.bss) for huart2
    main.o(i.USART2_IRQHandler) refers to main.o(.data) for .data
    main.o(i.USART2_IRQHandler) refers to main.o(.bss) for .bss
    main.o(i.main) refers to stm32f1xx_hal.o(i.HAL_Init) for HAL_Init
    main.o(i.main) refers to main.o(i.SystemClock_Config) for SystemClock_Config
    main.o(i.main) refers to gpio.o(i.MX_GPIO_Init) for MX_GPIO_Init
    main.o(i.main) refers to dma.o(i.MX_DMA_Init) for MX_DMA_Init
    main.o(i.main) refers to usart.o(i.MX_USART2_UART_Init) for MX_USART2_UART_Init
    main.o(i.main) refers to stm32f1xx_hal_uart.o(i.HAL_UART_Receive_DMA) for HAL_UART_Receive_DMA
    main.o(i.main) refers to charge_control.o(i.IIC_GPIO_Config) for IIC_GPIO_Config
    main.o(i.main) refers to stm32f1xx_hal_gpio.o(i.HAL_GPIO_WritePin) for HAL_GPIO_WritePin
    main.o(i.main) refers to lcd.o(i.LCD_Init) for LCD_Init
    main.o(i.main) refers to lcd.o(i.LCD_Display_Dir) for LCD_Display_Dir
    main.o(i.main) refers to lcd.o(i.LCD_Clear) for LCD_Clear
    main.o(i.main) refers to lvgl_task.o(i.lvgl_task) for lvgl_task
    main.o(i.main) refers to main.o(.bss) for .bss
    main.o(i.main) refers to usart.o(.bss) for huart2
    gpio.o(i.MX_GPIO_Init) refers to stm32f1xx_hal_gpio.o(i.HAL_GPIO_WritePin) for HAL_GPIO_WritePin
    gpio.o(i.MX_GPIO_Init) refers to stm32f1xx_hal_gpio.o(i.HAL_GPIO_Init) for HAL_GPIO_Init
    freertos.o(i.MX_FREERTOS_Init) refers to rt_memcpy_w.o(.text) for __aeabi_memcpy4
    freertos.o(i.MX_FREERTOS_Init) refers to cmsis_os.o(i.osThreadCreate) for osThreadCreate
    freertos.o(i.MX_FREERTOS_Init) refers to freertos.o(.constdata) for .constdata
    freertos.o(i.MX_FREERTOS_Init) refers to freertos.o(.data) for .data
    freertos.o(i.StartDefaultTask) refers to cmsis_os.o(i.osDelay) for osDelay
    freertos.o(i.vApplicationGetIdleTaskMemory) refers to freertos.o(.bss) for .bss
    freertos.o(.constdata) refers to freertos.o(.conststring) for .conststring
[...]
    prvCheckTasksWaitingTermination          0x0800453d   Thumb Code    52  tasks.o(i.prvCheckTasksWaitingTermination)
    i.prvDeleteTCB                           0x08004578   Section        0  tasks.o(i.prvDeleteTCB)
    prvDeleteTCB                             0x08004579   Thumb Code    64  tasks.o(i.prvDeleteTCB)
    i.prvHeapInit                            0x080045b8   Section        0  heap_4.o(i.prvHeapInit)
    prvHeapInit                              0x080045b9   Thumb Code    68  heap_4.o(i.prvHeapInit)
    i.prvIdleTask                            0x08004604   Section        0  tasks.o(i.prvIdleTask)
    prvIdleTask                              0x08004605   Thumb Code    30  tasks.o(i.prvIdleTask)
    i.prvInitialiseNewTask                   0x0800462c   Section        0  tasks.o(i.prvInitialiseNewTask)
    prvInitialiseNewTask                     0x0800462d   Thumb Code   148  tasks.o(i.prvInitialiseNewTask)
    i.prvInitialiseTaskLists                 0x080046c0   Section        0  tasks.o(i.prvInitialiseTaskLists)
    prvInitialiseTaskLists                   0x080046c1   Thumb Code    78  tasks.o(i.prvInitialiseTaskLists)
    i.prvInsertBlockIntoFreeList             0x08004718   Section        0  heap_4.o(i.prvInsertBlockIntoFreeList)
    prvInsertBlockIntoFreeList               0x08004719   Thumb Code    78  heap_4.o(i.prvInsertBlockIntoFreeList)
    i.prvResetNextTaskUnblockTime            0x0800476c   Section        0  tasks.o(i.prvResetNextTaskUnblockTime)
    prvResetNextTaskUnblockTime              0x0800476d   Thumb Code    30  tasks.o(i.prvResetNextTaskUnblockTime)
    i.prvTaskExitError                       0x08004790   Section        0  port.o(i.prvTaskExitError)
    prvTaskExitError                         0x08004791   Thumb Code    40  port.o(i.prvTaskExitError)
    i.pvPortMalloc                           0x080047bc   Section        0  heap_4.o(i.pvPortMalloc)
    i.pxPortInitialiseStack                  0x08004898   Section        0  port.o(i.pxPortInitialiseStack)
    i.read_key                               0x080048b4   Section        0  charging_station_ui.o(i.read_key)
    i.rs485_task                             0x0800492c   Section        0  lvgl_task.o(i.rs485_task)
    i.start_task                             0x08004938   Section        0  lvgl_task.o(i.start_task)
    i.update_charge_mode_selection           0x080049d0   Section        0  charging_station_ui.o(i.update_charge_mode_selection)
    update_charge_mode_selection             0x080049d1   Thumb Code   138  charging_station_ui.o(i.update_charge_mode_selection)
    i.update_power                           0x08004a68   Section        0  charging_station_ui.o(i.update_power)
    update_power                             0x08004a69   Thumb Code    50  charging_station_ui.o(i.update_power)
    i.update_station_selection               0x08004aa4   Section        0  charging_station_ui.o(i.update_station_selection)
    update_station_selection                 0x08004aa5   Thumb Code    84  charging_station_ui.o(i.update_station_selection)
    i.uxListRemove                           0x08004afc   Section        0  list.o(i.uxListRemove)
    i.vApplicationGetIdleTaskMemory          0x08004b24   Section        0  freertos.o(i.vApplicationGetIdleTaskMemory)
    i.vApplicationTickHook                   0x08004b38   Section        0  freertos.o(i.vApplicationTickHook)
    i.vListInitialise                        0x08004b3a   Section        0  list.o(i.vListInitialise)
    i.vListInitialiseItem                    0x08004b50   Section        0  list.o(i.vListInitialiseItem)
    i.vListInsert                            0x08004b56   Section        0  list.o(i.vListInsert)
    i.vListInsertEnd                         0x08004b86   Section        0  list.o(i.vListInsertEnd)
    i.vPortEnterCritical                     0x08004ba0   Section        0  port.o(i.vPortEnterCritical)
    i.vPortExitCritical                      0x08004be0   Section        0  port.o(i.vPortExitCritical)
    i.vPortFree                              0x08004c0c   Section        0  heap_4.o(i.vPortFree)
    i.vPortSetupTimerInterrupt               0x08004c70   Section        0  port.o(i.vPortSetupTimerInterrupt)
    i.vTaskDelay                             0x08004c94   Section        0  tasks.o(i.vTaskDelay)
    i.vTaskDelete                            0x08004ce4   Section        0  tasks.o(i.vTaskDelete)
    i.vTaskStartScheduler                    0x08004d90   Section        0  tasks.o(i.vTaskStartScheduler)
    i.vTaskSuspendAll                        0x08004e18   Section        0  tasks.o(i.vTaskSuspendAll)
    i.vTaskSwitchContext                     0x08004e28   Section        0  tasks.o(i.vTaskSwitchContext)
    i.xPortStartScheduler                    0x08004e88   Section        0  port.o(i.xPortStartScheduler)
    i.xTaskCreate                            0x08004f30   Section        0  tasks.o(i.xTaskCreate)
    i.xTaskCreateStatic                      0x08004f94   Section        0  tasks.o(i.xTaskCreateStatic)
    i.xTaskIncrementTick                     0x08004ff0   Section        0  tasks.o(i.xTaskIncrementTick)
    i.xTaskResumeAll                         0x080050cc   Section        0  tasks.o(i.xTaskResumeAll)
    locale$$code                             0x08005198   Section       44  lc_numeric_c.o(locale$$code)
    x$fpl$dretinf                            0x080051c4   Section       12  dretinf.o(x$fpl$dretinf)
    x$fpl$f2d                                0x080051d0   Section       86  f2d.o(x$fpl$f2d)
    x$fpl$ffix                               0x08005228   Section       54  ffix.o(x$fpl$ffix)
    x$fpl$ffixu                              0x08005260   Section       62  ffixu.o(x$fpl$ffixu)
    x$fpl$fmul                               0x080052a0   Section      258  fmul.o(x$fpl$fmul)
    x$fpl$fnaninf                            0x080053a2   Section      140  fnaninf.o(x$fpl$fnaninf)
    x$fpl$fretinf                            0x0800542e   Section       10  fretinf.o(x$fpl$fretinf)
    x$fpl$printf1                            0x08005438   Section        4  printf1.o(x$fpl$printf1)
    .constdata                               0x0800543c   Section       18  stm32f1xx_hal_rcc.o(.constdata)
    x$fpl$usenofp                            0x0800543c   Section        0  usenofp.o(x$fpl$usenofp)
    aPredivFactorTable                       0x0800543c   Data           2  stm32f1xx_hal_rcc.o(.constdata)
    aPLLMULFactorTable                       0x0800543e   Data          16  stm32f1xx_hal_rcc.o(.constdata)
    .constdata                               0x0800544e   Section       16  system_stm32f1xx.o(.constdata)
    .constdata                               0x0800545e   Section        8  system_stm32f1xx.o(.constdata)
    .constdata                               0x08005468   Section       24  charging_station_ui.o(.constdata)
    charge_modes                             0x08005468   Data          24  charging_station_ui.o(.constdata)
    .constdata                               0x08005480   Section     6080  lcd.o(.constdata)
    .constdata                               0x08006c40   Section       17  __printf_flags_wp.o(.constdata)
    maptable                                 0x08006c40   Data          17  __printf_flags_wp.o(.constdata)
    .constdata                               0x08006c54   Section      148  bigflt0.o(.constdata)
    tenpwrs_x                                0x08006c54   Data          60  bigflt0.o(.constdata)
    tenpwrs_i                                0x08006c90   Data          64  bigflt0.o(.constdata)
    .conststring                             0x08006ce8   Section       97  charging_station_ui.o(.conststring)
    locale$$data                             0x08006d6c   Section       28  lc_numeric_c.o(locale$$data)
    __lcnum_c_name                           0x08006d70   Data           2  lc_numeric_c.o(locale$$data)
    __lcnum_c_start                          0x08006d78   Data           0  lc_numeric_c.o(locale$$data)
    __lcnum_c_point                          0x08006d84   Data           0  lc_numeric_c.o(locale$$data)
    __lcnum_c_thousands                      0x08006d86   Data           0  lc_numeric_c.o(locale$$data)
    __lcnum_c_grouping                       0x08006d87   Data           0  lc_numeric_c.o(locale$$data)
    __lcnum_c_end                            0x08006d88   Data           0  lc_numeric_c.o(locale$$data)
    .data                                    0x20000000   Section        2  main.o(.data)
    .data                                    0x20000004   Section       12  stm32f1xx_hal.o(.data)
    .data                                    0x20000010   Section        4  system_stm32f1xx.o(.data)
    .data                                    0x20000014   Section        7  rs485.o(.data)
    .data                                    0x2000001c   Section       32  lvgl_task.o(.data)
    .data                                    0x2000003c   Section       40  charging_station_ui.o(.data)
    ui_state                                 0x2000003c   Data           1  charging_station_ui.o(.data)
    selected_station                         0x2000003d   Data           1  charging_station_ui.o(.data)
    need_redraw                              0x2000003e   Data           1  charging_station_ui.o(.data)
    last_selected_station                    0x2000003f   Data           1  charging_station_ui.o(.data)
    menu_selected                            0x20000040   Data           1  charging_station_ui.o(.data)
    menu_items_count                         0x20000041   Data           1  charging_station_ui.o(.data)
    charge_mode_selected                     0x20000042   Data           1  charging_station_ui.o(.data)
    charge_progress                          0x20000043   Data           1  charging_station_ui.o(.data)
    last_charge_mode_selected                0x20000044   Data           1  charging_station_ui.o(.data)
    system_total_power                       0x20000048   Data           2  charging_station_ui.o(.data)
    system_used_power                        0x2000004a   Data           2  charging_station_ui.o(.data)
    menu_items                               0x2000004c   Data          24  charging_station_ui.o(.data)
    .data                                    0x20000064   Section     4616  lcd.o(.data)
    .data                                    0x2000126c   Section       60  tasks.o(.data)
    uxDeletedTasksWaitingCleanUp             0x20001270   Data           4  tasks.o(.data)
    uxCurrentNumberOfTasks                   0x20001274   Data           4  tasks.o(.data)
    xTickCount                               0x20001278   Data           4  tasks.o(.data)
    uxTopReadyPriority                       0x2000127c   Data           4  tasks.o(.data)
    xSchedulerRunning                        0x20001280   Data           4  tasks.o(.data)
    xPendedTicks                             0x20001284   Data           4  tasks.o(.data)
    xYieldPending                            0x20001288   Data           4  tasks.o(.data)
    xNumOfOverflows                          0x2000128c   Data           4  tasks.o(.data)
    uxTaskNumber                             0x20001290   Data           4  tasks.o(.data)
    xNextTaskUnblockTime                     0x20001294   Data           4  tasks.o(.data)
    xIdleTaskHandle                          0x20001298   Data           4  tasks.o(.data)
    uxSchedulerSuspended                     0x2000129c   Data           4  tasks.o(.data)
    pxDelayedTaskList                        0x200012a0   Data           4  tasks.o(.data)
    pxOverflowDelayedTaskList                0x200012a4   Data           4  tasks.o(.data)
    .data                                    0x200012a8   Section       32  heap_4.o(.data)
    pxEnd                                    0x200012a8   Data           4  heap_4.o(.data)
    xFreeBytesRemaining                      0x200012ac   Data           4  heap_4.o(.data)
    xMinimumEverFreeBytesRemaining           0x200012b0   Data           4  heap_4.o(.data)
    xNumberOfSuccessfulAllocations           0x200012b4   Data           4  heap_4.o(.data)
    xNumberOfSuccessfulFrees                 0x200012b8   Data           4  heap_4.o(.data)
    xBlockAllocatedBit                       0x200012bc   Data           4  heap_4.o(.data)
    xStart                                   0x200012c0   Data           8  heap_4.o(.data)
    .data                                    0x200012c8   Section       12  port.o(.data)
    ucMaxSysCallPriority                     0x200012c8   Data           1  port.o(.data)
    uxCriticalNesting                        0x200012cc   Data           4  port.o(.data)
    ulMaxPRIGROUPValue                       0x200012d0   Data           4  port.o(.data)
    .bss                                     0x200012d4   Section       25  main.o(.bss)
    .bss                                     0x200012f0   Section      596  freertos.o(.bss)
    xIdleTaskTCBBuffer                       0x200012f0   Data          84  freertos.o(.bss)
    xIdleStack                               0x20001344   Data         512  freertos.o(.bss)
    .bss                                     0x20001544   Section      208  usart.o(.bss)
    .bss                                     0x20001614   Section       72  stm32f1xx_hal_timebase_tim.o(.bss)
    .bss                                     0x2000165c   Section       80  charging_station_ui.o(.bss)
    .bss                                     0x200016ac   Section       14  lcd.o(.bss)
    .bss                                     0x200016bc   Section      240  tasks.o(.bss)
    pxReadyTasksLists                        0x200016bc   Data         140  tasks.o(.bss)
    xDelayedTaskList1                        0x20001748   Data          20  tasks.o(.bss)
    xDelayedTaskList2                        0x2000175c   Data          20  tasks.o(.bss)
    xPendingReadyList                        0x20001770   Data          20  tasks.o(.bss)
    xTasksWaitingTermination                 0x20001784   Data          20  tasks.o(.bss)
    xSuspendedTaskList                       0x20001798   Data          20  tasks.o(.bss)
    .bss                                     0x200017ac   Section     3072  heap_4.o(.bss)
    ucHeap                                   0x200017ac   Data        3072  heap_4.o(.bss)
    .bss                                     0x200023ac   Section       96  libspace.o(.bss)
    HEAP                                     0x20002410   Section      512  startup_stm32f103xb.o(HEAP)
    Heap_Mem                                 0x20002410   Data         512  startup_stm32f103xb.o(HEAP)
    STACK                                    0x20002610   Section     1024  startup_stm32f103xb.o(STACK)
    Stack_Mem                                0x20002610   Data        1024  startup_stm32f103xb.o(STACK)
    __initial_sp                             0x20002a10   Data           0  startup_stm32f103xb.o(STACK)

    Global Symbols

    Symbol Name                              Value     Ov Type        Size  Object(Section)

    BuildAttributes$$THM_ISAv4$P$D$K$B$S$PE$A:L22UL41UL21$X:L11$S22US41US21$IEEE1$IW$USESV6$~STKCKD$USESV7$~SHL$OTIME$ROPI$IEEEJ$EBA8$UX$STANDARDLIB$REQ8$PRES8$EABIv2 0x00000000   Number         0  anon$$obj.o ABSOLUTE
    __ARM_use_no_argv                        0x00000000   Number         0  main.o ABSOLUTE
    _printf_flags                            0x00000000   Number         0  printf_stubs.o ABSOLUTE
    _printf_return_value                     0x00000000   Number         0  printf_stubs.o ABSOLUTE
    _printf_sizespec                         0x00000000   Number         0  printf_stubs.o ABSOLUTE
    _printf_widthprec                        0x00000000   Number         0  printf_stubs.o ABSOLUTE
    __ARM_exceptions_init                     - Undefined Weak Reference
    __alloca_initialize                       - Undefined Weak Reference
    __arm_preinit_                            - Undefined Weak Reference
    __cpp_initialize__aeabi_                  - Undefined Weak Reference
    __cxa_finalize                            - Undefined Weak Reference
    __sigvec_lookup                           - Undefined Weak Reference
    _atexit_init                              - Undefined Weak Reference
    _call_atexit_fns                          - Undefined Weak Reference
    _clock_init                               - Undefined Weak Reference
    _fp_trap_init                             - Undefined Weak Reference
    _fp_trap_shutdown                         - Undefined Weak Reference
    _get_lc_collate                           - Undefined Weak Reference
    _get_lc_ctype                             - Undefined Weak Reference
    _get_lc_monetary                          - Undefined Weak Reference
    _get_lc_time                              - Undefined Weak Reference
    _getenv_init                              - Undefined Weak Reference
    _handle_redirection                       - Undefined Weak Reference
    _init_alloc                               - Undefined Weak Reference
    _init_user_alloc                          - Undefined Weak Reference
    _initio                                   - Undefined Weak Reference
    _printf_truncate_signed                   - Undefined Weak Reference
    _printf_truncate_unsigned                 - Undefined Weak Reference
    _rand_init                                - Undefined Weak Reference
    _signal_finish                            - Undefined Weak Reference
    _signal_init                              - Undefined Weak Reference
    _terminate_alloc                          - Undefined Weak Reference
    _terminate_user_alloc                     - Undefined Weak Reference
    _terminateio                              - Undefined Weak Reference
    __Vectors_Size                           0x000000ec   Number         0  startup_stm32f103xb.o ABSOLUTE
    __Vectors                                0x08000000   Data           4  startup_stm32f103xb.o(RESET)
    __Vectors_End                            0x080000ec   Data           0  startup_stm32f103xb.o(RESET)
    __main                                   0x080000ed   Thumb Code     8  __main.o(!!!main)
    __scatterload                            0x080000f5   Thumb Code     0  __scatter.o(!!!scatter)
    __scatterload_rt2                        0x080000f5   Thumb Code    44  __scatter.o(!!!scatter)
    __scatterload_rt2_thumb_only             0x080000f5   Thumb Code     0  __scatter.o(!!!scatter)
    __scatterload_null                       0x08000103   Thumb Code     0  __scatter.o(!!!scatter)
    __decompress                             0x08000129   Thumb Code    90  __dczerorl2.o(!!dczerorl2)
    __decompress1                            0x08000129   Thumb Code     0  __dczerorl2.o(!!dczerorl2)
    __scatterload_zeroinit                   0x08000185   Thumb Code    28  __scatter_zi.o(!!handler_zi)
    _printf_f                                0x080001a1   Thumb Code     0  _printf_f.o(.ARM.Collect$$_printf_percent$$00000003)
    _printf_percent                          0x080001a1   Thumb Code     0  _printf_percent.o(.ARM.Collect$$_printf_percent$$00000000)
    _printf_d                                0x080001a7   Thumb Code     0  _printf_d.o(.ARM.Collect$$_printf_percent$$00000009)
    _printf_percent_end                      0x080001ad   Thumb Code     0  _printf_percent_end.o(.ARM.Collect$$_printf_percent$$00000017)
    __rt_lib_init                            0x080001b1   Thumb Code     0  libinit.o(.ARM.Collect$$libinit$$00000000)
    __rt_lib_init_fp_1                       0x080001b3   Thumb Code     0  libinit2.o(.ARM.Collect$$libinit$$00000002)
    __rt_lib_init_heap_1                     0x080001b3   Thumb Code     0  libinit2.o(.ARM.Collect$$libinit$$0000000A)
    __rt_lib_init_lc_common                  0x080001b3   Thumb Code     0  libinit2.o(.ARM.Collect$$libinit$$0000000F)
    __rt_lib_init_preinit_1                  0x080001b3   Thumb Code     0  libinit2.o(.ARM.Collect$$libinit$$00000004)
    __rt_lib_init_rand_1                     0x080001b3   Thumb Code     0  libinit2.o(.ARM.Collect$$libinit$$0000000E)
    __rt_lib_init_user_alloc_1               0x080001b3   Thumb Code     0  libinit2.o(.ARM.Collect$$libinit$$0000000C)
    __rt_lib_init_lc_collate_1               0x080001b9   Thumb Code     0  libinit2.o(.ARM.Collect$$libinit$$00000011)
    __rt_lib_init_lc_ctype_1                 0x080001b9   Thumb Code     0  libinit2.o(.ARM.Collect$$libinit$$00000013)
    __rt_lib_init_lc_monetary_1              0x080001b9   Thumb Code     0  libinit2.o(.ARM.Collect$$libinit$$00000015)
    __rt_lib_init_lc_numeric_2               0x080001b9   Thumb Code     0  libinit2.o(.ARM.Collect$$libinit$$00000016)
    __rt_lib_init_alloca_1                   0x080001c3   Thumb Code     0  libinit2.o(.ARM.Collect$$libinit$$0000002E)
    __rt_lib_init_argv_1                     0x080001c3   Thumb Code     0  libinit2.o(.ARM.Collect$$libinit$$0000002C)
    __rt_lib_init_atexit_1                   0x080001c3   Thumb Code     0  libinit2.o(.ARM.Collect$$libinit$$0000001B)
    __rt_lib_init_clock_1                    0x080001c3   Thumb Code     0  libinit2.o(.ARM.Collect$$libinit$$00000021)
    __rt_lib_init_cpp_1                      0x080001c3   Thumb Code     0  libinit2.o(.ARM.Collect$$libinit$$00000032)
    __rt_lib_init_exceptions_1               0x080001c3   Thumb Code     0  libinit2.o(.ARM.Collect$$libinit$$00000030)
    __rt_lib_init_fp_trap_1                  0x080001c3   Thumb Code     0  libinit2.o(.ARM.Collect$$libinit$$0000001F)
    __rt_lib_init_getenv_1                   0x080001c3   Thumb Code     0  libinit2.o(.ARM.Collect$$libinit$$00000023)
    __rt_lib_init_lc_numeric_1               0x080001c3   Thumb Code     0  libinit2.o(.ARM.Collect$$libinit$$00000017)
    __rt_lib_init_lc_time_1                  0x080001c3   Thumb Code     0  libinit2.o(.ARM.Collect$$libinit$$00000019)
    __rt_lib_init_return                     0x080001c3   Thumb Code     0  libinit2.o(.ARM.Collect$$libinit$$00000033)
    __rt_lib_init_signal_1                   0x080001c3   Thumb Code     0  libinit2.o(.ARM.Collect$$libinit$$0000001D)
    __rt_lib_init_stdio_1                    0x080001c3   Thumb Code     0  libinit2.o(.ARM.Collect$$libinit$$00000025)
    __rt_lib_shutdown                        0x080001c5   Thumb Code     0  libshutdown.o(.ARM.Collect$$libshutdown$$00000000)
    __rt_lib_shutdown_cpp_1                  0x080001c7   Thumb Code     0  libshutdown2.o(.ARM.Collect$$libshutdown$$00000002)
    __rt_lib_shutdown_fp_trap_1              0x080001c7   Thumb Code     0  libshutdown2.o(.ARM.Collect$$libshutdown$$00000007)
    __rt_lib_shutdown_heap_1                 0x080001c7   Thumb Code     0  libshutdown2.o(.ARM.Collect$$libshutdown$$0000000F)
    __rt_lib_shutdown_return                 0x080001c7   Thumb Code     0  libshutdown2.o(.ARM.Collect$$libshutdown$$00000010)
    __rt_lib_shutdown_signal_1               0x080001c7   Thumb Code     0  libshutdown2.o(.ARM.Collect$$libshutdown$$0000000A)
    __rt_lib_shutdown_stdio_1                0x080001c7   Thumb Code     0  libshutdown2.o(.ARM.Collect$$libshutdown$$00000004)
    __rt_lib_shutdown_user_alloc_1           0x080001c7   Thumb Code     0  libshutdown2.o(.ARM.Collect$$libshutdown$$0000000C)
    __rt_entry                               0x080001c9   Thumb Code     0  __rtentry.o(.ARM.Collect$$rtentry$$00000000)
    __rt_entry_presh_1                       0x080001c9   Thumb Code     0  __rtentry2.o(.ARM.Collect$$rtentry$$00000002)
    __rt_entry_sh                            0x080001c9   Thumb Code     0  __rtentry4.o(.ARM.Collect$$rtentry$$00000004)
    __rt_entry_li                            0x080001cf   Thumb Code     0  __rtentry2.o(.ARM.Collect$$rtentry$$0000000A)
    __rt_entry_postsh_1                      0x080001cf   Thumb Code     0  __rtentry2.o(.ARM.Collect$$rtentry$$00000009)
    __rt_entry_main                          0x080001d3   Thumb Code     0  __rtentry2.o(.ARM.Collect$$rtentry$$0000000D)
    __rt_entry_postli_1                      0x080001d3   Thumb Code     0  __rtentry2.o(.ARM.Collect$$rtentry$$0000000C)
    __rt_exit                                0x080001db   Thumb Code     0  rtexit.o(.ARM.Collect$$rtexit$$00000000)
    __rt_exit_ls                             0x080001dd   Thumb Code     0  rtexit2.o(.ARM.Collect$$rtexit$$00000003)
    __rt_exit_prels_1                        0x080001dd   Thumb Code     0  rtexit2.o(.ARM.Collect$$rtexit$$00000002)
    __rt_exit_exit                           0x080001e1   Thumb Code     0  rtexit2.o(.ARM.Collect$$rtexit$$00000004)
    SVC_Handler                              0x080001e9   Thumb Code    32  port.o(.emb_text)
    __asm___6_port_c_39a90d8d__prvStartFirstTask 0x0800020d   Thumb Code    28  port.o(.emb_text)
    PendSV_Handler                           0x0800022d   Thumb Code    72  port.o(.emb_text)
    vPortGetIPSR                             0x08000279   Thumb Code     6  port.o(.emb_text)
    Reset_Handler                            0x08000281   Thumb Code     8  startup_stm32f103xb.o(.text)
    ADC1_2_IRQHandler                        0x0800029b   Thumb Code     0  startup_stm32f103xb.o(.text)
    CAN1_RX1_IRQHandler                      0x0800029b   Thumb Code     0  startup_stm32f103xb.o(.text)
    CAN1_SCE_IRQHandler                      0x0800029b   Thumb Code     0  startup_stm32f103xb.o(.text)
    DMA1_Channel1_IRQHandler                 0x0800029b   Thumb Code     0  startup_stm32f103xb.o(.text)
    DMA1_Channel2_IRQHandler                 0x0800029b   Thumb Code     0  startup_stm32f103xb.o(.text)
    DMA1_Channel3_IRQHandler                 0x0800029b   Thumb Code     0  startup_stm32f103xb.o(.text)
    DMA1_Channel4_IRQHandler                 0x0800029b   Thumb Code     0  startup_stm32f103xb.o(.text)
    DMA1_Channel5_IRQHandler                 0x0800029b   Thumb Code     0  startup_stm32f103xb.o(.text)
    EXTI0_IRQHandler                         0x0800029b   Thumb Code     0  startup_stm32f103xb.o(.text)
    EXTI15_10_IRQHandler                     0x0800029b   Thumb Code     0  startup_stm32f103xb.o(.text)
    EXTI1_IRQHandler                         0x0800029b   Thumb Code     0  startup_stm32f103xb.o(.text)
    EXTI2_IRQHandler                         0x0800029b   Thumb Code     0  startup_stm32f103xb.o(.text)
    EXTI3_IRQHandler                         0x0800029b   Thumb Code     0  startup_stm32f103xb.o(.text)
    EXTI4_IRQHandler                         0x0800029b   Thumb Code     0  startup_stm32f103xb.o(.text)
    EXTI9_5_IRQHandler                       0x0800029b   Thumb Code     0  startup_stm32f103xb.o(.text)
    FLASH_IRQHandler                         0x0800029b   Thumb Code     0  startup_stm32f103xb.o(.text)
    I2C1_ER_IRQHandler                       0x0800029b   Thumb Code     0  startup_stm32f103xb.o(.text)
    I2C1_EV_IRQHandler                       0x0800029b   Thumb Code     0  startup_stm32f103xb.o(.text)
    I2C2_ER_IRQHandler                       0x0800029b   Thumb Code     0  startup_stm32f103xb.o(.text)
    I2C2_EV_IRQHandler                       0x0800029b   Thumb Code     0  startup_stm32f103xb.o(.text)
    PVD_IRQHandler                           0x0800029b   Thumb Code     0  startup_stm32f103xb.o(.text)
    RCC_IRQHandler                           0x0800029b   Thumb Code     0  startup_stm32f103xb.o(.text)
    RTC_Alarm_IRQHandler                     0x0800029b   Thumb Code     0  startup_stm32f103xb.o(.text)
    RTC_IRQHandler                           0x0800029b   Thumb Code     0  startup_stm32f103xb.o(.text)
    SPI1_IRQHandler                          0x0800029b   Thumb Code     0  startup_stm32f103xb.o(.text)
    SPI2_IRQHandler                          0x0800029b   Thumb Code     0  startup_stm32f103xb.o(.text)
    TAMPER_IRQHandler                        0x0800029b   Thumb Code     0  startup_stm32f103xb.o(.text)
    TIM1_BRK_IRQHandler                      0x0800029b   Thumb Code     0  startup_stm32f103xb.o(.text)
    TIM1_CC_IRQHandler                       0x0800029b   Thumb Code     0  startup_stm32f103xb.o(.text)
    TIM1_TRG_COM_IRQHandler                  0x0800029b   Thumb Code     0  startup_stm32f103xb.o(.text)
    TIM2_IRQHandler                          0x0800029b   Thumb Code     0  startup_stm32f103xb.o(.text)
    TIM3_IRQHandler                          0x0800029b   Thumb Code     0  startup_stm32f103xb.o(.text)
    TIM4_IRQHandler                          0x0800029b   Thumb Code     0  startup_stm32f103xb.o(.text)
    USART1_IRQHandler                        0x0800029b   Thumb Code     0  startup_stm32f103xb.o(.text)
    USART3_IRQHandler                        0x0800029b   Thumb Code     0  startup_stm32f103xb.o(.text)
    USBWakeUp_IRQHandler                     0x0800029b   Thumb Code     0  startup_stm32f103xb.o(.text)
    USB_HP_CAN1_TX_IRQHandler                0x0800029b   Thumb Code     0  startup_stm32f103xb.o(.text)
    USB_LP_CAN1_RX0_IRQHandler               0x0800029b   Thumb Code     0  startup_stm32f103xb.o(.text)
    WWDG_IRQHandler                          0x0800029b   Thumb Code     0  startup_stm32f103xb.o(.text)
    __user_initial_stackheap                 0x0800029d   Thumb Code     0  startup_stm32f103xb.o(.text)
    __2sprintf                               0x080002c1   Thumb Code    34  noretval__2sprintf.o(.text)
    _printf_pre_padding                      0x080002e9   Thumb Code    44  _printf_pad.o(.text)
    _printf_post_padding                     0x08000315   Thumb Code    34  _printf_pad.o(.text)
    _printf_int_dec                          0x08000339   Thumb Code   104  _printf_dec.o(.text)
    __printf                                 0x080003b1   Thumb Code   308  __printf_flags_wp.o(.text)
    __aeabi_memcpy                           0x080004e9   Thumb Code     0  rt_memcpy_v6.o(.text)
    __rt_memcpy                              0x080004e9   Thumb Code   138  rt_memcpy_v6.o(.text)
    _memcpy_lastbytes                        0x0800054f   Thumb Code     0  rt_memcpy_v6.o(.text)
    __aeabi_memcpy4                          0x08000573   Thumb Code     0  rt_memcpy_w.o(.text)
    __aeabi_memcpy8                          0x08000573   Thumb Code     0  rt_memcpy_w.o(.text)
    __rt_memcpy_w                            0x08000573   Thumb Code   100  rt_memcpy_w.o(.text)
    _memcpy_lastbytes_aligned                0x080005bb   Thumb Code     0  rt_memcpy_w.o(.text)
    __aeabi_memclr4                          0x080005d7   Thumb Code     0  rt_memclr_w.o(.text)
    __aeabi_memclr8                          0x080005d7   Thumb Code     0  rt_memclr_w.o(.text)
    __rt_memclr_w                            0x080005d7   Thumb Code    78  rt_memclr_w.o(.text)
    _memset_w                                0x080005db   Thumb Code     0  rt_memclr_w.o(.text)
    strcmp                                   0x08000625   Thumb Code   128  strcmpv7m.o(.text)
    __use_two_region_memory                  0x080006a5   Thumb Code     2  heapauxi.o(.text)
    __rt_heap_escrow$2region                 0x080006a7   Thumb Code     2  heapauxi.o(.text)
    __rt_heap_expand$2region                 0x080006a9   Thumb Code     2  heapauxi.o(.text)
    _printf_int_common                       0x080006ab   Thumb Code   178  _printf_intcommon.o(.text)
    __lib_sel_fp_printf                      0x0800075d   Thumb Code     2  _printf_fp_dec.o(.text)
    _printf_fp_dec_real                      0x0800090f   Thumb Code   620  _printf_fp_dec.o(.text)
    _printf_char_common                      0x08000b87   Thumb Code    32  _printf_char_common.o(.text)
    _sputc                                   0x08000bad   Thumb Code    10  _sputc.o(.text)
    __rt_locale                              0x08000bb9   Thumb Code     8  rt_locale_intlibspace.o(.text)
    _ll_udiv10                               0x08000bc1   Thumb Code   138  lludiv10.o(.text)
    _printf_fp_infnan                        0x08000c4d   Thumb Code   112  _printf_fp_infnan.o(.text)
    _btod_etento                             0x08000ccd   Thumb Code   224  bigflt0.o(.text)
    __user_libspace                          0x08000db1   Thumb Code     8  libspace.o(.text)
    __user_perproc_libspace                  0x08000db1   Thumb Code     0  libspace.o(.text)
    __user_perthread_libspace                0x08000db1   Thumb Code     0  libspace.o(.text)
    __user_setup_stackheap                   0x08000db9   Thumb Code    74  sys_stackheap_outer.o(.text)
    exit                                     0x08000e03   Thumb Code    18  exit.o(.text)
    _sys_exit                                0x08000e15   Thumb Code     8  sys_exit.o(.text)
    __I$use$semihosting                      0x08000e21   Thumb Code     0  use_no_semi.o(.text)
    __use_no_semihosting_swi                 0x08000e21   Thumb Code     2  use_no_semi.o(.text)
    __semihosting_library_function           0x08000e23   Thumb Code     0  indicate_semi.o(.text)
    _btod_d2e                                0x08000e23   Thumb Code    62  btod.o(CL$$btod_d2e)
    _d2e_denorm_low                          0x08000e61   Thumb Code    70  btod.o(CL$$btod_d2e_denorm_low)
    _d2e_norm_op1                            0x08000ea7   Thumb Code    96  btod.o(CL$$btod_d2e_norm_op1)
    __btod_div_common                        0x08000f07   Thumb Code   696  btod.o(CL$$btod_div_common)
    _e2e                                     0x0800123f   Thumb Code   220  btod.o(CL$$btod_e2e)
    _btod_ediv                               0x0800131b   Thumb Code    42  btod.o(CL$$btod_ediv)
    _btod_emul                               0x08001345   Thumb Code    42  btod.o(CL$$btod_emul)
    __btod_mult_common                       0x0800136f   Thumb Code   580  btod.o(CL$$btod_mult_common)
    BusFault_Handler                         0x080015b3   Thumb Code     2  stm32f1xx_it.o(i.BusFault_Handler)
    DMA1_Channel6_IRQHandler                 0x080015b5   Thumb Code     6  stm32f1xx_it.o(i.DMA1_Channel6_IRQHandler)
    DMA1_Channel7_IRQHandler                 0x080015c1   Thumb Code     6  stm32f1xx_it.o(i.DMA1_Channel7_IRQHandler)
    DebugMon_Handler                         0x080015f9   Thumb Code     2  stm32f1xx_it.o(i.DebugMon_Handler)
    Error_Handler                            0x080015fb   Thumb Code     4  main.o(i.Error_Handler)
    GUI_DrawFont16                           0x08001601   Thumb Code   214  lcd.o(i.GUI_DrawFont16)
    GUI_DrawFont24                           0x080016e1   Thumb Code   214  lcd.o(i.GUI_DrawFont24)
    GUI_DrawFont32                           0x080017c5   Thumb Code   210  lcd.o(i.GUI_DrawFont32)
    HAL_DMA_Abort                            0x080018a5   Thumb Code    70  stm32f1xx_hal_dma.o(i.HAL_DMA_Abort)
    HAL_DMA_IRQHandler                       0x080018ed   Thumb Code   336  stm32f1xx_hal_dma.o(i.HAL_DMA_IRQHandler)
    HAL_DMA_Init                             0x08001a55   Thumb Code    90  stm32f1xx_hal_dma.o(i.HAL_DMA_Init)
    HAL_DMA_Start_IT                         0x08001ab9   Thumb Code   116  stm32f1xx_hal_dma.o(i.HAL_DMA_Start_IT)
    HAL_Delay                                0x08001b2d   Thumb Code    32  stm32f1xx_hal.o(i.HAL_Delay)
    HAL_GPIO_Init                            0x08001b51   Thumb Code   464  stm32f1xx_hal_gpio.o(i.HAL_GPIO_Init)
    HAL_GPIO_ReadPin                         0x08001d41   Thumb Code    14  stm32f1xx_hal_gpio.o(i.HAL_GPIO_ReadPin)
    HAL_GPIO_WritePin                        0x08001d4f   Thumb Code    14  stm32f1xx_hal_gpio.o(i.HAL_GPIO_WritePin)
    HAL_GetTick                              0x08001d5d   Thumb Code     6  stm32f1xx_hal.o(i.HAL_GetTick)
    HAL_IncTick                              0x08001d69   Thumb Code    12  stm32f1xx_hal.o(i.HAL_IncTick)
    HAL_Init                                 0x08001d79   Thumb Code    32  stm32f1xx_hal.o(i.HAL_Init)
    HAL_InitTick                             0x08001d9d   Thumb Code   118  stm32f1xx_hal_timebase_tim.o(i.HAL_InitTick)
    HAL_MspInit                              0x08001e29   Thumb Code    62  stm32f1xx_hal_msp.o(i.HAL_MspInit)
    HAL_NVIC_EnableIRQ                       0x08001e71   Thumb Code    26  stm32f1xx_hal_cortex.o(i.HAL_NVIC_EnableIRQ)
    HAL_NVIC_SetPriority                     0x08001e8d   Thumb Code    60  stm32f1xx_hal_cortex.o(i.HAL_NVIC_SetPriority)
    HAL_NVIC_SetPriorityGrouping             0x08001ecd   Thumb Code    26  stm32f1xx_hal_cortex.o(i.HAL_NVIC_SetPriorityGrouping)
    HAL_RCC_ClockConfig                      0x08001ef1   Thumb Code   318  stm32f1xx_hal_rcc.o(i.HAL_RCC_ClockConfig)
    HAL_RCC_GetClockConfig                   0x08002045   Thumb Code    52  stm32f1xx_hal_rcc.o(i.HAL_RCC_GetClockConfig)
    HAL_RCC_GetHCLKFreq                      0x08002081   Thumb Code     6  stm32f1xx_hal_rcc.o(i.HAL_RCC_GetHCLKFreq)
    HAL_RCC_GetPCLK1Freq                     0x0800208d   Thumb Code    22  stm32f1xx_hal_rcc.o(i.HAL_RCC_GetPCLK1Freq)
    HAL_RCC_GetPCLK2Freq                     0x080020ad   Thumb Code    22  stm32f1xx_hal_rcc.o(i.HAL_RCC_GetPCLK2Freq)
    HAL_RCC_GetSysClockFreq                  0x080020cd   Thumb Code    58  stm32f1xx_hal_rcc.o(i.HAL_RCC_GetSysClockFreq)
    HAL_RCC_OscConfig                        0x08002119   Thumb Code   882  stm32f1xx_hal_rcc.o(i.HAL_RCC_OscConfig)
    HAL_TIMEx_BreakCallback                  0x0800249d   Thumb Code     2  stm32f1xx_hal_tim_ex.o(i.HAL_TIMEx_BreakCallback)
    HAL_TIMEx_CommutCallback                 0x0800249f   Thumb Code     2  stm32f1xx_hal_tim_ex.o(i.HAL_TIMEx_CommutCallback)
    HAL_TIM_Base_Init                        0x080024a1   Thumb Code    74  stm32f1xx_hal_tim.o(i.HAL_TIM_Base_Init)
    HAL_TIM_Base_MspInit                     0x080024eb   Thumb Code     2  stm32f1xx_hal_tim.o(i.HAL_TIM_Base_MspInit)
    HAL_TIM_Base_Start_IT                    0x080024ed   Thumb Code    86  stm32f1xx_hal_tim.o(i.HAL_TIM_Base_Start_IT)
    HAL_TIM_IC_CaptureCallback               0x08002551   Thumb Code     2  stm32f1xx_hal_tim.o(i.HAL_TIM_IC_CaptureCallback)
    HAL_TIM_IRQHandler                       0x08002553   Thumb Code   312  stm32f1xx_hal_tim.o(i.HAL_TIM_IRQHandler)
    HAL_TIM_OC_DelayElapsedCallback          0x0800268b   Thumb Code     2  stm32f1xx_hal_tim.o(i.HAL_TIM_OC_DelayElapsedCallback)
    HAL_TIM_PWM_PulseFinishedCallback        0x0800268d   Thumb Code     2  stm32f1xx_hal_tim.o(i.HAL_TIM_PWM_PulseFinishedCallback)
    HAL_TIM_PeriodElapsedCallback            0x08002691   Thumb Code    14  main.o(i.HAL_TIM_PeriodElapsedCallback)
    HAL_TIM_TriggerCallback                  0x080026a5   Thumb Code     2  stm32f1xx_hal_tim.o(i.HAL_TIM_TriggerCallback)
    HAL_UARTEx_RxEventCallback               0x080026a7   Thumb Code     2  stm32f1xx_hal_uart.o(i.HAL_UARTEx_RxEventCallback)
    HAL_UART_DMAStop                         0x080026a9   Thumb Code   112  stm32f1xx_hal_uart.o(i.HAL_UART_DMAStop)
    HAL_UART_ErrorCallback                   0x08002719   Thumb Code     2  stm32f1xx_hal_uart.o(i.HAL_UART_ErrorCallback)
    HAL_UART_Init                            0x0800271b   Thumb Code   102  stm32f1xx_hal_uart.o(i.HAL_UART_Init)
    HAL_UART_MspInit                         0x08002781   Thumb Code   196  usart.o(i.HAL_UART_MspInit)
    HAL_UART_Receive_DMA                     0x08002859   Thumb Code    28  stm32f1xx_hal_uart.o(i.HAL_UART_Receive_DMA)
    HAL_UART_RxCpltCallback                  0x08002875   Thumb Code     2  stm32f1xx_hal_uart.o(i.HAL_UART_RxCpltCallback)
    HAL_UART_RxHalfCpltCallback              0x08002877   Thumb Code     2  stm32f1xx_hal_uart.o(i.HAL_UART_RxHalfCpltCallback)
    HAL_UART_Transmit                        0x08002879   Thumb Code   174  stm32f1xx_hal_uart.o(i.HAL_UART_Transmit)
    HardFault_Handler                        0x08002927   Thumb Code     2  stm32f1xx_it.o(i.HardFault_Handler)
    IIC_GPIO_Config                          0x08002929   Thumb Code    64  charge_control.o(i.IIC_GPIO_Config)
    IIC_Start                                0x08002971   Thumb Code    56  charge_control.o(i.IIC_Start)
    IIC_Stop                                 0x080029ad   Thumb Code    46  charge_control.o(i.IIC_Stop)
    IIC_Wait_Ack                             0x080029e1   Thumb Code    54  charge_control.o(i.IIC_Wait_Ack)
    IIC_Write_Byte                           0x08002a1d   Thumb Code    90  charge_control.o(i.IIC_Write_Byte)
    LCD_Clear                                0x08002a7d   Thumb Code    42  lcd.o(i.LCD_Clear)
    LCD_Display_Dir                          0x08002aad   Thumb Code   208  lcd.o(i.LCD_Display_Dir)
    LCD_DrawLine                             0x08002b81   Thumb Code   152  lcd.o(i.LCD_DrawLine)
    LCD_DrawPoint                            0x08002c19   Thumb Code    22  lcd.o(i.LCD_DrawPoint)
    LCD_DrawRectangle                        0x08002c35   Thumb Code    64  lcd.o(i.LCD_DrawRectangle)
    LCD_Fast_DrawPoint                       0x08002c75   Thumb Code    22  lcd.o(i.LCD_Fast_DrawPoint)
    LCD_Fill                                 0x08002c91   Thumb Code   136  lcd.o(i.LCD_Fill)
    LCD_Init                                 0x08002d1d   Thumb Code   416  lcd.o(i.LCD_Init)
    LCD_SetCursor                            0x08002ec1   Thumb Code    48  lcd.o(i.LCD_SetCursor)
    LCD_Set_Window                           0x08002ef5   Thumb Code    92  lcd.o(i.LCD_Set_Window)
    LCD_ShowChar                             0x08002f55   Thumb Code   202  lcd.o(i.LCD_ShowChar)
    LCD_WR_DATA                              0x08003035   Thumb Code   116  lcd.o(i.LCD_WR_DATA)
    LCD_WR_REG                               0x080030b1   Thumb Code   116  lcd.o(i.LCD_WR_REG)
    LCD_WriteRAM                             0x0800312d   Thumb Code   116  lcd.o(i.LCD_WriteRAM)
    LCD_WriteRAM_Prepare                     0x080031a9   Thumb Code     8  lcd.o(i.LCD_WriteRAM_Prepare)
    LCD_WriteReg                             0x080031b5   Thumb Code    18  lcd.o(i.LCD_WriteReg)
    MCP4725_WriteData_Digital                0x080031c7   Thumb Code    56  charge_control.o(i.MCP4725_WriteData_Digital)
    MX_DMA_Init                              0x08003201   Thumb Code    56  dma.o(i.MX_DMA_Init)
    MX_GPIO_Init                             0x0800323d   Thumb Code   326  gpio.o(i.MX_GPIO_Init)
    MX_USART2_UART_Init                      0x08003395   Thumb Code    48  usart.o(i.MX_USART2_UART_Init)
    MemManage_Handler                        0x080033cd   Thumb Code     2  stm32f1xx_it.o(i.MemManage_Handler)
    NMI_Handler                              0x080033cf   Thumb Code     2  stm32f1xx_it.o(i.NMI_Handler)
    RS485_CalcChecksum                       0x080033f5   Thumb Code    26  rs485.o(i.RS485_CalcChecksum)
    RS485_Master_Receive_Process             0x08003411   Thumb Code   168  lvgl_task.o(i.RS485_Master_Receive_Process)
    RS485_Master_Send_Turn                   0x080034d5   Thumb Code    78  rs485.o(i.RS485_Master_Send_Turn)
    Show_Str                                 0x08003531   Thumb Code   216  lcd.o(i.Show_Str)
    SysTick_Handler                          0x0800360d   Thumb Code    38  port.o(i.SysTick_Handler)
    SystemClock_Config                       0x08003639   Thumb Code    94  main.o(i.SystemClock_Config)
    SystemInit                               0x08003697   Thumb Code     2  system_stm32f1xx.o(i.SystemInit)
    TIM1_UP_IRQHandler                       0x08003699   Thumb Code     6  stm32f1xx_it.o(i.TIM1_UP_IRQHandler)
    TIM_Base_SetConfig                       0x080036a5   Thumb Code   108  stm32f1xx_hal_tim.o(i.TIM_Base_SetConfig)
    UART_Start_Receive_DMA                   0x0800392d   Thumb Code   134  stm32f1xx_hal_uart.o(i.UART_Start_Receive_DMA)
    USART2_IRQHandler                        0x08003a35   Thumb Code    60  main.o(i.USART2_IRQHandler)
    UsageFault_Handler                       0x08003a81   Thumb Code     2  stm32f1xx_it.o(i.UsageFault_Handler)
    __ARM_fpclassify                         0x08003a83   Thumb Code    40  fpclassify.o(i.__ARM_fpclassify)
    _is_digit                                0x08003acb   Thumb Code    14  __printf_wp.o(i._is_digit)
    charging_station_ui_init                 0x08003ad9   Thumb Code    32  charging_station_ui.o(i.charging_station_ui_init)
    charging_station_ui_task                 0x08003afd   Thumb Code   478  charging_station_ui.o(i.charging_station_ui_task)
    delay_ms                                 0x08003ce1   Thumb Code     4  lcd.o(i.delay_ms)
    lv_demo_task                             0x080043a1   Thumb Code    16  lvgl_task.o(i.lv_demo_task)
    lvgl_task                                0x080043b1   Thumb Code    30  lvgl_task.o(i.lvgl_task)
    main                                     0x080043e5   Thumb Code    82  main.o(i.main)
    pvPortMalloc                             0x080047bd   Thumb Code   214  heap_4.o(i.pvPortMalloc)
    pxPortInitialiseStack                    0x08004899   Thumb Code    24  port.o(i.pxPortInitialiseStack)
    read_key                                 0x080048b5   Thumb Code   110  charging_station_ui.o(i.read_key)
    rs485_task                               0x0800492d   Thumb Code    12  lvgl_task.o(i.rs485_task)
    start_task                               0x08004939   Thumb Code    88  lvgl_task.o(i.start_task)
    uxListRemove                             0x08004afd   Thumb Code    38  list.o(i.uxListRemove)
    vApplicationGetIdleTaskMemory            0x08004b25   Thumb Code    16  freertos.o(i.vApplicationGetIdleTaskMemory)
    vApplicationTickHook                     0x08004b39   Thumb Code     2  freertos.o(i.vApplicationTickHook)
    vListInitialise                          0x08004b3b   Thumb Code    22  list.o(i.vListInitialise)
    vListInitialiseItem                      0x08004b51   Thumb Code     6  list.o(i.vListInitialiseItem)
    vListInsert                              0x08004b57   Thumb Code    48  list.o(i.vListInsert)
    vListInsertEnd                           0x08004b87   Thumb Code    24  list.o(i.vListInsertEnd)
    vPortEnterCritical                       0x08004ba1   Thumb Code    54  port.o(i.vPortEnterCritical)
    vPortExitCritical                        0x08004be1   Thumb Code    38  port.o(i.vPortExitCritical)
    vPortFree                                0x08004c0d   Thumb Code    94  heap_4.o(i.vPortFree)
    vPortSetupTimerInterrupt                 0x08004c71   Thumb Code    32  port.o(i.vPortSetupTimerInterrupt)
    vTaskDelay                               0x08004c95   Thumb Code    70  tasks.o(i.vTaskDelay)
    vTaskDelete                              0x08004ce5   Thumb Code   158  tasks.o(i.vTaskDelete)
    vTaskStartScheduler                      0x08004d91   Thumb Code   118  tasks.o(i.vTaskStartScheduler)
    vTaskSuspendAll                          0x08004e19   Thumb Code    10  tasks.o(i.vTaskSuspendAll)
    vTaskSwitchContext                       0x08004e29   Thumb Code    86  tasks.o(i.vTaskSwitchContext)
    xPortStartScheduler                      0x08004e89   Thumb Code   154  port.o(i.xPortStartScheduler)
    xTaskCreate                              0x08004f31   Thumb Code   100  tasks.o(i.xTaskCreate)
    xTaskCreateStatic                        0x08004f95   Thumb Code    92  tasks.o(i.xTaskCreateStatic)
    xTaskIncrementTick                       0x08004ff1   Thumb Code   212  tasks.o(i.xTaskIncrementTick)
    xTaskResumeAll                           0x080050cd   Thumb Code   192  tasks.o(i.xTaskResumeAll)
    _get_lc_numeric                          0x08005199   Thumb Code    44  lc_numeric_c.o(locale$$code)
    __fpl_dretinf                            0x080051c5   Thumb Code    12  dretinf.o(x$fpl$dretinf)
    __aeabi_f2d                              0x080051d1   Thumb Code     0  f2d.o(x$fpl$f2d)
    _f2d                                     0x080051d1   Thumb Code    86  f2d.o(x$fpl$f2d)
    __aeabi_f2iz                             0x08005229   Thumb Code     0  ffix.o(x$fpl$ffix)
    _ffix                                    0x08005229   Thumb Code    54  ffix.o(x$fpl$ffix)
    __aeabi_f2uiz                            0x08005261   Thumb Code     0  ffixu.o(x$fpl$ffixu)
    _ffixu                                   0x08005261   Thumb Code    62  ffixu.o(x$fpl$ffixu)
    __aeabi_fmul                             0x080052a1   Thumb Code     0  fmul.o(x$fpl$fmul)
    _fmul                                    0x080052a1   Thumb Code   258  fmul.o(x$fpl$fmul)
    __fpl_fnaninf                            0x080053a3   Thumb Code   140  fnaninf.o(x$fpl$fnaninf)
    __fpl_fretinf                            0x0800542f   Thumb Code    10  fretinf.o(x$fpl$fretinf)
    _printf_fp_dec                           0x08005439   Thumb Code     4  printf1.o(x$fpl$printf1)
    __I$use$fp                               0x0800543c   Number         0  usenofp.o(x$fpl$usenofp)
    AHBPrescTable                            0x0800544e   Data          16  system_stm32f1xx.o(.constdata)
    APBPrescTable                            0x0800545e   Data           8  system_stm32f1xx.o(.constdata)
    asc2_1206                                0x08005480   Data        1140  lcd.o(.constdata)
    asc2_1608                                0x080058f4   Data        1520  lcd.o(.constdata)
    asc2_2412                                0x08005ee4   Data        3420  lcd.o(.constdata)
    Region$$Table$$Base                      0x08006d4c   Number         0  anon$$obj.o(Region$$Table)
    Region$$Table$$Limit                     0x08006d6c   Number         0  anon$$obj.o(Region$$Table)
    rx_done                                  0x20000000   Data           1  main.o(.data)
    rx_len                                   0x20000001   Data           1  main.o(.data)
    uwTickFreq                               0x20000004   Data           1  stm32f1xx_hal.o(.data)
    uwTickPrio                               0x20000008   Data           4  stm32f1xx_hal.o(.data)
    uwTick                                   0x2000000c   Data           4  stm32f1xx_hal.o(.data)
    SystemCoreClock                          0x20000010   Data           4  system_stm32f1xx.o(.data)
    tx_buf                                   0x20000014   Data           7  rs485.o(.data)
    StartTask_Handler                        0x2000001c   Data           4  lvgl_task.o(.data)
    LV_DEMOTask_Handler                      0x20000020   Data           4  lvgl_task.o(.data)
    RS485Task_Handler                        0x20000024   Data           4  lvgl_task.o(.data)
    xStatus                                  0x20000028   Data           4  lvgl_task.o(.data)
    xStatus_2                                0x2000002c   Data           4  lvgl_task.o(.data)
    pHdr                                     0x20000030   Data           4  lvgl_task.o(.data)
    receive_current                          0x20000034   Data           4  lvgl_task.o(.data)
    receive_val                              0x20000038   Data           4  lvgl_task.o(.data)
    key_val                                  0x20000045   Data           1  charging_station_ui.o(.data)
    key_old                                  0x20000046   Data           1  charging_station_ui.o(.data)
    key_down                                 0x20000047   Data           1  charging_station_ui.o(.data)
    POINT_COLOR                              0x20000064   Data           2  lcd.o(.data)
    BACK_COLOR                               0x20000066   Data           2  lcd.o(.data)
    tfont16                                  0x20000068   Data        3128  lcd.o(.data)
    tfont24                                  0x20000ca0   Data         444  lcd.o(.data)
    tfont32                                  0x20000e5c   Data        1040  lcd.o(.data)
    pxCurrentTCB                             0x2000126c   Data           4  tasks.o(.data)
    rx_buffer                                0x200012d4   Data          25  main.o(.bss)
    huart2                                   0x20001544   Data          72  usart.o(.bss)
    hdma_usart2_tx                           0x2000158c   Data          68  usart.o(.bss)
    hdma_usart2_rx                           0x200015d0   Data          68  usart.o(.bss)
    htim1                                    0x20001614   Data          72  stm32f1xx_hal_timebase_tim.o(.bss)
    stations                                 0x2000165c   Data          80  charging_station_ui.o(.bss)
    lcddev                                   0x200016ac   Data          14  lcd.o(.bss)
    __libspace_start                         0x200023ac   Data          96  libspace.o(.bss)
    __temporary_stack_top$libspace           0x2000240c   Data           0  libspace.o(.bss)



==============================================================================

Memory Map of the image

  Image Entry point : 0x080000ed

  Load Region LR_IROM1 (Base: 0x08000000, Size: 0x0000805c, Max: 0x00020000, ABSOLUTE, COMPRESSED[0x00007b40])

    Execution Region ER_IROM1 (Exec base: 0x08000000, Load base: 0x08000000, Size: 0x00006d88, Max: 0x00020000, ABSOLUTE)

    Exec Addr    Load Addr    Size         Type   Attr      Idx    E Section Name        Object

    0x08000000   0x08000000   0x000000ec   Data   RO            3    RESET               startup_stm32f103xb.o
    0x080000ec   0x080000ec   0x00000008   Code   RO        29698  * !!!main             c_w.l(__main.o)
    0x080000f4   0x080000f4   0x00000034   Code   RO        29942    !!!scatter          c_w.l(__scatter.o)
    0x08000128   0x08000128   0x0000005a   Code   RO        29940    !!dczerorl2         c_w.l(__dczerorl2.o)
    0x08000182   0x08000182   0x00000002   PAD
    0x08000184   0x08000184   0x0000001c   Code   RO        29944    !!handler_zi        c_w.l(__scatter_zi.o)
    0x080001a0   0x080001a0   0x00000000   Code   RO        29677    .ARM.Collect$$_printf_percent$$00000000  c_w.l(_printf_percent.o)
    0x080001a0   0x080001a0   0x00000006   Code   RO        29676    .ARM.Collect$$_printf_percent$$00000003  c_w.l(_printf_f.o)
    0x080001a6   0x080001a6   0x00000006   Code   RO        29675    .ARM.Collect$$_printf_percent$$00000009  c_w.l(_printf_d.o)
    0x080001ac   0x080001ac   0x00000004   Code   RO        29727    .ARM.Collect$$_printf_percent$$00000017  c_w.l(_printf_percent_end.o)
    0x080001b0   0x080001b0   0x00000002   Code   RO        29813    .ARM.Collect$$libinit$$00000000  c_w.l(libinit.o)
    0x080001b2   0x080001b2   0x00000000   Code   RO        29815    .ARM.Collect$$libinit$$00000002  c_w.l(libinit2.o)
    0x080001b2   0x080001b2   0x00000000   Code   RO        29817    .ARM.Collect$$libinit$$00000004  c_w.l(libinit2.o)
    0x080001b2   0x080001b2   0x00000000   Code   RO        29820    .ARM.Collect$$libinit$$0000000A  c_w.l(libinit2.o)
    0x080001b2   0x080001b2   0x00000000   Code   RO        29822    .ARM.Collect$$libinit$$0000000C  c_w.l(libinit2.o)
    0x080001b2   0x080001b2   0x00000000   Code   RO        29824    .ARM.Collect$$libinit$$0000000E  c_w.l(libinit2.o)
    0x080001b2   0x080001b2   0x00000006   Code   RO        29825    .ARM.Collect$$libinit$$0000000F  c_w.l(libinit2.o)
    0x080001b8   0x080001b8   0x00000000   Code   RO        29827    .ARM.Collect$$libinit$$00000011  c_w.l(libinit2.o)
    0x080001b8   0x080001b8   0x00000000   Code   RO        29829    .ARM.Collect$$libinit$$00000013  c_w.l(libinit2.o)
    0x080001b8   0x080001b8   0x00000000   Code   RO        29831    .ARM.Collect$$libinit$$00000015  c_w.l(libinit2.o)
    0x080001b8   0x080001b8   0x0000000a   Code   RO        29832    .ARM.Collect$$libinit$$00000016  c_w.l(libinit2.o)
    0x080001c2   0x080001c2   0x00000000   Code   RO        29833    .ARM.Collect$$libinit$$00000017  c_w.l(libinit2.o)
    0x080001c2   0x080001c2   0x00000000   Code   RO        29835    .ARM.Collect$$libinit$$00000019  c_w.l(libinit2.o)
    0x080001c2   0x080001c2   0x00000000   Code   RO        29837    .ARM.Collect$$libinit$$0000001B  c_w.l(libinit2.o)
    0x080001c2   0x080001c2   0x00000000   Code   RO        29839    .ARM.Collect$$libinit$$0000001D  c_w.l(libinit2.o)
    0x080001c2   0x080001c2   0x00000000   Code   RO        29841    .ARM.Collect$$libinit$$0000001F  c_w.l(libinit2.o)
    0x080001c2   0x080001c2   0x00000000   Code   RO        29843    .ARM.Collect$$libinit$$00000021  c_w.l(libinit2.o)
    0x080001c2   0x080001c2   0x00000000   Code   RO        29845    .ARM.Collect$$libinit$$00000023  c_w.l(libinit2.o)
    0x080001c2   0x080001c2   0x00000000   Code   RO        29847    .ARM.Collect$$libinit$$00000025  c_w.l(libinit2.o)
    0x080001c2   0x080001c2   0x00000000   Code   RO        29851    .ARM.Collect$$libinit$$0000002C  c_w.l(libinit2.o)
    0x080001c2   0x080001c2   0x00000000   Code   RO        29853    .ARM.Collect$$libinit$$0000002E  c_w.l(libinit2.o)
    0x080001c2   0x080001c2   0x00000000   Code   RO        29855    .ARM.Collect$$libinit$$00000030  c_w.l(libinit2.o)
    0x080001c2   0x080001c2   0x00000000   Code   RO        29857    .ARM.Collect$$libinit$$00000032  c_w.l(libinit2.o)
    0x080001c2   0x080001c2   0x00000002   Code   RO        29858    .ARM.Collect$$libinit$$00000033  c_w.l(libinit2.o)
    0x080001c4   0x080001c4   0x00000002   Code   RO        29905    .ARM.Collect$$libshutdown$$00000000  c_w.l(libshutdown.o)
    0x080001c6   0x080001c6   0x00000000   Code   RO        29923    .ARM.Collect$$libshutdown$$00000002  c_w.l(libshutdown2.o)
    0x080001c6   0x080001c6   0x00000000   Code   RO        29925    .ARM.Collect$$libshutdown$$00000004  c_w.l(libshutdown2.o)
    0x080001c6   0x080001c6   0x00000000   Code   RO        29928    .ARM.Collect$$libshutdown$$00000007  c_w.l(libshutdown2.o)
    0x080001c6   0x080001c6   0x00000000   Code   RO        29931    .ARM.Collect$$libshutdown$$0000000A  c_w.l(libshutdown2.o)
    0x080001c6   0x080001c6   0x00000000   Code   RO        29933    .ARM.Collect$$libshutdown$$0000000C  c_w.l(libshutdown2.o)
    0x080001c6   0x080001c6   0x00000000   Code   RO        29936    .ARM.Collect$$libshutdown$$0000000F  c_w.l(libshutdown2.o)
    0x080001c6   0x080001c6   0x00000002   Code   RO        29937    .ARM.Collect$$libshutdown$$00000010  c_w.l(libshutdown2.o)
    0x080001c8   0x080001c8   0x00000000   Code   RO        29714    .ARM.Collect$$rtentry$$00000000  c_w.l(__rtentry.o)
    0x080001c8   0x080001c8   0x00000000   Code   RO        29738    .ARM.Collect$$rtentry$$00000002  c_w.l(__rtentry2.o)
    0x080001c8   0x080001c8   0x00000006   Code   RO        29750    .ARM.Collect$$rtentry$$00000004  c_w.l(__rtentry4.o)
    0x080001ce   0x080001ce   0x00000000   Code   RO        29740    .ARM.Collect$$rtentry$$00000009  c_w.l(__rtentry2.o)
    0x080001ce   0x080001ce   0x00000004   Code   RO        29741    .ARM.Collect$$rtentry$$0000000A  c_w.l(__rtentry2.o)
    0x080001d2   0x080001d2   0x00000000   Code   RO        29743    .ARM.Collect$$rtentry$$0000000C  c_w.l(__rtentry2.o)
    0x080001d2   0x080001d2   0x00000008   Code   RO        29744    .ARM.Collect$$rtentry$$0000000D  c_w.l(__rtentry2.o)
    0x080001da   0x080001da   0x00000002   Code   RO        29859    .ARM.Collect$$rtexit$$00000000  c_w.l(rtexit.o)
    0x080001dc   0x080001dc   0x00000000   Code   RO        29874    .ARM.Collect$$rtexit$$00000002  c_w.l(rtexit2.o)
    0x080001dc   0x080001dc   0x00000004   Code   RO        29875    .ARM.Collect$$rtexit$$00000003  c_w.l(rtexit2.o)
    0x080001e0   0x080001e0   0x00000006   Code   RO        29876    .ARM.Collect$$rtexit$$00000004  c_w.l(rtexit2.o)
    0x080001e6   0x080001e6   0x00000002   PAD
    0x080001e8   0x080001e8   0x00000096   Code   RO        29562    .emb_text           port.o
    0x0800027e   0x0800027e   0x00000002   PAD
    0x08000280   0x08000280   0x00000040   Code   RO            4    .text               startup_stm32f103xb.o
    0x080002c0   0x080002c0   0x00000028   Code   RO        29647    .text               c_w.l(noretval__2sprintf.o)
    0x080002e8   0x080002e8   0x0000004e   Code   RO        29651    .text               c_w.l(_printf_pad.o)
    0x08000336   0x08000336   0x00000002   PAD
    0x08000338   0x08000338   0x00000078   Code   RO        29653    .text               c_w.l(_printf_dec.o)
    0x080003b0   0x080003b0   0x00000138   Code   RO        29667    .text               c_w.l(__printf_flags_wp.o)
    0x080004e8   0x080004e8   0x0000008a   Code   RO        29686    .text               c_w.l(rt_memcpy_v6.o)
    0x08000572   0x08000572   0x00000064   Code   RO        29688    .text               c_w.l(rt_memcpy_w.o)
    0x080005d6   0x080005d6   0x0000004e   Code   RO        29692    .text               c_w.l(rt_memclr_w.o)
    0x08000624   0x08000624   0x00000080   Code   RO        29694    .text               c_w.l(strcmpv7m.o)
    0x080006a4   0x080006a4   0x00000006   Code   RO        29696    .text               c_w.l(heapauxi.o)
    0x080006aa   0x080006aa   0x000000b2   Code   RO        29719    .text               c_w.l(_printf_intcommon.o)
    0x0800075c   0x0800075c   0x0000041e   Code   RO        29721    .text               c_w.l(_printf_fp_dec.o)
    0x08000b7a   0x08000b7a   0x00000002   PAD
    0x08000b7c   0x08000b7c   0x00000030   Code   RO        29723    .text               c_w.l(_printf_char_common.o)
    0x08000bac   0x08000bac   0x0000000a   Code   RO        29725    .text               c_w.l(_sputc.o)
    0x08000bb6   0x08000bb6   0x00000002   PAD
    0x08000bb8   0x08000bb8   0x00000008   Code   RO        29757    .text               c_w.l(rt_locale_intlibspace.o)
    0x08000bc0   0x08000bc0   0x0000008a   Code   RO        29759    .text               c_w.l(lludiv10.o)
    0x08000c4a   0x08000c4a   0x00000002   PAD
    0x08000c4c   0x08000c4c   0x00000080   Code   RO        29761    .text               c_w.l(_printf_fp_infnan.o)
    0x08000ccc   0x08000ccc   0x000000e4   Code   RO        29765    .text               c_w.l(bigflt0.o)
    0x08000db0   0x08000db0   0x00000008   Code   RO        29797    .text               c_w.l(libspace.o)
    0x08000db8   0x08000db8   0x0000004a   Code   RO        29800    .text               c_w.l(sys_stackheap_outer.o)
    0x08000e02   0x08000e02   0x00000012   Code   RO        29802    .text               c_w.l(exit.o)
    0x08000e14   0x08000e14   0x0000000c   Code   RO        29871    .text               c_w.l(sys_exit.o)
    0x08000e20   0x08000e20   0x00000002   Code   RO        29892    .text               c_w.l(use_no_semi.o)
    0x08000e22   0x08000e22   0x00000000   Code   RO        29894    .text               c_w.l(indicate_semi.o)
    0x08000e22   0x08000e22   0x0000003e   Code   RO        29768    CL$$btod_d2e        c_w.l(btod.o)
    0x08000e60   0x08000e60   0x00000046   Code   RO        29770    CL$$btod_d2e_denorm_low  c_w.l(btod.o)
    0x08000ea6   0x08000ea6   0x00000060   Code   RO        29769    CL$$btod_d2e_norm_op1  c_w.l(btod.o)
    0x08000f06   0x08000f06   0x00000338   Code   RO        29778    CL$$btod_div_common  c_w.l(btod.o)
    0x0800123e   0x0800123e   0x000000dc   Code   RO        29775    CL$$btod_e2e        c_w.l(btod.o)
    0x0800131a   0x0800131a   0x0000002a   Code   RO        29772    CL$$btod_ediv       c_w.l(btod.o)
    0x08001344   0x08001344   0x0000002a   Code   RO        29771    CL$$btod_emul       c_w.l(btod.o)
    0x0800136e   0x0800136e   0x00000244   Code   RO        29777    CL$$btod_mult_common  c_w.l(btod.o)
    0x080015b2   0x080015b2   0x00000002   Code   RO          790    i.BusFault_Handler  stm32f1xx_it.o
    0x080015b4   0x080015b4   0x0000000c   Code   RO          791    i.DMA1_Channel6_IRQHandler  stm32f1xx_it.o
    0x080015c0   0x080015c0   0x0000000c   Code   RO          792    i.DMA1_Channel7_IRQHandler  stm32f1xx_it.o
    0x080015cc   0x080015cc   0x0000002c   Code   RO         2334    i.DMA_SetConfig     stm32f1xx_hal_dma.o
    0x080015f8   0x080015f8   0x00000002   Code   RO          793    i.DebugMon_Handler  stm32f1xx_it.o
    0x080015fa   0x080015fa   0x00000004   Code   RO           13    i.Error_Handler     main.o
    0x080015fe   0x080015fe   0x00000002   PAD
    0x08001600   0x08001600   0x000000e0   Code   RO         3703    i.GUI_DrawFont16    lcd.o
    0x080016e0   0x080016e0   0x000000e4   Code   RO         3704    i.GUI_DrawFont24    lcd.o
    0x080017c4   0x080017c4   0x000000e0   Code   RO         3705    i.GUI_DrawFont32    lcd.o
    0x080018a4   0x080018a4   0x00000046   Code   RO         2335    i.HAL_DMA_Abort     stm32f1xx_hal_dma.o
    0x080018ea   0x080018ea   0x00000002   PAD
    0x080018ec   0x080018ec   0x00000168   Code   RO         2340    i.HAL_DMA_IRQHandler  stm32f1xx_hal_dma.o
    0x08001a54   0x08001a54   0x00000064   Code   RO         2341    i.HAL_DMA_Init      stm32f1xx_hal_dma.o
    0x08001ab8   0x08001ab8   0x00000074   Code   RO         2345    i.HAL_DMA_Start_IT  stm32f1xx_hal_dma.o
    0x08001b2c   0x08001b2c   0x00000024   Code   RO         1956    i.HAL_Delay         stm32f1xx_hal.o
    0x08001b50   0x08001b50   0x000001f0   Code   RO         2271    i.HAL_GPIO_Init     stm32f1xx_hal_gpio.o
    0x08001d40   0x08001d40   0x0000000e   Code   RO         2273    i.HAL_GPIO_ReadPin  stm32f1xx_hal_gpio.o
    0x08001d4e   0x08001d4e   0x0000000e   Code   RO         2275    i.HAL_GPIO_WritePin  stm32f1xx_hal_gpio.o
    0x08001d5c   0x08001d5c   0x0000000c   Code   RO         1960    i.HAL_GetTick       stm32f1xx_hal.o
    0x08001d68   0x08001d68   0x00000010   Code   RO         1966    i.HAL_IncTick       stm32f1xx_hal.o
    0x08001d78   0x08001d78   0x00000024   Code   RO         1967    i.HAL_Init          stm32f1xx_hal.o
    0x08001d9c   0x08001d9c   0x0000008c   Code   RO          890    i.HAL_InitTick      stm32f1xx_hal_timebase_tim.o
    0x08001e28   0x08001e28   0x00000048   Code   RO          866    i.HAL_MspInit       stm32f1xx_hal_msp.o
    0x08001e70   0x08001e70   0x0000001a   Code   RO         2431    i.HAL_NVIC_EnableIRQ  stm32f1xx_hal_cortex.o
    0x08001e8a   0x08001e8a   0x00000002   PAD
    0x08001e8c   0x08001e8c   0x00000040   Code   RO         2437    i.HAL_NVIC_SetPriority  stm32f1xx_hal_cortex.o
    0x08001ecc   0x08001ecc   0x00000024   Code   RO         2438    i.HAL_NVIC_SetPriorityGrouping  stm32f1xx_hal_cortex.o
    0x08001ef0   0x08001ef0   0x00000154   Code   RO         2124    i.HAL_RCC_ClockConfig  stm32f1xx_hal_rcc.o
    0x08002044   0x08002044   0x0000003c   Code   RO         2128    i.HAL_RCC_GetClockConfig  stm32f1xx_hal_rcc.o
    0x08002080   0x08002080   0x0000000c   Code   RO         2129    i.HAL_RCC_GetHCLKFreq  stm32f1xx_hal_rcc.o
    0x0800208c   0x0800208c   0x00000020   Code   RO         2131    i.HAL_RCC_GetPCLK1Freq  stm32f1xx_hal_rcc.o
    0x080020ac   0x080020ac   0x00000020   Code   RO         2132    i.HAL_RCC_GetPCLK2Freq  stm32f1xx_hal_rcc.o
    0x080020cc   0x080020cc   0x0000004c   Code   RO         2133    i.HAL_RCC_GetSysClockFreq  stm32f1xx_hal_rcc.o
    0x08002118   0x08002118   0x00000384   Code   RO         2136    i.HAL_RCC_OscConfig  stm32f1xx_hal_rcc.o
    0x0800249c   0x0800249c   0x00000002   Code   RO         1682    i.HAL_TIMEx_BreakCallback  stm32f1xx_hal_tim_ex.o
    0x0800249e   0x0800249e   0x00000002   Code   RO         1683    i.HAL_TIMEx_CommutCallback  stm32f1xx_hal_tim_ex.o
    0x080024a0   0x080024a0   0x0000004a   Code   RO          967    i.HAL_TIM_Base_Init  stm32f1xx_hal_tim.o
    0x080024ea   0x080024ea   0x00000002   Code   RO          969    i.HAL_TIM_Base_MspInit  stm32f1xx_hal_tim.o
    0x080024ec   0x080024ec   0x00000064   Code   RO          972    i.HAL_TIM_Base_Start_IT  stm32f1xx_hal_tim.o
    0x08002550   0x08002550   0x00000002   Code   RO         1001    i.HAL_TIM_IC_CaptureCallback  stm32f1xx_hal_tim.o
    0x08002552   0x08002552   0x00000138   Code   RO         1015    i.HAL_TIM_IRQHandler  stm32f1xx_hal_tim.o
    0x0800268a   0x0800268a   0x00000002   Code   RO         1018    i.HAL_TIM_OC_DelayElapsedCallback  stm32f1xx_hal_tim.o
    0x0800268c   0x0800268c   0x00000002   Code   RO         1045    i.HAL_TIM_PWM_PulseFinishedCallback  stm32f1xx_hal_tim.o
    0x0800268e   0x0800268e   0x00000002   PAD
    0x08002690   0x08002690   0x00000014   Code   RO           14    i.HAL_TIM_PeriodElapsedCallback  main.o
    0x080026a4   0x080026a4   0x00000002   Code   RO         1058    i.HAL_TIM_TriggerCallback  stm32f1xx_hal_tim.o
    0x080026a6   0x080026a6   0x00000002   Code   RO         2964    i.HAL_UARTEx_RxEventCallback  stm32f1xx_hal_uart.o
    0x080026a8   0x080026a8   0x00000070   Code   RO         2976    i.HAL_UART_DMAStop  stm32f1xx_hal_uart.o
    0x08002718   0x08002718   0x00000002   Code   RO         2978    i.HAL_UART_ErrorCallback  stm32f1xx_hal_uart.o
    0x0800271a   0x0800271a   0x00000066   Code   RO         2982    i.HAL_UART_Init     stm32f1xx_hal_uart.o
    0x08002780   0x08002780   0x000000d8   Code   RO          745    i.HAL_UART_MspInit  usart.o
    0x08002858   0x08002858   0x0000001c   Code   RO         2986    i.HAL_UART_Receive_DMA  stm32f1xx_hal_uart.o
    0x08002874   0x08002874   0x00000002   Code   RO         2988    i.HAL_UART_RxCpltCallback  stm32f1xx_hal_uart.o
    0x08002876   0x08002876   0x00000002   Code   RO         2989    i.HAL_UART_RxHalfCpltCallback  stm32f1xx_hal_uart.o
    0x08002878   0x08002878   0x000000ae   Code   RO         2990    i.HAL_UART_Transmit  stm32f1xx_hal_uart.o
    0x08002926   0x08002926   0x00000002   Code   RO          794    i.HardFault_Handler  stm32f1xx_it.o
    0x08002928   0x08002928   0x00000048   Code   RO         3476    i.IIC_GPIO_Config   charge_control.o
    0x08002970   0x08002970   0x0000003c   Code   RO         3478    i.IIC_Start         charge_control.o
    0x080029ac   0x080029ac   0x00000034   Code   RO         3479    i.IIC_Stop          charge_control.o
    0x080029e0   0x080029e0   0x0000003c   Code   RO         3480    i.IIC_Wait_Ack      charge_control.o
    0x08002a1c   0x08002a1c   0x00000060   Code   RO         3481    i.IIC_Write_Byte    charge_control.o
    0x08002a7c   0x08002a7c   0x00000030   Code   RO         3708    i.LCD_Clear         lcd.o
    0x08002aac   0x08002aac   0x000000d4   Code   RO         3712    i.LCD_Display_Dir   lcd.o
    0x08002b80   0x08002b80   0x00000098   Code   RO         3713    i.LCD_DrawLine      lcd.o
    0x08002c18   0x08002c18   0x0000001c   Code   RO         3714    i.LCD_DrawPoint     lcd.o
    0x08002c34   0x08002c34   0x00000040   Code   RO         3715    i.LCD_DrawRectangle  lcd.o
    0x08002c74   0x08002c74   0x0000001c   Code   RO         3717    i.LCD_Fast_DrawPoint  lcd.o
    0x08002c90   0x08002c90   0x0000008c   Code   RO         3718    i.LCD_Fill          lcd.o
    0x08002d1c   0x08002d1c   0x000001a4   Code   RO         3719    i.LCD_Init          lcd.o
    0x08002ec0   0x08002ec0   0x00000034   Code   RO         3722    i.LCD_SetCursor     lcd.o
    0x08002ef4   0x08002ef4   0x00000060   Code   RO         3723    i.LCD_Set_Window    lcd.o
    0x08002f54   0x08002f54   0x000000e0   Code   RO         3724    i.LCD_ShowChar      lcd.o
    0x08003034   0x08003034   0x0000007c   Code   RO         3728    i.LCD_WR_DATA       lcd.o
    0x080030b0   0x080030b0   0x0000007c   Code   RO         3729    i.LCD_WR_REG        lcd.o
    0x0800312c   0x0800312c   0x0000007c   Code   RO         3730    i.LCD_WriteRAM      lcd.o
    0x080031a8   0x080031a8   0x0000000c   Code   RO         3731    i.LCD_WriteRAM_Prepare  lcd.o
    0x080031b4   0x080031b4   0x00000012   Code   RO         3732    i.LCD_WriteReg      lcd.o
    0x080031c6   0x080031c6   0x00000038   Code   RO         3483    i.MCP4725_WriteData_Digital  charge_control.o
    0x080031fe   0x080031fe   0x00000002   PAD
    0x08003200   0x08003200   0x0000003c   Code   RO          720    i.MX_DMA_Init       dma.o
    0x0800323c   0x0800323c   0x00000158   Code   RO          636    i.MX_GPIO_Init      gpio.o
    0x08003394   0x08003394   0x00000038   Code   RO          746    i.MX_USART2_UART_Init  usart.o
    0x080033cc   0x080033cc   0x00000002   Code   RO          795    i.MemManage_Handler  stm32f1xx_it.o
    0x080033ce   0x080033ce   0x00000002   Code   RO          796    i.NMI_Handler       stm32f1xx_it.o
    0x080033d0   0x080033d0   0x00000024   Code   RO         2137    i.RCC_Delay         stm32f1xx_hal_rcc.o
    0x080033f4   0x080033f4   0x0000001a   Code   RO         3363    i.RS485_CalcChecksum  rs485.o
    0x0800340e   0x0800340e   0x00000002   PAD
    0x08003410   0x08003410   0x000000c4   Code   RO         3404    i.RS485_Master_Receive_Process  lvgl_task.o
    0x080034d4   0x080034d4   0x0000005c   Code   RO         3364    i.RS485_Master_Send_Turn  rs485.o
    0x08003530   0x08003530   0x000000dc   Code   RO         3734    i.Show_Str          lcd.o
    0x0800360c   0x0800360c   0x0000002c   Code   RO        29563    i.SysTick_Handler   port.o
    0x08003638   0x08003638   0x0000005e   Code   RO           15    i.SystemClock_Config  main.o
    0x08003696   0x08003696   0x00000002   Code   RO         3326    i.SystemInit        system_stm32f1xx.o
    0x08003698   0x08003698   0x0000000c   Code   RO          797    i.TIM1_UP_IRQHandler  stm32f1xx_it.o
    0x080036a4   0x080036a4   0x00000078   Code   RO         1060    i.TIM_Base_SetConfig  stm32f1xx_hal_tim.o
    0x0800371c   0x0800371c   0x0000004a   Code   RO         2996    i.UART_DMAError     stm32f1xx_hal_uart.o
    0x08003766   0x08003766   0x00000086   Code   RO         2997    i.UART_DMAReceiveCplt  stm32f1xx_hal_uart.o
    0x080037ec   0x080037ec   0x0000001e   Code   RO         2999    i.UART_DMARxHalfCplt  stm32f1xx_hal_uart.o
    0x0800380a   0x0800380a   0x0000004e   Code   RO         3005    i.UART_EndRxTransfer  stm32f1xx_hal_uart.o
    0x08003858   0x08003858   0x0000001c   Code   RO         3007    i.UART_EndTxTransfer  stm32f1xx_hal_uart.o
    0x08003874   0x08003874   0x000000b8   Code   RO         3009    i.UART_SetConfig    stm32f1xx_hal_uart.o
    0x0800392c   0x0800392c   0x00000094   Code   RO         3010    i.UART_Start_Receive_DMA  stm32f1xx_hal_uart.o
    0x080039c0   0x080039c0   0x00000074   Code   RO         3013    i.UART_WaitOnFlagUntilTimeout  stm32f1xx_hal_uart.o
    0x08003a34   0x08003a34   0x0000004c   Code   RO           16    i.USART2_IRQHandler  main.o
    0x08003a80   0x08003a80   0x00000002   Code   RO          798    i.UsageFault_Handler  stm32f1xx_it.o
    0x08003a82   0x08003a82   0x00000028   Code   RO        29795    i.__ARM_fpclassify  m_ws.l(fpclassify.o)
    0x08003aaa   0x08003aaa   0x00000020   Code   RO         2444    i.__NVIC_SetPriority  stm32f1xx_hal_cortex.o
    0x08003aca   0x08003aca   0x0000000e   Code   RO        29665    i._is_digit         c_w.l(__printf_wp.o)
    0x08003ad8   0x08003ad8   0x00000024   Code   RO         3559    i.charging_station_ui_init  charging_station_ui.o
    0x08003afc   0x08003afc   0x000001e4   Code   RO         3560    i.charging_station_ui_task  charging_station_ui.o
    0x08003ce0   0x08003ce0   0x00000004   Code   RO         3735    i.delay_ms          lcd.o
    0x08003ce4   0x08003ce4   0x0000016c   Code   RO         3561    i.draw_charging_screen  charging_station_ui.o
    0x08003e50   0x08003e50   0x00000100   Code   RO         3562    i.draw_detail_screen  charging_station_ui.o
    0x08003f50   0x08003f50   0x000000a4   Code   RO         3563    i.draw_main_screen  charging_station_ui.o
    0x08003ff4   0x08003ff4   0x000000ac   Code   RO         3564    i.draw_menu_screen  charging_station_ui.o
    0x080040a0   0x080040a0   0x00000054   Code   RO         3565    i.draw_monitor_screen  charging_station_ui.o
    0x080040f4   0x080040f4   0x00000054   Code   RO         3566    i.draw_power_screen  charging_station_ui.o
    0x08004148   0x08004148   0x00000050   Code   RO         3567    i.draw_progress_bar  charging_station_ui.o
    0x08004198   0x08004198   0x00000054   Code   RO         3568    i.draw_settings_screen  charging_station_ui.o
    0x080041ec   0x080041ec   0x000001a8   Code   RO         3569    i.draw_station_card  charging_station_ui.o
    0x08004394   0x08004394   0x0000000c   Code   RO         3486    i.i2c_Delay         charge_control.o
    0x080043a0   0x080043a0   0x00000010   Code   RO         3405    i.lv_demo_task      lvgl_task.o
    0x080043b0   0x080043b0   0x00000034   Code   RO         3406    i.lvgl_task         lvgl_task.o
    0x080043e4   0x080043e4   0x00000060   Code   RO           17    i.main              main.o
    0x08004444   0x08004444   0x00000070   Code   RO        28799    i.prvAddCurrentTaskToDelayedList  tasks.o
    0x080044b4   0x080044b4   0x00000088   Code   RO        28800    i.prvAddNewTaskToReadyList  tasks.o
    0x0800453c   0x0800453c   0x0000003c   Code   RO        28801    i.prvCheckTasksWaitingTermination  tasks.o
    0x08004578   0x08004578   0x00000040   Code   RO        28802    i.prvDeleteTCB      tasks.o
    0x080045b8   0x080045b8   0x0000004c   Code   RO        29495    i.prvHeapInit       heap_4.o
    0x08004604   0x08004604   0x00000028   Code   RO        28803    i.prvIdleTask       tasks.o
    0x0800462c   0x0800462c   0x00000094   Code   RO        28804    i.prvInitialiseNewTask  tasks.o
    0x080046c0   0x080046c0   0x00000058   Code   RO        28805    i.prvInitialiseTaskLists  tasks.o
    0x08004718   0x08004718   0x00000054   Code   RO        29496    i.prvInsertBlockIntoFreeList  heap_4.o
    0x0800476c   0x0800476c   0x00000024   Code   RO        28806    i.prvResetNextTaskUnblockTime  tasks.o
    0x08004790   0x08004790   0x0000002c   Code   RO        29564    i.prvTaskExitError  port.o
    0x080047bc   0x080047bc   0x000000dc   Code   RO        29497    i.pvPortMalloc      heap_4.o
    0x08004898   0x08004898   0x0000001c   Code   RO        29565    i.pxPortInitialiseStack  port.o
    0x080048b4   0x080048b4   0x00000078   Code   RO         3570    i.read_key          charging_station_ui.o
    0x0800492c   0x0800492c   0x0000000c   Code   RO         3407    i.rs485_task        lvgl_task.o
    0x08004938   0x08004938   0x00000098   Code   RO         3408    i.start_task        lvgl_task.o
    0x080049d0   0x080049d0   0x00000098   Code   RO         3578    i.update_charge_mode_selection  charging_station_ui.o
    0x08004a68   0x08004a68   0x0000003c   Code   RO         3579    i.update_power      charging_station_ui.o
    0x08004aa4   0x08004aa4   0x00000058   Code   RO         3580    i.update_station_selection  charging_station_ui.o
    0x08004afc   0x08004afc   0x00000026   Code   RO        28428    i.uxListRemove      list.o
    0x08004b22   0x08004b22   0x00000002   PAD
    0x08004b24   0x08004b24   0x00000014   Code   RO          666    i.vApplicationGetIdleTaskMemory  freertos.o
    0x08004b38   0x08004b38   0x00000002   Code   RO          667    i.vApplicationTickHook  freertos.o
    0x08004b3a   0x08004b3a   0x00000016   Code   RO        28429    i.vListInitialise   list.o
    0x08004b50   0x08004b50   0x00000006   Code   RO        28430    i.vListInitialiseItem  list.o
    0x08004b56   0x08004b56   0x00000030   Code   RO        28431    i.vListInsert       list.o
    0x08004b86   0x08004b86   0x00000018   Code   RO        28432    i.vListInsertEnd    list.o
    0x08004b9e   0x08004b9e   0x00000002   PAD
    0x08004ba0   0x08004ba0   0x00000040   Code   RO        29567    i.vPortEnterCritical  port.o
    0x08004be0   0x08004be0   0x0000002c   Code   RO        29568    i.vPortExitCritical  port.o
    0x08004c0c   0x08004c0c   0x00000064   Code   RO        29498    i.vPortFree         heap_4.o
    0x08004c70   0x08004c70   0x00000024   Code   RO        29569    i.vPortSetupTimerInterrupt  port.o
    0x08004c94   0x08004c94   0x00000050   Code   RO        28815    i.vTaskDelay        tasks.o
    0x08004ce4   0x08004ce4   0x000000ac   Code   RO        28816    i.vTaskDelete       tasks.o
    0x08004d90   0x08004d90   0x00000088   Code   RO        28828    i.vTaskStartScheduler  tasks.o
    0x08004e18   0x08004e18   0x00000010   Code   RO        28830    i.vTaskSuspendAll   tasks.o
    0x08004e28   0x08004e28   0x00000060   Code   RO        28831    i.vTaskSwitchContext  tasks.o
    0x08004e88   0x08004e88   0x000000a8   Code   RO        29571    i.xPortStartScheduler  port.o
    0x08004f30   0x08004f30   0x00000064   Code   RO        28834    i.xTaskCreate       tasks.o
    0x08004f94   0x08004f94   0x0000005c   Code   RO        28835    i.xTaskCreateStatic  tasks.o
    0x08004ff0   0x08004ff0   0x000000dc   Code   RO        28842    i.xTaskIncrementTick  tasks.o
    0x080050cc   0x080050cc   0x000000cc   Code   RO        28848    i.xTaskResumeAll    tasks.o
    0x08005198   0x08005198   0x0000002c   Code   RO        29791    locale$$code        c_w.l(lc_numeric_c.o)
    0x080051c4   0x080051c4   0x0000000c   Code   RO        29730    x$fpl$dretinf       fz_ws.l(dretinf.o)
    0x080051d0   0x080051d0   0x00000056   Code   RO        29700    x$fpl$f2d           fz_ws.l(f2d.o)
    0x08005226   0x08005226   0x00000002   PAD
    0x08005228   0x08005228   0x00000036   Code   RO        29702    x$fpl$ffix          fz_ws.l(ffix.o)
    0x0800525e   0x0800525e   0x00000002   PAD
    0x08005260   0x08005260   0x0000003e   Code   RO        29706    x$fpl$ffixu         fz_ws.l(ffixu.o)
    0x0800529e   0x0800529e   0x00000002   PAD
    0x080052a0   0x080052a0   0x00000102   Code   RO        29710    x$fpl$fmul          fz_ws.l(fmul.o)
    0x080053a2   0x080053a2   0x0000008c   Code   RO        29732    x$fpl$fnaninf       fz_ws.l(fnaninf.o)
    0x0800542e   0x0800542e   0x0000000a   Code   RO        29734    x$fpl$fretinf       fz_ws.l(fretinf.o)
    0x08005438   0x08005438   0x00000004   Code   RO        29712    x$fpl$printf1       fz_ws.l(printf1.o)
    0x0800543c   0x0800543c   0x00000000   Code   RO        29736    x$fpl$usenofp       fz_ws.l(usenofp.o)
    0x0800543c   0x0800543c   0x00000012   Data   RO         2138    .constdata          stm32f1xx_hal_rcc.o
    0x0800544e   0x0800544e   0x00000010   Data   RO         3327    .constdata          system_stm32f1xx.o
    0x0800545e   0x0800545e   0x00000008   Data   RO         3328    .constdata          system_stm32f1xx.o
    0x08005466   0x08005466   0x00000002   PAD
    0x08005468   0x08005468   0x00000018   Data   RO         3582    .constdata          charging_station_ui.o
    0x08005480   0x08005480   0x000017c0   Data   RO         3742    .constdata          lcd.o
    0x08006c40   0x08006c40   0x00000011   Data   RO        29668    .constdata          c_w.l(__printf_flags_wp.o)
    0x08006c51   0x08006c51   0x00000003   PAD
    0x08006c54   0x08006c54   0x00000094   Data   RO        29766    .constdata          c_w.l(bigflt0.o)
    0x08006ce8   0x08006ce8   0x00000061   Data   RO         3583    .conststring        charging_station_ui.o
    0x08006d49   0x08006d49   0x00000003   PAD
    0x08006d4c   0x08006d4c   0x00000020   Data   RO        29938    Region$$Table       anon$$obj.o
    0x08006d6c   0x08006d6c   0x0000001c   Data   RO        29790    locale$$data        c_w.l(lc_numeric_c.o)


    Execution Region RW_IRAM1 (Exec base: 0x20000000, Load base: 0x08006d88, Size: 0x00002a10, Max: 0x00005000, ABSOLUTE, COMPRESSED[0x00000db8])

    Exec Addr    Load Addr    Size         Type   Attr      Idx    E Section Name        Object

    0x20000000   COMPRESSED   0x00000002   Data   RW           20    .data               main.o
    0x20000002   COMPRESSED   0x00000002   PAD
    0x20000004   COMPRESSED   0x0000000c   Data   RW         1974    .data               stm32f1xx_hal.o
    0x20000010   COMPRESSED   0x00000004   Data   RW         3329    .data               system_stm32f1xx.o
    0x20000014   COMPRESSED   0x00000007   Data   RW         3365    .data               rs485.o
    0x2000001b   COMPRESSED   0x00000001   PAD
    0x2000001c   COMPRESSED   0x00000020   Data   RW         3409    .data               lvgl_task.o
    0x2000003c   COMPRESSED   0x00000028   Data   RW         3584    .data               charging_station_ui.o
    0x20000064   COMPRESSED   0x00001208   Data   RW         3743    .data               lcd.o
    0x2000126c   COMPRESSED   0x0000003c   Data   RW        28851    .data               tasks.o
    0x200012a8   COMPRESSED   0x00000020   Data   RW        29504    .data               heap_4.o
    0x200012c8   COMPRESSED   0x0000000c   Data   RW        29572    .data               port.o
    0x200012d4        -       0x00000019   Zero   RW           18    .bss                main.o
    0x200012ed   COMPRESSED   0x00000003   PAD
    0x200012f0        -       0x00000254   Zero   RW          668    .bss                freertos.o
    0x20001544        -       0x000000d0   Zero   RW          747    .bss                usart.o
    0x20001614        -       0x00000048   Zero   RW          893    .bss                stm32f1xx_hal_timebase_tim.o
    0x2000165c        -       0x00000050   Zero   RW         3581    .bss                charging_station_ui.o
    0x200016ac        -       0x0000000e   Zero   RW         3741    .bss                lcd.o
    0x200016ba   COMPRESSED   0x00000002   PAD
    0x200016bc        -       0x000000f0   Zero   RW        28850    .bss                tasks.o
    0x200017ac        -       0x00000c00   Zero   RW        29503    .bss                heap_4.o
    0x200023ac        -       0x00000060   Zero   RW        29798    .bss                c_w.l(libspace.o)
    0x2000240c   COMPRESSED   0x00000004   PAD
    0x20002410        -       0x00000200   Zero   RW            2    HEAP                startup_stm32f103xb.o
    0x20002610        -       0x00000400   Zero   RW            1    STACK               startup_stm32f103xb.o


==============================================================================

Image component sizes


      Code (inc. data)   RO Data    RW Data    ZI Data      Debug   Object Name

       408         30          0          0          0       3857   charge_control.o
      2652        526        121         40         80      11433   charging_station_ui.o
        60          4          0          0          0        726   dma.o
         0          0          0          0          0      15492   event_groups.o
        22          4          0          0        596       1767   freertos.o
       344         18          0          0          0       1015   gpio.o
       480         26          0         32       3072       7343   heap_4.o
      2766        130       6080       4616         14      16896   lcd.o
       138          0          0          0          0       3318   list.o
         0          0          0          0          0       1472   lv_obj_tree.o
       428        114          0         32          0       5773   lvgl_task.o
       290         36          0          2         25     508051   main.o
       578         60          0         12          0      10116   port.o
       118         14          0          7          0       1786   rs485.o
        64         26        236          0       1536        792   startup_stm32f103xb.o
       100         18          0         12          0       5118   stm32f1xx_hal.o
       158         14          0          0          0      28182   stm32f1xx_hal_cortex.o
       690         34          0          0          0       4251   stm32f1xx_hal_dma.o
       524         32          0          0          0       3399   stm32f1xx_hal_gpio.o
        72         10          0          0          0        858   stm32f1xx_hal_msp.o
      1488         98         18          0          0       7061   stm32f1xx_hal_rcc.o
       616         26          0          0          0       6206   stm32f1xx_hal_tim.o
         4          0          0          0          0       1497   stm32f1xx_hal_tim_ex.o
       140         22          0          0         72       1411   stm32f1xx_hal_timebase_tim.o
      1216         20          0          0          0      11417   stm32f1xx_hal_uart.o
        48         18          0          0          0       3772   stm32f1xx_it.o
         2          0         24          4          0       1067   system_stm32f1xx.o
      1800        132          0         60        240      20799   tasks.o
       272         28          0          0        208       1784   usart.o

    ----------------------------------------------------------------------
     15496       1440       6516       4820       5848     686659   Object Totals
         0          0         32          0          0          0   (incl. Generated)
        18          0          5          3          5          0   (incl. Padding)

    ----------------------------------------------------------------------

      Code (inc. data)   RO Data    RW Data    ZI Data      Debug   Library Member Name

        90          0          0          0          0          0   __dczerorl2.o
         8          0          0          0          0         68   __main.o
       312          4         17          0          0         92   __printf_flags_wp.o
        14          0          0          0          0         68   __printf_wp.o
         0          0          0          0          0          0   __rtentry.o
        12          0          0          0          0          0   __rtentry2.o
         6          0          0          0          0          0   __rtentry4.o
        52          8          0          0          0          0   __scatter.o
        28          0          0          0          0          0   __scatter_zi.o
        48          6          0          0          0         96   _printf_char_common.o
         6          0          0          0          0          0   _printf_d.o
       120         16          0          0          0         92   _printf_dec.o
         6          0          0          0          0          0   _printf_f.o
      1054          0          0          0          0        216   _printf_fp_dec.o
       128         16          0          0          0         84   _printf_fp_infnan.o
       178          0          0          0          0         88   _printf_intcommon.o
        78          0          0          0          0        108   _printf_pad.o
         0          0          0          0          0          0   _printf_percent.o
         4          0          0          0          0          0   _printf_percent_end.o
        10          0          0          0          0         68   _sputc.o
       228          4        148          0          0         96   bigflt0.o
      1936        128          0          0          0        672   btod.o
        18          0          0          0          0         80   exit.o
         6          0          0          0          0        152   heapauxi.o
         0          0          0          0          0          0   indicate_semi.o
        44         10         28          0          0         76   lc_numeric_c.o
         2          0          0          0          0          0   libinit.o
        18          0          0          0          0          0   libinit2.o
         2          0          0          0          0          0   libshutdown.o
         2          0          0          0          0          0   libshutdown2.o
         8          4          0          0         96         68   libspace.o
       138          0          0          0          0         80   lludiv10.o
        40          6          0          0          0         84   noretval__2sprintf.o
         8          4          0          0          0         68   rt_locale_intlibspace.o
        78          0          0          0          0         80   rt_memclr_w.o
       138          0          0          0          0         68   rt_memcpy_v6.o
       100          0          0          0          0         80   rt_memcpy_w.o
         2          0          0          0          0          0   rtexit.o
        10          0          0          0          0          0   rtexit2.o
       128          0          0          0          0         68   strcmpv7m.o
        12          4          0          0          0         68   sys_exit.o
        74          0          0          0          0         80   sys_stackheap_outer.o
         2          0          0          0          0         68   use_no_semi.o
        12          0          0          0          0         68   dretinf.o
        86          4          0          0          0         84   f2d.o
        54          4          0          0          0         84   ffix.o
        62          4          0          0          0         84   ffixu.o
       258          4          0          0          0         84   fmul.o
       140          4          0          0          0         84   fnaninf.o
        10          0          0          0          0         68   fretinf.o
         4          0          0          0          0         68   printf1.o
         0          0          0          0          0          0   usenofp.o
        40          0          0          0          0         68   fpclassify.o

    ----------------------------------------------------------------------
      5832        230        196          0        100       3560   Library Totals
        18          0          3          0          4          0   (incl. Padding)

    ----------------------------------------------------------------------

      Code (inc. data)   RO Data    RW Data    ZI Data      Debug   Library Name

      5148        210        193          0         96       2868   c_w.l
       626         20          0          0          0        624   fz_ws.l
        40          0          0          0          0         68   m_ws.l

    ----------------------------------------------------------------------
      5832        230        196          0        100       3560   Library Totals

    ----------------------------------------------------------------------

==============================================================================


      Code (inc. data)   RO Data    RW Data    ZI Data      Debug   

     21328       1670       6712       4820       5948     680231   Grand Totals
     21328       1670       6712       3512       5948     680231   ELF Image Totals (compressed)
     21328       1670       6712       3512          0          0   ROM Totals

==============================================================================

    Total RO  Size (Code + RO Data)                28040 (  27.38kB)
    Total RW  Size (RW Data + ZI Data)             10768 (  10.52kB)
    Total ROM Size (Code + RO Data + RW Data)      31552 (  30.81kB)

==============================================================================

