<html>
<body>
<pre>
<h1>µVision Build Log</h1>
<h2>Tool Versions:</h2>
IDE-Version: ¦ÌVision V5.39.0.0
Copyright (C) 2023 ARM Ltd and ARM Germany GmbH. All rights reserved.
License Information: 1 Karl, 11, LIC=32B1Q-N7TGY-VE9HA-15YZH-4SU4I-HGY55
 
Tool Versions:
Toolchain:       MDK-ARM Plus  Version: 5.39.0.0
Toolchain Path:  C:\Keil_v5\ARM\ARMCC\Bin
C Compiler:      Armcc.exe V5.06 update 5 (build 528)
Assembler:       Armasm.exe V5.06 update 5 (build 528)
Linker/Locator:  ArmLink.exe V5.06 update 5 (build 528)
Library Manager: ArmAr.exe V5.06 update 5 (build 528)
Hex Converter:   FromElf.exe V5.06 update 5 (build 528)
CPU DLL:         SARMCM3.DLL V5.39.0.0
Dialog DLL:      DCM.DLL V1.17.5.0
Target DLL:      STLink\ST-LINKIII-KEIL_SWO.dll V3.2.0.0
Dialog DLL:      TCM.DLL V1.56.4.0
 
<h2>Project:</h2>
E:\Desktop\APM32\APM32_Master_Node\MDK-ARM\APM32_Master_Node.uvprojx
Project File Date:  07/16/2025

<h2>Output:</h2>
*** Using Compiler 'V5.06 update 5 (build 528)', folder: 'C:\Keil_v5\ARM\ARMCC\Bin'
Build target 'APM32_Master_Node'
Note: source file '..\lvgl\src\extra\widgets\imgbtn\lv_imgbtn.c' - object file renamed from 'APM32_Master_Node\lv_imgbtn.o' to 'APM32_Master_Node\lv_imgbtn_1.o'.
compiling LCD.c...
..\tft\LCD.c(26): warning:  #188-D: enumerated type mixed with another type
  		HAL_GPIO_WritePin(
PI_CS_GPIO_PORT,
PI_CS_PIN,0);//SPI_CS = 0;		
..\tft\LCD.c(27): warning:  #188-D: enumerated type mixed with another type
  		HAL_GPIO_WritePin(
PI_DC_GPIO_PORT,
PI_DC_PIN,0);//SPI_DC = 0;//RS=0 ÃüÁî
..\tft\LCD.c(32): warning:  #188-D: enumerated type mixed with another type
  			 HAL_GPIO_WritePin(
PI_SDI_GPIO_PORT,
PI_SDI_PIN,1);//SPI_SDI = 1;
..\tft\LCD.c(34): warning:  #188-D: enumerated type mixed with another type
  			 HAL_GPIO_WritePin(
PI_SDI_GPIO_PORT,
PI_SDI_PIN,0);//SPI_SDI = 0;
..\tft\LCD.c(37): warning:  #188-D: enumerated type mixed with another type
  			HAL_GPIO_WritePin(
PI_SCK_GPIO_PORT,
PI_SCK_PIN,0);//SPI_SCK = 0;		  
..\tft\LCD.c(38): warning:  #188-D: enumerated type mixed with another type
  			HAL_GPIO_WritePin(
PI_SCK_GPIO_PORT,
PI_SCK_PIN,1);//SPI_SCK = 1;
..\tft\LCD.c(40): warning:  #188-D: enumerated type mixed with another type
  		HAL_GPIO_WritePin(
PI_CS_GPIO_PORT,
PI_CS_PIN,1);//SPI_CS=1;				
..\tft\LCD.c(48): warning:  #188-D: enumerated type mixed with another type
  		HAL_GPIO_WritePin(
PI_CS_GPIO_PORT,
PI_CS_PIN,0);//SPI_CS = 0;		
..\tft\LCD.c(49): warning:  #188-D: enumerated type mixed with another type
  		HAL_GPIO_WritePin(
PI_DC_GPIO_PORT,
PI_DC_PIN,1);//SPI_DC = 1;//RS=1 Êý¾Ý
..\tft\LCD.c(54): warning:  #188-D: enumerated type mixed with another type
  			 		HAL_GPIO_WritePin(
PI_SDI_GPIO_PORT,
PI_SDI_PIN,1);//SPI_SDI = 1;
..\tft\LCD.c(56): warning:  #188-D: enumerated type mixed with another type
  			  HAL_GPIO_WritePin(
PI_SDI_GPIO_PORT,
PI_SDI_PIN,0);//SPI_SDI = 0;
..\tft\LCD.c(59): warning:  #188-D: enumerated type mixed with another type
  			HAL_GPIO_WritePin(
PI_SCK_GPIO_PORT,
PI_SCK_PIN,0);//SPI_SCK = 0;		  
..\tft\LCD.c(60): warning:  #188-D: enumerated type mixed with another type
  			HAL_GPIO_WritePin(
PI_SCK_GPIO_PORT,
PI_SCK_PIN,1);//SPI_SCK = 1;
..\tft\LCD.c(62): warning:  #188-D: enumerated type mixed with another type
  		HAL_GPIO_WritePin(
PI_CS_GPIO_PORT,
PI_CS_PIN,1);//SPI_CS=1;			
..\tft\LCD.c(85): warning:  #188-D: enumerated type mixed with another type
  	HAL_GPIO_WritePin(
PI_CS_GPIO_PORT,
PI_CS_PIN,0);//SPI_CS = 0;
..\tft\LCD.c(86): warning:  #188-D: enumerated type mixed with another type
  	HAL_GPIO_WritePin(
PI_DC_GPIO_PORT,
PI_DC_PIN,1);//SPI_DC = 1;
..\tft\LCD.c(91): warning:  #188-D: enumerated type mixed with another type
  		 HAL_GPIO_WritePin(
PI_SDI_GPIO_PORT,
PI_SDI_PIN,1);//SPI_SDI = 1;
..\tft\LCD.c(93): warning:  #188-D: enumerated type mixed with another type
  		 HAL_GPIO_WritePin(
PI_SDI_GPIO_PORT,
PI_SDI_PIN,0);//SPI_SDI = 0;
..\tft\LCD.c(96): warning:  #188-D: enumerated type mixed with another type
  			HAL_GPIO_WritePin(
PI_SCK_GPIO_PORT,
PI_SCK_PIN,0);//SPI_SCK = 0;		  
..\tft\LCD.c(97): warning:  #188-D: enumerated type mixed with another type
  			HAL_GPIO_WritePin(
PI_SCK_GPIO_PORT,
PI_SCK_PIN,1);//SPI_SCK = 1;
..\tft\LCD.c(99): warning:  #188-D: enumerated type mixed with another type
  		HAL_GPIO_WritePin(
PI_CS_GPIO_PORT,
PI_CS_PIN,1);//SPI_CS=1;			
..\tft\LCD.c(253): warning:  #188-D: enumerated type mixed with another type
  	HAL_GPIO_WritePin(
PI_RST_GPIO_PORT,
PI_RST_PIN,1);//SPI_RST=1;
..\tft\LCD.c(255): warning:  #188-D: enumerated type mixed with another type
  	HAL_GPIO_WritePin(
PI_RST_GPIO_PORT,
PI_RST_PIN,0);
..\tft\LCD.c(257): warning:  #188-D: enumerated type mixed with another type
  	HAL_GPIO_WritePin(
PI_RST_GPIO_PORT,
PI_RST_PIN,1);//SPI_RST=1;
..\tft\LCD.c(991): warning:  #188-D: enumerated type mixed with another type
  		HAL_GPIO_WritePin(
PI_CS_GPIO_PORT,
PI_CS_PIN,0);//SPI_CS=1;				
..\tft\LCD.c(1004): warning:  #1-D: last line of file ends without a newline
  }
..\tft\LCD.c: 26 warnings, 0 errors
linking...
Program Size: Code=10776 RO-data=6392 RW-data=3420 ZI-data=2172  
FromELF: creating hex file...
"APM32_Master_Node\APM32_Master_Node.axf" - 0 Error(s), 26 Warning(s).

<h2>Software Packages used:</h2>

Package Vendor: ARM
                http://www.keil.com/pack/ARM.CMSIS.5.9.0.pack
                ARM::CMSIS@5.9.0
                CMSIS (Common Microcontroller Software Interface Standard)
   * Component: CORE Version: 5.6.0

Package Vendor: Geehy
                https://www.geehy.com/uploads/tool/Geehy.APM32F1xx_DFP.1.1.0.pack
                Geehy::APM32F1xx_DFP@1.1.0
                Geehy Semiconductor APM32F1 Series Device Support, Drivers and Examples

<h2>Collection of Component include folders:</h2>
  ./RTE/_APM32_Master_Node
  D:/keil_pack/ARM/CMSIS/5.9.0/CMSIS/Core/Include
  D:/keil_pack/Geehy/APM32F1xx_DFP/1.1.0/Device/Device/Geehy/APM32F10x/Include

<h2>Collection of Component Files used:</h2>

   * Component: ARM::CMSIS:CORE@5.6.0
Build Time Elapsed:  00:00:07
</pre>
</body>
</html>
